Component: ARM Compiler 5.06 update 7 (build 960) Tool: armlink [4d3601]

==============================================================================

Section Cross References

    startup_stm32l432xx.o(STACK) refers (Special) to heapauxi.o(.text) for __use_two_region_memory
    startup_stm32l432xx.o(HEAP) refers (Special) to heapauxi.o(.text) for __use_two_region_memory
    startup_stm32l432xx.o(RESET) refers (Special) to heapauxi.o(.text) for __use_two_region_memory
    startup_stm32l432xx.o(RESET) refers to startup_stm32l432xx.o(STACK) for __initial_sp
    startup_stm32l432xx.o(RESET) refers to startup_stm32l432xx.o(.text) for Reset_Handler
    startup_stm32l432xx.o(RESET) refers to stm32l4xx_it.o(i.NMI_Handler) for NMI_Handler
    startup_stm32l432xx.o(RESET) refers to stm32l4xx_it.o(i.HardFault_Handler) for HardFault_Handler
    startup_stm32l432xx.o(RESET) refers to stm32l4xx_it.o(i.MemManage_Handler) for MemManage_Handler
    startup_stm32l432xx.o(RESET) refers to stm32l4xx_it.o(i.BusFault_Handler) for BusFault_Handler
    startup_stm32l432xx.o(RESET) refers to stm32l4xx_it.o(i.UsageFault_Handler) for UsageFault_Handler
    startup_stm32l432xx.o(RESET) refers to stm32l4xx_it.o(i.SVC_Handler) for SVC_Handler
    startup_stm32l432xx.o(RESET) refers to stm32l4xx_it.o(i.DebugMon_Handler) for DebugMon_Handler
    startup_stm32l432xx.o(RESET) refers to stm32l4xx_it.o(i.PendSV_Handler) for PendSV_Handler
    startup_stm32l432xx.o(RESET) refers to stm32l4xx_it.o(i.SysTick_Handler) for SysTick_Handler
    startup_stm32l432xx.o(RESET) refers to stm32l4xx_it.o(i.EXTI0_IRQHandler) for EXTI0_IRQHandler
    startup_stm32l432xx.o(.text) refers (Special) to heapauxi.o(.text) for __use_two_region_memory
    startup_stm32l432xx.o(.text) refers to system_stm32l4xx.o(i.SystemInit) for SystemInit
    startup_stm32l432xx.o(.text) refers to __main.o(!!!main) for __main
    startup_stm32l432xx.o(.text) refers to startup_stm32l432xx.o(HEAP) for Heap_Mem
    startup_stm32l432xx.o(.text) refers to startup_stm32l432xx.o(STACK) for Stack_Mem
    main.o(i.HAL_GPIO_EXTI_Callback) refers to stm32l4xx_hal.o(i.HAL_GetTick) for HAL_GetTick
    main.o(i.HAL_GPIO_EXTI_Callback) refers to stm32l4xx_hal_gpio.o(i.HAL_GPIO_ReadPin) for HAL_GPIO_ReadPin
    main.o(i.HAL_GPIO_EXTI_Callback) refers to main.o(.data) for .data
    main.o(i.SystemClock_Config) refers to rt_memclr_w.o(.text) for __aeabi_memclr4
    main.o(i.SystemClock_Config) refers to stm32l4xx_hal_pwr_ex.o(i.HAL_PWREx_ControlVoltageScaling) for HAL_PWREx_ControlVoltageScaling
    main.o(i.SystemClock_Config) refers to stm32l4xx_hal_pwr.o(i.HAL_PWR_EnableBkUpAccess) for HAL_PWR_EnableBkUpAccess
    main.o(i.SystemClock_Config) refers to stm32l4xx_hal_rcc.o(i.HAL_RCC_OscConfig) for HAL_RCC_OscConfig
    main.o(i.SystemClock_Config) refers to stm32l4xx_hal_rcc.o(i.HAL_RCC_ClockConfig) for HAL_RCC_ClockConfig
    main.o(i.SystemClock_Config) refers to stm32l4xx_hal_rcc_ex.o(i.HAL_RCCEx_EnableMSIPLLMode) for HAL_RCCEx_EnableMSIPLLMode
    main.o(i.main) refers to _printf_percent.o(.ARM.Collect$$_printf_percent$$00000000) for _printf_percent
    main.o(i.main) refers to _printf_s.o(.ARM.Collect$$_printf_percent$$00000014) for _printf_s
    main.o(i.main) refers to _printf_str.o(.text) for _printf_str
    main.o(i.main) refers to _printf_u.o(.ARM.Collect$$_printf_percent$$0000000A) for _printf_u
    main.o(i.main) refers to _printf_dec.o(.text) for _printf_int_dec
    main.o(i.main) refers to stm32l4xx_hal.o(i.HAL_Init) for HAL_Init
    main.o(i.main) refers to main.o(i.SystemClock_Config) for SystemClock_Config
    main.o(i.main) refers to gpio.o(i.MX_GPIO_Init) for MX_GPIO_Init
    main.o(i.main) refers to i2c.o(i.MX_I2C1_Init) for MX_I2C1_Init
    main.o(i.main) refers to tim.o(i.MX_TIM1_Init) for MX_TIM1_Init
    main.o(i.main) refers to usart.o(i.MX_USART2_UART_Init) for MX_USART2_UART_Init
    main.o(i.main) refers to stm32l4xx_hal.o(i.HAL_Delay) for HAL_Delay
    main.o(i.main) refers to vl53l1x_api.o(i.VL53L1X_BootState) for VL53L1X_BootState
    main.o(i.main) refers to vl53l1x_api.o(i.VL53L1X_SensorInit) for VL53L1X_SensorInit
    main.o(i.main) refers to vl53l1x_api.o(i.VL53L1X_SetDistanceMode) for VL53L1X_SetDistanceMode
    main.o(i.main) refers to vl53l1x_api.o(i.VL53L1X_SetTimingBudgetInMs) for VL53L1X_SetTimingBudgetInMs
    main.o(i.main) refers to vl53l1x_api.o(i.VL53L1X_SetInterMeasurementInMs) for VL53L1X_SetInterMeasurementInMs
    main.o(i.main) refers to vl53l1x_api.o(i.VL53L1X_StartRanging) for VL53L1X_StartRanging
    main.o(i.main) refers to stm32l4xx_hal_tim.o(i.HAL_TIM_PWM_Start) for HAL_TIM_PWM_Start
    main.o(i.main) refers to vl53l1x_api.o(i.VL53L1X_CheckForDataReady) for VL53L1X_CheckForDataReady
    main.o(i.main) refers to vl53l1x_api.o(i.VL53L1X_GetDistance) for VL53L1X_GetDistance
    main.o(i.main) refers to vl53l1x_api.o(i.VL53L1X_ClearInterrupt) for VL53L1X_ClearInterrupt
[...]
    ..\Drivers\BSP\VL53L1X\platform\vl53l1_platform.c 0x00000000   Number         0  vl53l1_platform.o ABSOLUTE
    ..\Drivers\STM32L4xx_HAL_Driver\Src\stm32l4xx_hal.c 0x00000000   Number         0  stm32l4xx_hal.o ABSOLUTE
    ..\Drivers\STM32L4xx_HAL_Driver\Src\stm32l4xx_hal_cortex.c 0x00000000   Number         0  stm32l4xx_hal_cortex.o ABSOLUTE
    ..\Drivers\STM32L4xx_HAL_Driver\Src\stm32l4xx_hal_dma.c 0x00000000   Number         0  stm32l4xx_hal_dma.o ABSOLUTE
    ..\Drivers\STM32L4xx_HAL_Driver\Src\stm32l4xx_hal_dma_ex.c 0x00000000   Number         0  stm32l4xx_hal_dma_ex.o ABSOLUTE
    ..\Drivers\STM32L4xx_HAL_Driver\Src\stm32l4xx_hal_exti.c 0x00000000   Number         0  stm32l4xx_hal_exti.o ABSOLUTE
    ..\Drivers\STM32L4xx_HAL_Driver\Src\stm32l4xx_hal_flash.c 0x00000000   Number         0  stm32l4xx_hal_flash.o ABSOLUTE
    ..\Drivers\STM32L4xx_HAL_Driver\Src\stm32l4xx_hal_flash_ex.c 0x00000000   Number         0  stm32l4xx_hal_flash_ex.o ABSOLUTE
    ..\Drivers\STM32L4xx_HAL_Driver\Src\stm32l4xx_hal_flash_ramfunc.c 0x00000000   Number         0  stm32l4xx_hal_flash_ramfunc.o ABSOLUTE
    ..\Drivers\STM32L4xx_HAL_Driver\Src\stm32l4xx_hal_gpio.c 0x00000000   Number         0  stm32l4xx_hal_gpio.o ABSOLUTE
    ..\Drivers\STM32L4xx_HAL_Driver\Src\stm32l4xx_hal_i2c.c 0x00000000   Number         0  stm32l4xx_hal_i2c.o ABSOLUTE
    ..\Drivers\STM32L4xx_HAL_Driver\Src\stm32l4xx_hal_i2c_ex.c 0x00000000   Number         0  stm32l4xx_hal_i2c_ex.o ABSOLUTE
    ..\Drivers\STM32L4xx_HAL_Driver\Src\stm32l4xx_hal_pwr.c 0x00000000   Number         0  stm32l4xx_hal_pwr.o ABSOLUTE
    ..\Drivers\STM32L4xx_HAL_Driver\Src\stm32l4xx_hal_pwr_ex.c 0x00000000   Number         0  stm32l4xx_hal_pwr_ex.o ABSOLUTE
    ..\Drivers\STM32L4xx_HAL_Driver\Src\stm32l4xx_hal_rcc.c 0x00000000   Number         0  stm32l4xx_hal_rcc.o ABSOLUTE
    ..\Drivers\STM32L4xx_HAL_Driver\Src\stm32l4xx_hal_rcc_ex.c 0x00000000   Number         0  stm32l4xx_hal_rcc_ex.o ABSOLUTE
    ..\Drivers\STM32L4xx_HAL_Driver\Src\stm32l4xx_hal_tim.c 0x00000000   Number         0  stm32l4xx_hal_tim.o ABSOLUTE
    ..\Drivers\STM32L4xx_HAL_Driver\Src\stm32l4xx_hal_tim_ex.c 0x00000000   Number         0  stm32l4xx_hal_tim_ex.o ABSOLUTE
    ..\Drivers\STM32L4xx_HAL_Driver\Src\stm32l4xx_hal_uart.c 0x00000000   Number         0  stm32l4xx_hal_uart.o ABSOLUTE
    ..\Drivers\STM32L4xx_HAL_Driver\Src\stm32l4xx_hal_uart_ex.c 0x00000000   Number         0  stm32l4xx_hal_uart_ex.o ABSOLUTE
    ..\\Drivers\\BSP\\VL53L1X\\core\\VL53L1X_api.c 0x00000000   Number         0  vl53l1x_api.o ABSOLUTE
    ..\\Drivers\\BSP\\VL53L1X\\core\\VL53L1X_calibration.c 0x00000000   Number         0  vl53l1x_calibration.o ABSOLUTE
    ..\\Drivers\\BSP\\VL53L1X\\platform\\vl53l1_platform.c 0x00000000   Number         0  vl53l1_platform.o ABSOLUTE
    dc.s                                     0x00000000   Number         0  dc.o ABSOLUTE
    startup_stm32l432xx.s                    0x00000000   Number         0  startup_stm32l432xx.o ABSOLUTE
    RESET                                    0x08000000   Section      396  startup_stm32l432xx.o(RESET)
    !!!main                                  0x0800018c   Section        8  __main.o(!!!main)
    !!!scatter                               0x08000194   Section       52  __scatter.o(!!!scatter)
    !!handler_copy                           0x080001c8   Section       26  __scatter_copy.o(!!handler_copy)
    !!handler_zi                             0x080001e4   Section       28  __scatter_zi.o(!!handler_zi)
    .ARM.Collect$$_printf_percent$$00000000  0x08000200   Section        0  _printf_percent.o(.ARM.Collect$$_printf_percent$$00000000)
    .ARM.Collect$$_printf_percent$$0000000A  0x08000200   Section        6  _printf_u.o(.ARM.Collect$$_printf_percent$$0000000A)
    .ARM.Collect$$_printf_percent$$00000014  0x08000206   Section        6  _printf_s.o(.ARM.Collect$$_printf_percent$$00000014)
    .ARM.Collect$$_printf_percent$$00000017  0x0800020c   Section        4  _printf_percent_end.o(.ARM.Collect$$_printf_percent$$00000017)
    .ARM.Collect$$libinit$$00000000          0x08000210   Section        2  libinit.o(.ARM.Collect$$libinit$$00000000)
    .ARM.Collect$$libinit$$00000001          0x08000212   Section        4  libinit2.o(.ARM.Collect$$libinit$$00000001)
    .ARM.Collect$$libinit$$00000004          0x08000216   Section        0  libinit2.o(.ARM.Collect$$libinit$$00000004)
    .ARM.Collect$$libinit$$0000000A          0x08000216   Section        0  libinit2.o(.ARM.Collect$$libinit$$0000000A)
    .ARM.Collect$$libinit$$0000000C          0x08000216   Section        0  libinit2.o(.ARM.Collect$$libinit$$0000000C)
    .ARM.Collect$$libinit$$0000000E          0x08000216   Section        0  libinit2.o(.ARM.Collect$$libinit$$0000000E)
    .ARM.Collect$$libinit$$00000011          0x08000216   Section        0  libinit2.o(.ARM.Collect$$libinit$$00000011)
    .ARM.Collect$$libinit$$00000013          0x08000216   Section        0  libinit2.o(.ARM.Collect$$libinit$$00000013)
    .ARM.Collect$$libinit$$00000015          0x08000216   Section        0  libinit2.o(.ARM.Collect$$libinit$$00000015)
    .ARM.Collect$$libinit$$00000017          0x08000216   Section        0  libinit2.o(.ARM.Collect$$libinit$$00000017)
    .ARM.Collect$$libinit$$00000019          0x08000216   Section        0  libinit2.o(.ARM.Collect$$libinit$$00000019)
    .ARM.Collect$$libinit$$0000001B          0x08000216   Section        0  libinit2.o(.ARM.Collect$$libinit$$0000001B)
    .ARM.Collect$$libinit$$0000001D          0x08000216   Section        0  libinit2.o(.ARM.Collect$$libinit$$0000001D)
    .ARM.Collect$$libinit$$0000001F          0x08000216   Section        0  libinit2.o(.ARM.Collect$$libinit$$0000001F)
    .ARM.Collect$$libinit$$00000021          0x08000216   Section        0  libinit2.o(.ARM.Collect$$libinit$$00000021)
    .ARM.Collect$$libinit$$00000023          0x08000216   Section        0  libinit2.o(.ARM.Collect$$libinit$$00000023)
    .ARM.Collect$$libinit$$00000025          0x08000216   Section        0  libinit2.o(.ARM.Collect$$libinit$$00000025)
    .ARM.Collect$$libinit$$0000002C          0x08000216   Section        0  libinit2.o(.ARM.Collect$$libinit$$0000002C)
    .ARM.Collect$$libinit$$0000002E          0x08000216   Section        0  libinit2.o(.ARM.Collect$$libinit$$0000002E)
    .ARM.Collect$$libinit$$00000030          0x08000216   Section        0  libinit2.o(.ARM.Collect$$libinit$$00000030)
    .ARM.Collect$$libinit$$00000032          0x08000216   Section        0  libinit2.o(.ARM.Collect$$libinit$$00000032)
    .ARM.Collect$$libinit$$00000033          0x08000216   Section        2  libinit2.o(.ARM.Collect$$libinit$$00000033)
    .ARM.Collect$$libshutdown$$00000000      0x08000218   Section        2  libshutdown.o(.ARM.Collect$$libshutdown$$00000000)
    .ARM.Collect$$libshutdown$$00000002      0x0800021a   Section        0  libshutdown2.o(.ARM.Collect$$libshutdown$$00000002)
    .ARM.Collect$$libshutdown$$00000004      0x0800021a   Section        0  libshutdown2.o(.ARM.Collect$$libshutdown$$00000004)
    .ARM.Collect$$libshutdown$$00000006      0x0800021a   Section        0  libshutdown2.o(.ARM.Collect$$libshutdown$$00000006)
    .ARM.Collect$$libshutdown$$00000009      0x0800021a   Section        0  libshutdown2.o(.ARM.Collect$$libshutdown$$00000009)
    .ARM.Collect$$libshutdown$$0000000C      0x0800021a   Section        0  libshutdown2.o(.ARM.Collect$$libshutdown$$0000000C)
    .ARM.Collect$$libshutdown$$0000000E      0x0800021a   Section        0  libshutdown2.o(.ARM.Collect$$libshutdown$$0000000E)
    .ARM.Collect$$libshutdown$$00000011      0x0800021a   Section        0  libshutdown2.o(.ARM.Collect$$libshutdown$$00000011)
    .ARM.Collect$$libshutdown$$00000012      0x0800021a   Section        2  libshutdown2.o(.ARM.Collect$$libshutdown$$00000012)
    .ARM.Collect$$rtentry$$00000000          0x0800021c   Section        0  __rtentry.o(.ARM.Collect$$rtentry$$00000000)
    .ARM.Collect$$rtentry$$00000002          0x0800021c   Section        0  __rtentry2.o(.ARM.Collect$$rtentry$$00000002)
    .ARM.Collect$$rtentry$$00000004          0x0800021c   Section        6  __rtentry4.o(.ARM.Collect$$rtentry$$00000004)
    .ARM.Collect$$rtentry$$00000009          0x08000222   Section        0  __rtentry2.o(.ARM.Collect$$rtentry$$00000009)
    .ARM.Collect$$rtentry$$0000000A          0x08000222   Section        4  __rtentry2.o(.ARM.Collect$$rtentry$$0000000A)
    .ARM.Collect$$rtentry$$0000000C          0x08000226   Section        0  __rtentry2.o(.ARM.Collect$$rtentry$$0000000C)
    .ARM.Collect$$rtentry$$0000000D          0x08000226   Section        8  __rtentry2.o(.ARM.Collect$$rtentry$$0000000D)
    .ARM.Collect$$rtexit$$00000000           0x0800022e   Section        2  rtexit.o(.ARM.Collect$$rtexit$$00000000)
    .ARM.Collect$$rtexit$$00000002           0x08000230   Section        0  rtexit2.o(.ARM.Collect$$rtexit$$00000002)
    .ARM.Collect$$rtexit$$00000003           0x08000230   Section        4  rtexit2.o(.ARM.Collect$$rtexit$$00000003)
    .ARM.Collect$$rtexit$$00000004           0x08000234   Section        6  rtexit2.o(.ARM.Collect$$rtexit$$00000004)
    .text                                    0x0800023c   Section       64  startup_stm32l432xx.o(.text)
    $v0                                      0x0800023c   Number         0  startup_stm32l432xx.o(.text)
    .text                                    0x0800027c   Section      238  lludivv7m.o(.text)
    .text                                    0x0800036c   Section        0  __2snprintf.o(.text)
    .text                                    0x080003a4   Section        0  __printf.o(.text)
    .text                                    0x0800040c   Section        0  _printf_str.o(.text)
    .text                                    0x08000460   Section        0  _printf_dec.o(.text)
    .text                                    0x080004d8   Section       78  rt_memclr_w.o(.text)
    .text                                    0x08000526   Section        0  heapauxi.o(.text)
    .text                                    0x0800052c   Section        0  _printf_intcommon.o(.text)
    .text                                    0x080005e0   Section        0  _printf_char_common.o(.text)
    _printf_input_char                       0x080005e1   Thumb Code    10  _printf_char_common.o(.text)
    .text                                    0x08000610   Section        0  _sputc.o(.text)
    .text                                    0x0800061a   Section        0  _snputc.o(.text)
    .text                                    0x0800062a   Section        0  _printf_char.o(.text)
    .text                                    0x08000656   Section       74  sys_stackheap_outer.o(.text)
    .text                                    0x080006a0   Section        0  exit.o(.text)
    .text                                    0x080006b4   Section        8  libspace.o(.text)
    .text                                    0x080006bc   Section        0  sys_exit.o(.text)
    .text                                    0x080006c8   Section        2  use_no_semi.o(.text)
    .text                                    0x080006ca   Section        0  indicate_semi.o(.text)
    i.BusFault_Handler                       0x080006ca   Section        0  stm32l4xx_it.o(i.BusFault_Handler)
    i.DebugMon_Handler                       0x080006cc   Section        0  stm32l4xx_it.o(i.DebugMon_Handler)
    i.EXTI0_IRQHandler                       0x080006ce   Section        0  stm32l4xx_it.o(i.EXTI0_IRQHandler)
    i.Error_Handler                          0x080006d4   Section        0  main.o(i.Error_Handler)
    i.HAL_Delay                              0x080006d8   Section        0  stm32l4xx_hal.o(i.HAL_Delay)
    i.HAL_GPIO_EXTI_Callback                 0x080006fc   Section        0  main.o(i.HAL_GPIO_EXTI_Callback)
    i.HAL_GPIO_EXTI_IRQHandler               0x08000738   Section        0  stm32l4xx_hal_gpio.o(i.HAL_GPIO_EXTI_IRQHandler)
    i.HAL_GPIO_Init                          0x08000750   Section        0  stm32l4xx_hal_gpio.o(i.HAL_GPIO_Init)
    i.HAL_GPIO_ReadPin                       0x08000952   Section        0  stm32l4xx_hal_gpio.o(i.HAL_GPIO_ReadPin)
    i.HAL_GPIO_TogglePin                     0x0800095c   Section        0  stm32l4xx_hal_gpio.o(i.HAL_GPIO_TogglePin)
    i.HAL_GPIO_WritePin                      0x0800096c   Section        0  stm32l4xx_hal_gpio.o(i.HAL_GPIO_WritePin)
    i.HAL_GetTick                            0x08000978   Section        0  stm32l4xx_hal.o(i.HAL_GetTick)
    i.HAL_I2CEx_ConfigAnalogFilter           0x08000984   Section        0  stm32l4xx_hal_i2c_ex.o(i.HAL_I2CEx_ConfigAnalogFilter)
    i.HAL_I2CEx_ConfigDigitalFilter          0x080009da   Section        0  stm32l4xx_hal_i2c_ex.o(i.HAL_I2CEx_ConfigDigitalFilter)
    i.HAL_I2C_Init                           0x08000a2c   Section        0  stm32l4xx_hal_i2c.o(i.HAL_I2C_Init)
    i.HAL_I2C_Mem_Read                       0x08000ae4   Section        0  stm32l4xx_hal_i2c.o(i.HAL_I2C_Mem_Read)
    i.HAL_I2C_Mem_Write                      0x08000c50   Section        0  stm32l4xx_hal_i2c.o(i.HAL_I2C_Mem_Write)
    i.HAL_I2C_MspInit                        0x08000db0   Section        0  i2c.o(i.HAL_I2C_MspInit)
    i.HAL_IncTick                            0x08000e30   Section        0  stm32l4xx_hal.o(i.HAL_IncTick)
    i.HAL_Init                               0x08000e40   Section        0  stm32l4xx_hal.o(i.HAL_Init)
    i.HAL_InitTick                           0x08000e60   Section        0  stm32l4xx_hal.o(i.HAL_InitTick)
    i.HAL_MspInit                            0x08000ea4   Section        0  stm32l4xx_hal_msp.o(i.HAL_MspInit)
    i.HAL_NVIC_EnableIRQ                     0x08000ed0   Section        0  stm32l4xx_hal_cortex.o(i.HAL_NVIC_EnableIRQ)
    i.HAL_NVIC_SetPriority                   0x08000eec   Section        0  stm32l4xx_hal_cortex.o(i.HAL_NVIC_SetPriority)
    i.HAL_NVIC_SetPriorityGrouping           0x08000f2c   Section        0  stm32l4xx_hal_cortex.o(i.HAL_NVIC_SetPriorityGrouping)
    i.HAL_PWREx_ControlVoltageScaling        0x08000f50   Section        0  stm32l4xx_hal_pwr_ex.o(i.HAL_PWREx_ControlVoltageScaling)
    i.HAL_PWREx_GetVoltageRange              0x08000fb8   Section        0  stm32l4xx_hal_pwr_ex.o(i.HAL_PWREx_GetVoltageRange)
    i.HAL_PWR_EnableBkUpAccess               0x08000fc8   Section        0  stm32l4xx_hal_pwr.o(i.HAL_PWR_EnableBkUpAccess)
    i.HAL_RCCEx_EnableMSIPLLMode             0x08000fd8   Section        0  stm32l4xx_hal_rcc_ex.o(i.HAL_RCCEx_EnableMSIPLLMode)
    i.HAL_RCCEx_PeriphCLKConfig              0x08000fe8   Section        0  stm32l4xx_hal_rcc_ex.o(i.HAL_RCCEx_PeriphCLKConfig)
    i.HAL_RCC_ClockConfig                    0x08001274   Section        0  stm32l4xx_hal_rcc.o(i.HAL_RCC_ClockConfig)
    i.HAL_RCC_GetPCLK1Freq                   0x080013b8   Section        0  stm32l4xx_hal_rcc.o(i.HAL_RCC_GetPCLK1Freq)
    i.HAL_RCC_GetPCLK2Freq                   0x080013dc   Section        0  stm32l4xx_hal_rcc.o(i.HAL_RCC_GetPCLK2Freq)
    i.HAL_RCC_GetSysClockFreq                0x08001400   Section        0  stm32l4xx_hal_rcc.o(i.HAL_RCC_GetSysClockFreq)
    i.HAL_RCC_OscConfig                      0x080014a4   Section        0  stm32l4xx_hal_rcc.o(i.HAL_RCC_OscConfig)
    i.HAL_SYSTICK_Config                     0x08001a04   Section        0  stm32l4xx_hal_cortex.o(i.HAL_SYSTICK_Config)
    i.HAL_TIMEx_ConfigBreakDeadTime          0x08001a2c   Section        0  stm32l4xx_hal_tim_ex.o(i.HAL_TIMEx_ConfigBreakDeadTime)
    i.HAL_TIMEx_MasterConfigSynchronization  0x08001ab0   Section        0  stm32l4xx_hal_tim_ex.o(i.HAL_TIMEx_MasterConfigSynchronization)
    i.HAL_TIM_Base_Init                      0x08001b1c   Section        0  stm32l4xx_hal_tim.o(i.HAL_TIM_Base_Init)
    i.HAL_TIM_Base_MspInit                   0x08001b80   Section        0  tim.o(i.HAL_TIM_Base_MspInit)
    i.HAL_TIM_ConfigClockSource              0x08001ba8   Section        0  stm32l4xx_hal_tim.o(i.HAL_TIM_ConfigClockSource)
    i.HAL_TIM_MspPostInit                    0x08001c88   Section        0  tim.o(i.HAL_TIM_MspPostInit)
    i.HAL_TIM_PWM_ConfigChannel              0x08001cdc   Section        0  stm32l4xx_hal_tim.o(i.HAL_TIM_PWM_ConfigChannel)
    i.HAL_TIM_PWM_Init                       0x08001e00   Section        0  stm32l4xx_hal_tim.o(i.HAL_TIM_PWM_Init)
    i.HAL_TIM_PWM_MspInit                    0x08001e62   Section        0  stm32l4xx_hal_tim.o(i.HAL_TIM_PWM_MspInit)
    i.HAL_TIM_PWM_Start                      0x08001e64   Section        0  stm32l4xx_hal_tim.o(i.HAL_TIM_PWM_Start)
    i.HAL_UART_Init                          0x08001f34   Section        0  stm32l4xx_hal_uart.o(i.HAL_UART_Init)
    i.HAL_UART_MspInit                       0x08001f9c   Section        0  usart.o(i.HAL_UART_MspInit)
    i.HAL_UART_Transmit                      0x0800202c   Section        0  stm32l4xx_hal_uart.o(i.HAL_UART_Transmit)
    i.HardFault_Handler                      0x080020e2   Section        0  stm32l4xx_it.o(i.HardFault_Handler)
    i.I2C_Flush_TXDR                         0x080020e4   Section        0  stm32l4xx_hal_i2c.o(i.I2C_Flush_TXDR)
    I2C_Flush_TXDR                           0x080020e5   Thumb Code    34  stm32l4xx_hal_i2c.o(i.I2C_Flush_TXDR)
    i.I2C_IsErrorOccurred                    0x08002108   Section        0  stm32l4xx_hal_i2c.o(i.I2C_IsErrorOccurred)
    I2C_IsErrorOccurred                      0x08002109   Thumb Code   284  stm32l4xx_hal_i2c.o(i.I2C_IsErrorOccurred)
    i.I2C_RequestMemoryRead                  0x08002228   Section        0  stm32l4xx_hal_i2c.o(i.I2C_RequestMemoryRead)
    I2C_RequestMemoryRead                    0x08002229   Thumb Code    94  stm32l4xx_hal_i2c.o(i.I2C_RequestMemoryRead)
    i.I2C_RequestMemoryWrite                 0x0800228c   Section        0  stm32l4xx_hal_i2c.o(i.I2C_RequestMemoryWrite)
    I2C_RequestMemoryWrite                   0x0800228d   Thumb Code    94  stm32l4xx_hal_i2c.o(i.I2C_RequestMemoryWrite)
    i.I2C_TransferConfig                     0x080022f0   Section        0  stm32l4xx_hal_i2c.o(i.I2C_TransferConfig)
    I2C_TransferConfig                       0x080022f1   Thumb Code    44  stm32l4xx_hal_i2c.o(i.I2C_TransferConfig)
    i.I2C_WaitOnFlagUntilTimeout             0x08002320   Section        0  stm32l4xx_hal_i2c.o(i.I2C_WaitOnFlagUntilTimeout)
    I2C_WaitOnFlagUntilTimeout               0x08002321   Thumb Code    88  stm32l4xx_hal_i2c.o(i.I2C_WaitOnFlagUntilTimeout)
    i.I2C_WaitOnSTOPFlagUntilTimeout         0x08002378   Section        0  stm32l4xx_hal_i2c.o(i.I2C_WaitOnSTOPFlagUntilTimeout)
    I2C_WaitOnSTOPFlagUntilTimeout           0x08002379   Thumb Code    76  stm32l4xx_hal_i2c.o(i.I2C_WaitOnSTOPFlagUntilTimeout)
    i.I2C_WaitOnTXISFlagUntilTimeout         0x080023c4   Section        0  stm32l4xx_hal_i2c.o(i.I2C_WaitOnTXISFlagUntilTimeout)
    I2C_WaitOnTXISFlagUntilTimeout           0x080023c5   Thumb Code    80  stm32l4xx_hal_i2c.o(i.I2C_WaitOnTXISFlagUntilTimeout)
    i.MX_GPIO_Init                           0x08002414   Section        0  gpio.o(i.MX_GPIO_Init)
    i.MX_I2C1_Init                           0x080024c0   Section        0  i2c.o(i.MX_I2C1_Init)
    i.MX_TIM1_Init                           0x08002518   Section        0  tim.o(i.MX_TIM1_Init)
    i.MX_USART2_UART_Init                    0x080025f0   Section        0  usart.o(i.MX_USART2_UART_Init)
    i.MemManage_Handler                      0x0800262c   Section        0  stm32l4xx_it.o(i.MemManage_Handler)
    i.NMI_Handler                            0x0800262e   Section        0  stm32l4xx_it.o(i.NMI_Handler)
    i.PendSV_Handler                         0x08002630   Section        0  stm32l4xx_it.o(i.PendSV_Handler)
    i.RCCEx_PLLSAI1_Config                   0x08002634   Section        0  stm32l4xx_hal_rcc_ex.o(i.RCCEx_PLLSAI1_Config)
    RCCEx_PLLSAI1_Config                     0x08002635   Thumb Code   278  stm32l4xx_hal_rcc_ex.o(i.RCCEx_PLLSAI1_Config)
    i.RCC_SetFlashLatencyFromMSIRange        0x08002760   Section        0  stm32l4xx_hal_rcc.o(i.RCC_SetFlashLatencyFromMSIRange)
    RCC_SetFlashLatencyFromMSIRange          0x08002761   Thumb Code   116  stm32l4xx_hal_rcc.o(i.RCC_SetFlashLatencyFromMSIRange)
    i.SVC_Handler                            0x080027dc   Section        0  stm32l4xx_it.o(i.SVC_Handler)
    i.SysTick_Handler                        0x080027de   Section        0  stm32l4xx_it.o(i.SysTick_Handler)
    i.SystemClock_Config                     0x080027e4   Section        0  main.o(i.SystemClock_Config)
    i.SystemInit                             0x08002870   Section        0  system_stm32l4xx.o(i.SystemInit)
    i.TIM_Base_SetConfig                     0x08002880   Section        0  stm32l4xx_hal_tim.o(i.TIM_Base_SetConfig)
    i.TIM_CCxChannelCmd                      0x080028ec   Section        0  stm32l4xx_hal_tim.o(i.TIM_CCxChannelCmd)
    i.TIM_ETR_SetConfig                      0x08002906   Section        0  stm32l4xx_hal_tim.o(i.TIM_ETR_SetConfig)
    i.TIM_ITRx_SetConfig                     0x0800291a   Section        0  stm32l4xx_hal_tim.o(i.TIM_ITRx_SetConfig)
    TIM_ITRx_SetConfig                       0x0800291b   Thumb Code    16  stm32l4xx_hal_tim.o(i.TIM_ITRx_SetConfig)
    i.TIM_OC1_SetConfig                      0x0800292c   Section        0  stm32l4xx_hal_tim.o(i.TIM_OC1_SetConfig)
    TIM_OC1_SetConfig                        0x0800292d   Thumb Code   104  stm32l4xx_hal_tim.o(i.TIM_OC1_SetConfig)
    i.TIM_OC2_SetConfig                      0x080029a4   Section        0  stm32l4xx_hal_tim.o(i.TIM_OC2_SetConfig)
    i.TIM_OC3_SetConfig                      0x08002a1c   Section        0  stm32l4xx_hal_tim.o(i.TIM_OC3_SetConfig)
    TIM_OC3_SetConfig                        0x08002a1d   Thumb Code   100  stm32l4xx_hal_tim.o(i.TIM_OC3_SetConfig)
    i.TIM_OC4_SetConfig                      0x08002a90   Section        0  stm32l4xx_hal_tim.o(i.TIM_OC4_SetConfig)
    TIM_OC4_SetConfig                        0x08002a91   Thumb Code    80  stm32l4xx_hal_tim.o(i.TIM_OC4_SetConfig)
    i.TIM_OC5_SetConfig                      0x08002af0   Section        0  stm32l4xx_hal_tim.o(i.TIM_OC5_SetConfig)
    TIM_OC5_SetConfig                        0x08002af1   Thumb Code    74  stm32l4xx_hal_tim.o(i.TIM_OC5_SetConfig)
    i.TIM_OC6_SetConfig                      0x08002b4c   Section        0  stm32l4xx_hal_tim.o(i.TIM_OC6_SetConfig)
    TIM_OC6_SetConfig                        0x08002b4d   Thumb Code    76  stm32l4xx_hal_tim.o(i.TIM_OC6_SetConfig)
    i.TIM_TI1_ConfigInputStage               0x08002ba8   Section        0  stm32l4xx_hal_tim.o(i.TIM_TI1_ConfigInputStage)
    TIM_TI1_ConfigInputStage                 0x08002ba9   Thumb Code    34  stm32l4xx_hal_tim.o(i.TIM_TI1_ConfigInputStage)
    i.TIM_TI2_ConfigInputStage               0x08002bca   Section        0  stm32l4xx_hal_tim.o(i.TIM_TI2_ConfigInputStage)
    TIM_TI2_ConfigInputStage                 0x08002bcb   Thumb Code    36  stm32l4xx_hal_tim.o(i.TIM_TI2_ConfigInputStage)
    i.UART_AdvFeatureConfig                  0x08002bee   Section        0  stm32l4xx_hal_uart.o(i.UART_AdvFeatureConfig)
    i.UART_CheckIdleState                    0x08002cb6   Section        0  stm32l4xx_hal_uart.o(i.UART_CheckIdleState)
    i.UART_SetConfig                         0x08002d14   Section        0  stm32l4xx_hal_uart.o(i.UART_SetConfig)
    i.UART_WaitOnFlagUntilTimeout            0x08002ef0   Section        0  stm32l4xx_hal_uart.o(i.UART_WaitOnFlagUntilTimeout)
    i.UsageFault_Handler                     0x08002fb6   Section        0  stm32l4xx_it.o(i.UsageFault_Handler)
    i.VL53L1X_BootState                      0x08002fb8   Section        0  vl53l1x_api.o(i.VL53L1X_BootState)
    i.VL53L1X_CheckForDataReady              0x08002fd8   Section        0  vl53l1x_api.o(i.VL53L1X_CheckForDataReady)
    i.VL53L1X_ClearInterrupt                 0x08003012   Section        0  vl53l1x_api.o(i.VL53L1X_ClearInterrupt)
    i.VL53L1X_GetDistance                    0x08003020   Section        0  vl53l1x_api.o(i.VL53L1X_GetDistance)
    i.VL53L1X_GetDistanceMode                0x0800303a   Section        0  vl53l1x_api.o(i.VL53L1X_GetDistanceMode)
    i.VL53L1X_GetInterruptPolarity           0x08003068   Section        0  vl53l1x_api.o(i.VL53L1X_GetInterruptPolarity)
    i.VL53L1X_GetTimingBudgetInMs            0x08003094   Section        0  vl53l1x_api.o(i.VL53L1X_GetTimingBudgetInMs)
    i.VL53L1X_SensorInit                     0x08003120   Section        0  vl53l1x_api.o(i.VL53L1X_SensorInit)
    i.VL53L1X_SetDistanceMode                0x08003190   Section        0  vl53l1x_api.o(i.VL53L1X_SetDistanceMode)
    i.VL53L1X_SetInterMeasurementInMs        0x08003234   Section        0  vl53l1x_api.o(i.VL53L1X_SetInterMeasurementInMs)
    i.VL53L1X_SetTimingBudgetInMs            0x08003280   Section        0  vl53l1x_api.o(i.VL53L1X_SetTimingBudgetInMs)
    i.VL53L1X_StartRanging                   0x080033b2   Section        0  vl53l1x_api.o(i.VL53L1X_StartRanging)
    i.VL53L1X_StopRanging                    0x080033c0   Section        0  vl53l1x_api.o(i.VL53L1X_StopRanging)
    i.VL53L1_RdByte                          0x080033ce   Section        0  vl53l1_platform.o(i.VL53L1_RdByte)
    i.VL53L1_RdWord                          0x080033d4   Section        0  vl53l1_platform.o(i.VL53L1_RdWord)
    i.VL53L1_WrByte                          0x080033ee   Section        0  vl53l1_platform.o(i.VL53L1_WrByte)
    i.VL53L1_WrDWord                         0x080033fa   Section        0  vl53l1_platform.o(i.VL53L1_WrDWord)
    i.VL53L1_WrWord                          0x0800341c   Section        0  vl53l1_platform.o(i.VL53L1_WrWord)
    i.__NVIC_SetPriority                     0x08003432   Section        0  stm32l4xx_hal_cortex.o(i.__NVIC_SetPriority)
    __NVIC_SetPriority                       0x08003433   Thumb Code    32  stm32l4xx_hal_cortex.o(i.__NVIC_SetPriority)
    i.i2c_read                               0x08003452   Section        0  vl53l1_platform.o(i.i2c_read)
    i2c_read                                 0x08003453   Thumb Code    32  vl53l1_platform.o(i.i2c_read)
    i.i2c_write                              0x08003472   Section        0  vl53l1_platform.o(i.i2c_write)
    i2c_write                                0x08003473   Thumb Code    32  vl53l1_platform.o(i.i2c_write)
    i.main                                   0x08003494   Section        0  main.o(i.main)
    x$fpl$dfixu                              0x08003640   Section       90  dfixu.o(x$fpl$dfixu)
    $v0                                      0x08003640   Number         0  dfixu.o(x$fpl$dfixu)
    x$fpl$dflt                               0x0800369a   Section       46  dflt_clz.o(x$fpl$dflt)
    $v0                                      0x0800369a   Number         0  dflt_clz.o(x$fpl$dflt)
    x$fpl$dmul                               0x080036c8   Section      340  dmul.o(x$fpl$dmul)
    $v0                                      0x080036c8   Number         0  dmul.o(x$fpl$dmul)
    x$fpl$dnaninf                            0x0800381c   Section      156  dnaninf.o(x$fpl$dnaninf)
    $v0                                      0x0800381c   Number         0  dnaninf.o(x$fpl$dnaninf)
    x$fpl$dretinf                            0x080038b8   Section       12  dretinf.o(x$fpl$dretinf)
    $v0                                      0x080038b8   Number         0  dretinf.o(x$fpl$dretinf)
    x$fpl$fpinit                             0x080038c4   Section       10  fpinit.o(x$fpl$fpinit)
    $v0                                      0x080038c4   Number         0  fpinit.o(x$fpl$fpinit)
    x$fpl$usenofp                            0x080038ce   Section        0  usenofp.o(x$fpl$usenofp)
    .constdata                               0x080038d0   Section       64  system_stm32l4xx.o(.constdata)
    .constdata                               0x08003910   Section        8  system_stm32l4xx.o(.constdata)
    .constdata                               0x08003918   Section       91  vl53l1x_api.o(.constdata)
    .data                                    0x20000000   Section       24  main.o(.data)
    motor_enabled                            0x20000000   Data           1  main.o(.data)
    on                                       0x20000001   Data           1  main.o(.data)
    motor_pulse_period_ms                    0x20000004   Data           4  main.o(.data)
    motor_last_flip                          0x20000008   Data           4  main.o(.data)
    last_press                               0x2000000c   Data           4  main.o(.data)
    tof                                      0x20000010   Data           8  main.o(.data)
    .data                                    0x20000018   Section       12  stm32l4xx_hal.o(.data)
    .data                                    0x20000024   Section        4  system_stm32l4xx.o(.data)
    .bss                                     0x20000028   Section       84  i2c.o(.bss)
    .bss                                     0x2000007c   Section       76  tim.o(.bss)
    .bss                                     0x200000c8   Section      132  usart.o(.bss)
    .bss                                     0x2000014c   Section       96  libspace.o(.bss)
    HEAP                                     0x200001b0   Section      512  startup_stm32l432xx.o(HEAP)
    Heap_Mem                                 0x200001b0   Data         512  startup_stm32l432xx.o(HEAP)
    STACK                                    0x200003b0   Section     1024  startup_stm32l432xx.o(STACK)
    Stack_Mem                                0x200003b0   Data        1024  startup_stm32l432xx.o(STACK)
    __initial_sp                             0x200007b0   Data           0  startup_stm32l432xx.o(STACK)

    Global Symbols

    Symbol Name                              Value     Ov Type        Size  Object(Section)

    BuildAttributes$$THM_ISAv4$E$P$D$K$B$S$7EM$VFPi3$EXTD16$VFPS$VFMA$PE$A:L22UL41UL21$X:L11$S22US41US21$IEEE1$IW$USESV6$~STKCKD$USESV7$~SHL$OSPACE$ROPI$EBA8$UX$STANDARDLIB$REQ8$PRES8$EABIv2 0x00000000   Number         0  anon$$obj.o ABSOLUTE
    __ARM_use_no_argv                        0x00000000   Number         0  main.o ABSOLUTE
    _printf_flags                            0x00000000   Number         0  printf_stubs.o ABSOLUTE
    _printf_return_value                     0x00000000   Number         0  printf_stubs.o ABSOLUTE
    _printf_sizespec                         0x00000000   Number         0  printf_stubs.o ABSOLUTE
    _printf_widthprec                        0x00000000   Number         0  printf_stubs.o ABSOLUTE
    __ARM_exceptions_init                     - Undefined Weak Reference
    __alloca_initialize                       - Undefined Weak Reference
    __arm_fini_                               - Undefined Weak Reference
    __arm_preinit_                            - Undefined Weak Reference
    __cpp_initialize__aeabi_                  - Undefined Weak Reference
    __cxa_finalize                            - Undefined Weak Reference
    __rt_locale                               - Undefined Weak Reference
    __sigvec_lookup                           - Undefined Weak Reference
    _atexit_init                              - Undefined Weak Reference
    _call_atexit_fns                          - Undefined Weak Reference
    _clock_init                               - Undefined Weak Reference
    _fp_trap_init                             - Undefined Weak Reference
    _fp_trap_shutdown                         - Undefined Weak Reference
    _get_lc_collate                           - Undefined Weak Reference
    _get_lc_ctype                             - Undefined Weak Reference
    _get_lc_monetary                          - Undefined Weak Reference
    _get_lc_numeric                           - Undefined Weak Reference
    _get_lc_time                              - Undefined Weak Reference
    _getenv_init                              - Undefined Weak Reference
    _handle_redirection                       - Undefined Weak Reference
    _init_alloc                               - Undefined Weak Reference
    _init_user_alloc                          - Undefined Weak Reference
    _initio                                   - Undefined Weak Reference
    _printf_mbtowc                            - Undefined Weak Reference
    _printf_post_padding                      - Undefined Weak Reference
    _printf_pre_padding                       - Undefined Weak Reference
    _printf_truncate_signed                   - Undefined Weak Reference
    _printf_truncate_unsigned                 - Undefined Weak Reference
    _rand_init                                - Undefined Weak Reference
    _signal_finish                            - Undefined Weak Reference
    _signal_init                              - Undefined Weak Reference
    _terminate_alloc                          - Undefined Weak Reference
    _terminate_user_alloc                     - Undefined Weak Reference
    _terminateio                              - Undefined Weak Reference
    __Vectors_Size                           0x0000018c   Number         0  startup_stm32l432xx.o ABSOLUTE
    __Vectors                                0x08000000   Data           4  startup_stm32l432xx.o(RESET)
    __Vectors_End                            0x0800018c   Data           0  startup_stm32l432xx.o(RESET)
    __main                                   0x0800018d   Thumb Code     8  __main.o(!!!main)
    __scatterload                            0x08000195   Thumb Code     0  __scatter.o(!!!scatter)
    __scatterload_rt2                        0x08000195   Thumb Code    44  __scatter.o(!!!scatter)
    __scatterload_rt2_thumb_only             0x08000195   Thumb Code     0  __scatter.o(!!!scatter)
    __scatterload_null                       0x080001a3   Thumb Code     0  __scatter.o(!!!scatter)
    __scatterload_copy                       0x080001c9   Thumb Code    26  __scatter_copy.o(!!handler_copy)
    __scatterload_zeroinit                   0x080001e5   Thumb Code    28  __scatter_zi.o(!!handler_zi)
    _printf_percent                          0x08000201   Thumb Code     0  _printf_percent.o(.ARM.Collect$$_printf_percent$$00000000)
    _printf_u                                0x08000201   Thumb Code     0  _printf_u.o(.ARM.Collect$$_printf_percent$$0000000A)
    _printf_s                                0x08000207   Thumb Code     0  _printf_s.o(.ARM.Collect$$_printf_percent$$00000014)
    _printf_percent_end                      0x0800020d   Thumb Code     0  _printf_percent_end.o(.ARM.Collect$$_printf_percent$$00000017)
    __rt_lib_init                            0x08000211   Thumb Code     0  libinit.o(.ARM.Collect$$libinit$$00000000)
    __rt_lib_init_fp_1                       0x08000213   Thumb Code     0  libinit2.o(.ARM.Collect$$libinit$$00000001)
    __rt_lib_init_alloca_1                   0x08000217   Thumb Code     0  libinit2.o(.ARM.Collect$$libinit$$0000002E)
    __rt_lib_init_argv_1                     0x08000217   Thumb Code     0  libinit2.o(.ARM.Collect$$libinit$$0000002C)
    __rt_lib_init_atexit_1                   0x08000217   Thumb Code     0  libinit2.o(.ARM.Collect$$libinit$$0000001B)
    __rt_lib_init_clock_1                    0x08000217   Thumb Code     0  libinit2.o(.ARM.Collect$$libinit$$00000021)
    __rt_lib_init_cpp_1                      0x08000217   Thumb Code     0  libinit2.o(.ARM.Collect$$libinit$$00000032)
    __rt_lib_init_exceptions_1               0x08000217   Thumb Code     0  libinit2.o(.ARM.Collect$$libinit$$00000030)
    __rt_lib_init_fp_trap_1                  0x08000217   Thumb Code     0  libinit2.o(.ARM.Collect$$libinit$$0000001F)
    __rt_lib_init_getenv_1                   0x08000217   Thumb Code     0  libinit2.o(.ARM.Collect$$libinit$$00000023)
    __rt_lib_init_heap_1                     0x08000217   Thumb Code     0  libinit2.o(.ARM.Collect$$libinit$$0000000A)
    __rt_lib_init_lc_collate_1               0x08000217   Thumb Code     0  libinit2.o(.ARM.Collect$$libinit$$00000011)
    __rt_lib_init_lc_ctype_1                 0x08000217   Thumb Code     0  libinit2.o(.ARM.Collect$$libinit$$00000013)
    __rt_lib_init_lc_monetary_1              0x08000217   Thumb Code     0  libinit2.o(.ARM.Collect$$libinit$$00000015)
    __rt_lib_init_lc_numeric_1               0x08000217   Thumb Code     0  libinit2.o(.ARM.Collect$$libinit$$00000017)
    __rt_lib_init_lc_time_1                  0x08000217   Thumb Code     0  libinit2.o(.ARM.Collect$$libinit$$00000019)
    __rt_lib_init_preinit_1                  0x08000217   Thumb Code     0  libinit2.o(.ARM.Collect$$libinit$$00000004)
    __rt_lib_init_rand_1                     0x08000217   Thumb Code     0  libinit2.o(.ARM.Collect$$libinit$$0000000E)
    __rt_lib_init_return                     0x08000217   Thumb Code     0  libinit2.o(.ARM.Collect$$libinit$$00000033)
    __rt_lib_init_signal_1                   0x08000217   Thumb Code     0  libinit2.o(.ARM.Collect$$libinit$$0000001D)
    __rt_lib_init_stdio_1                    0x08000217   Thumb Code     0  libinit2.o(.ARM.Collect$$libinit$$00000025)
    __rt_lib_init_user_alloc_1               0x08000217   Thumb Code     0  libinit2.o(.ARM.Collect$$libinit$$0000000C)
    __rt_lib_shutdown                        0x08000219   Thumb Code     0  libshutdown.o(.ARM.Collect$$libshutdown$$00000000)
    __rt_lib_shutdown_cpp_1                  0x0800021b   Thumb Code     0  libshutdown2.o(.ARM.Collect$$libshutdown$$00000004)
    __rt_lib_shutdown_fini_1                 0x0800021b   Thumb Code     0  libshutdown2.o(.ARM.Collect$$libshutdown$$00000002)
    __rt_lib_shutdown_fp_trap_1              0x0800021b   Thumb Code     0  libshutdown2.o(.ARM.Collect$$libshutdown$$00000009)
    __rt_lib_shutdown_heap_1                 0x0800021b   Thumb Code     0  libshutdown2.o(.ARM.Collect$$libshutdown$$00000011)
    __rt_lib_shutdown_return                 0x0800021b   Thumb Code     0  libshutdown2.o(.ARM.Collect$$libshutdown$$00000012)
    __rt_lib_shutdown_signal_1               0x0800021b   Thumb Code     0  libshutdown2.o(.ARM.Collect$$libshutdown$$0000000C)
    __rt_lib_shutdown_stdio_1                0x0800021b   Thumb Code     0  libshutdown2.o(.ARM.Collect$$libshutdown$$00000006)
    __rt_lib_shutdown_user_alloc_1           0x0800021b   Thumb Code     0  libshutdown2.o(.ARM.Collect$$libshutdown$$0000000E)
    __rt_entry                               0x0800021d   Thumb Code     0  __rtentry.o(.ARM.Collect$$rtentry$$00000000)
    __rt_entry_presh_1                       0x0800021d   Thumb Code     0  __rtentry2.o(.ARM.Collect$$rtentry$$00000002)
    __rt_entry_sh                            0x0800021d   Thumb Code     0  __rtentry4.o(.ARM.Collect$$rtentry$$00000004)
    __rt_entry_li                            0x08000223   Thumb Code     0  __rtentry2.o(.ARM.Collect$$rtentry$$0000000A)
    __rt_entry_postsh_1                      0x08000223   Thumb Code     0  __rtentry2.o(.ARM.Collect$$rtentry$$00000009)
    __rt_entry_main                          0x08000227   Thumb Code     0  __rtentry2.o(.ARM.Collect$$rtentry$$0000000D)
    __rt_entry_postli_1                      0x08000227   Thumb Code     0  __rtentry2.o(.ARM.Collect$$rtentry$$0000000C)
    __rt_exit                                0x0800022f   Thumb Code     0  rtexit.o(.ARM.Collect$$rtexit$$00000000)
    __rt_exit_ls                             0x08000231   Thumb Code     0  rtexit2.o(.ARM.Collect$$rtexit$$00000003)
    __rt_exit_prels_1                        0x08000231   Thumb Code     0  rtexit2.o(.ARM.Collect$$rtexit$$00000002)
    __rt_exit_exit                           0x08000235   Thumb Code     0  rtexit2.o(.ARM.Collect$$rtexit$$00000004)
    Reset_Handler                            0x0800023d   Thumb Code     8  startup_stm32l432xx.o(.text)
    ADC1_IRQHandler                          0x08000257   Thumb Code     0  startup_stm32l432xx.o(.text)
    CAN1_RX0_IRQHandler                      0x08000257   Thumb Code     0  startup_stm32l432xx.o(.text)
    CAN1_RX1_IRQHandler                      0x08000257   Thumb Code     0  startup_stm32l432xx.o(.text)
    CAN1_SCE_IRQHandler                      0x08000257   Thumb Code     0  startup_stm32l432xx.o(.text)
    CAN1_TX_IRQHandler                       0x08000257   Thumb Code     0  startup_stm32l432xx.o(.text)
    COMP_IRQHandler                          0x08000257   Thumb Code     0  startup_stm32l432xx.o(.text)
    CRS_IRQHandler                           0x08000257   Thumb Code     0  startup_stm32l432xx.o(.text)
    DMA1_Channel1_IRQHandler                 0x08000257   Thumb Code     0  startup_stm32l432xx.o(.text)
    DMA1_Channel2_IRQHandler                 0x08000257   Thumb Code     0  startup_stm32l432xx.o(.text)
    DMA1_Channel3_IRQHandler                 0x08000257   Thumb Code     0  startup_stm32l432xx.o(.text)
    DMA1_Channel4_IRQHandler                 0x08000257   Thumb Code     0  startup_stm32l432xx.o(.text)
    DMA1_Channel5_IRQHandler                 0x08000257   Thumb Code     0  startup_stm32l432xx.o(.text)
    DMA1_Channel6_IRQHandler                 0x08000257   Thumb Code     0  startup_stm32l432xx.o(.text)
    DMA1_Channel7_IRQHandler                 0x08000257   Thumb Code     0  startup_stm32l432xx.o(.text)
    DMA2_Channel1_IRQHandler                 0x08000257   Thumb Code     0  startup_stm32l432xx.o(.text)
    DMA2_Channel2_IRQHandler                 0x08000257   Thumb Code     0  startup_stm32l432xx.o(.text)
    DMA2_Channel3_IRQHandler                 0x08000257   Thumb Code     0  startup_stm32l432xx.o(.text)
    DMA2_Channel4_IRQHandler                 0x08000257   Thumb Code     0  startup_stm32l432xx.o(.text)
    DMA2_Channel5_IRQHandler                 0x08000257   Thumb Code     0  startup_stm32l432xx.o(.text)
    DMA2_Channel6_IRQHandler                 0x08000257   Thumb Code     0  startup_stm32l432xx.o(.text)
    DMA2_Channel7_IRQHandler                 0x08000257   Thumb Code     0  startup_stm32l432xx.o(.text)
    EXTI15_10_IRQHandler                     0x08000257   Thumb Code     0  startup_stm32l432xx.o(.text)
    EXTI1_IRQHandler                         0x08000257   Thumb Code     0  startup_stm32l432xx.o(.text)
    EXTI2_IRQHandler                         0x08000257   Thumb Code     0  startup_stm32l432xx.o(.text)
    EXTI3_IRQHandler                         0x08000257   Thumb Code     0  startup_stm32l432xx.o(.text)
    EXTI4_IRQHandler                         0x08000257   Thumb Code     0  startup_stm32l432xx.o(.text)
    EXTI9_5_IRQHandler                       0x08000257   Thumb Code     0  startup_stm32l432xx.o(.text)
    FLASH_IRQHandler                         0x08000257   Thumb Code     0  startup_stm32l432xx.o(.text)
    FPU_IRQHandler                           0x08000257   Thumb Code     0  startup_stm32l432xx.o(.text)
    I2C1_ER_IRQHandler                       0x08000257   Thumb Code     0  startup_stm32l432xx.o(.text)
    I2C1_EV_IRQHandler                       0x08000257   Thumb Code     0  startup_stm32l432xx.o(.text)
    I2C3_ER_IRQHandler                       0x08000257   Thumb Code     0  startup_stm32l432xx.o(.text)
    I2C3_EV_IRQHandler                       0x08000257   Thumb Code     0  startup_stm32l432xx.o(.text)
    LPTIM1_IRQHandler                        0x08000257   Thumb Code     0  startup_stm32l432xx.o(.text)
    LPTIM2_IRQHandler                        0x08000257   Thumb Code     0  startup_stm32l432xx.o(.text)
    LPUART1_IRQHandler                       0x08000257   Thumb Code     0  startup_stm32l432xx.o(.text)
    PVD_PVM_IRQHandler                       0x08000257   Thumb Code     0  startup_stm32l432xx.o(.text)
    QUADSPI_IRQHandler                       0x08000257   Thumb Code     0  startup_stm32l432xx.o(.text)
    RCC_IRQHandler                           0x08000257   Thumb Code     0  startup_stm32l432xx.o(.text)
    RNG_IRQHandler                           0x08000257   Thumb Code     0  startup_stm32l432xx.o(.text)
    RTC_Alarm_IRQHandler                     0x08000257   Thumb Code     0  startup_stm32l432xx.o(.text)
    RTC_WKUP_IRQHandler                      0x08000257   Thumb Code     0  startup_stm32l432xx.o(.text)
    SAI1_IRQHandler                          0x08000257   Thumb Code     0  startup_stm32l432xx.o(.text)
    SPI1_IRQHandler                          0x08000257   Thumb Code     0  startup_stm32l432xx.o(.text)
    SPI3_IRQHandler                          0x08000257   Thumb Code     0  startup_stm32l432xx.o(.text)
    SWPMI1_IRQHandler                        0x08000257   Thumb Code     0  startup_stm32l432xx.o(.text)
    TAMP_STAMP_IRQHandler                    0x08000257   Thumb Code     0  startup_stm32l432xx.o(.text)
    TIM1_BRK_TIM15_IRQHandler                0x08000257   Thumb Code     0  startup_stm32l432xx.o(.text)
    TIM1_CC_IRQHandler                       0x08000257   Thumb Code     0  startup_stm32l432xx.o(.text)
    TIM1_TRG_COM_IRQHandler                  0x08000257   Thumb Code     0  startup_stm32l432xx.o(.text)
    TIM1_UP_TIM16_IRQHandler                 0x08000257   Thumb Code     0  startup_stm32l432xx.o(.text)
    TIM2_IRQHandler                          0x08000257   Thumb Code     0  startup_stm32l432xx.o(.text)
    TIM6_DAC_IRQHandler                      0x08000257   Thumb Code     0  startup_stm32l432xx.o(.text)
    TIM7_IRQHandler                          0x08000257   Thumb Code     0  startup_stm32l432xx.o(.text)
    TSC_IRQHandler                           0x08000257   Thumb Code     0  startup_stm32l432xx.o(.text)
    USART1_IRQHandler                        0x08000257   Thumb Code     0  startup_stm32l432xx.o(.text)
    USART2_IRQHandler                        0x08000257   Thumb Code     0  startup_stm32l432xx.o(.text)
    USB_IRQHandler                           0x08000257   Thumb Code     0  startup_stm32l432xx.o(.text)
    WWDG_IRQHandler                          0x08000257   Thumb Code     0  startup_stm32l432xx.o(.text)
    __user_initial_stackheap                 0x08000259   Thumb Code     0  startup_stm32l432xx.o(.text)
    __aeabi_uldivmod                         0x0800027d   Thumb Code     0  lludivv7m.o(.text)
    _ll_udiv                                 0x0800027d   Thumb Code   238  lludivv7m.o(.text)
    __2snprintf                              0x0800036d   Thumb Code    50  __2snprintf.o(.text)
    __printf                                 0x080003a5   Thumb Code   104  __printf.o(.text)
    _printf_str                              0x0800040d   Thumb Code    82  _printf_str.o(.text)
    _printf_int_dec                          0x08000461   Thumb Code   104  _printf_dec.o(.text)
    __aeabi_memclr4                          0x080004d9   Thumb Code     0  rt_memclr_w.o(.text)
    __aeabi_memclr8                          0x080004d9   Thumb Code     0  rt_memclr_w.o(.text)
    __rt_memclr_w                            0x080004d9   Thumb Code    78  rt_memclr_w.o(.text)
    _memset_w                                0x080004dd   Thumb Code     0  rt_memclr_w.o(.text)
    __use_two_region_memory                  0x08000527   Thumb Code     2  heapauxi.o(.text)
    __rt_heap_escrow$2region                 0x08000529   Thumb Code     2  heapauxi.o(.text)
    __rt_heap_expand$2region                 0x0800052b   Thumb Code     2  heapauxi.o(.text)
    _printf_int_common                       0x0800052d   Thumb Code   178  _printf_intcommon.o(.text)
    _printf_char_common                      0x080005eb   Thumb Code    32  _printf_char_common.o(.text)
    _sputc                                   0x08000611   Thumb Code    10  _sputc.o(.text)
    _snputc                                  0x0800061b   Thumb Code    16  _snputc.o(.text)
    _printf_cs_common                        0x0800062b   Thumb Code    20  _printf_char.o(.text)
    _printf_char                             0x0800063f   Thumb Code    16  _printf_char.o(.text)
    _printf_string                           0x0800064f   Thumb Code     8  _printf_char.o(.text)
    __user_setup_stackheap                   0x08000657   Thumb Code    74  sys_stackheap_outer.o(.text)
    exit                                     0x080006a1   Thumb Code    18  exit.o(.text)
    __user_libspace                          0x080006b5   Thumb Code     8  libspace.o(.text)
    __user_perproc_libspace                  0x080006b5   Thumb Code     0  libspace.o(.text)
    __user_perthread_libspace                0x080006b5   Thumb Code     0  libspace.o(.text)
    _sys_exit                                0x080006bd   Thumb Code     8  sys_exit.o(.text)
    __I$use$semihosting                      0x080006c9   Thumb Code     0  use_no_semi.o(.text)
    __use_no_semihosting_swi                 0x080006c9   Thumb Code     2  use_no_semi.o(.text)
    BusFault_Handler                         0x080006cb   Thumb Code     2  stm32l4xx_it.o(i.BusFault_Handler)
    __semihosting_library_function           0x080006cb   Thumb Code     0  indicate_semi.o(.text)
    DebugMon_Handler                         0x080006cd   Thumb Code     2  stm32l4xx_it.o(i.DebugMon_Handler)
    EXTI0_IRQHandler                         0x080006cf   Thumb Code     6  stm32l4xx_it.o(i.EXTI0_IRQHandler)
    Error_Handler                            0x080006d5   Thumb Code     4  main.o(i.Error_Handler)
    HAL_Delay                                0x080006d9   Thumb Code    32  stm32l4xx_hal.o(i.HAL_Delay)
    HAL_GPIO_EXTI_Callback                   0x080006fd   Thumb Code    50  main.o(i.HAL_GPIO_EXTI_Callback)
    HAL_GPIO_EXTI_IRQHandler                 0x08000739   Thumb Code    18  stm32l4xx_hal_gpio.o(i.HAL_GPIO_EXTI_IRQHandler)
    HAL_GPIO_Init                            0x08000751   Thumb Code   488  stm32l4xx_hal_gpio.o(i.HAL_GPIO_Init)
    HAL_GPIO_ReadPin                         0x08000953   Thumb Code    10  stm32l4xx_hal_gpio.o(i.HAL_GPIO_ReadPin)
    HAL_GPIO_TogglePin                       0x0800095d   Thumb Code    16  stm32l4xx_hal_gpio.o(i.HAL_GPIO_TogglePin)
    HAL_GPIO_WritePin                        0x0800096d   Thumb Code    10  stm32l4xx_hal_gpio.o(i.HAL_GPIO_WritePin)
    HAL_GetTick                              0x08000979   Thumb Code     6  stm32l4xx_hal.o(i.HAL_GetTick)
    HAL_I2CEx_ConfigAnalogFilter             0x08000985   Thumb Code    86  stm32l4xx_hal_i2c_ex.o(i.HAL_I2CEx_ConfigAnalogFilter)
    HAL_I2CEx_ConfigDigitalFilter            0x080009db   Thumb Code    82  stm32l4xx_hal_i2c_ex.o(i.HAL_I2CEx_ConfigDigitalFilter)
    HAL_I2C_Init                             0x08000a2d   Thumb Code   178  stm32l4xx_hal_i2c.o(i.HAL_I2C_Init)
    HAL_I2C_Mem_Read                         0x08000ae5   Thumb Code   346  stm32l4xx_hal_i2c.o(i.HAL_I2C_Mem_Read)
    HAL_I2C_Mem_Write                        0x08000c51   Thumb Code   340  stm32l4xx_hal_i2c.o(i.HAL_I2C_Mem_Write)
    HAL_I2C_MspInit                          0x08000db1   Thumb Code   118  i2c.o(i.HAL_I2C_MspInit)
    HAL_IncTick                              0x08000e31   Thumb Code    12  stm32l4xx_hal.o(i.HAL_IncTick)
    HAL_Init                                 0x08000e41   Thumb Code    30  stm32l4xx_hal.o(i.HAL_Init)
    HAL_InitTick                             0x08000e61   Thumb Code    58  stm32l4xx_hal.o(i.HAL_InitTick)
    HAL_MspInit                              0x08000ea5   Thumb Code    38  stm32l4xx_hal_msp.o(i.HAL_MspInit)
    HAL_NVIC_EnableIRQ                       0x08000ed1   Thumb Code    26  stm32l4xx_hal_cortex.o(i.HAL_NVIC_EnableIRQ)
    HAL_NVIC_SetPriority                     0x08000eed   Thumb Code    60  stm32l4xx_hal_cortex.o(i.HAL_NVIC_SetPriority)
    HAL_NVIC_SetPriorityGrouping             0x08000f2d   Thumb Code    26  stm32l4xx_hal_cortex.o(i.HAL_NVIC_SetPriorityGrouping)
    HAL_PWREx_ControlVoltageScaling          0x08000f51   Thumb Code    90  stm32l4xx_hal_pwr_ex.o(i.HAL_PWREx_ControlVoltageScaling)
    HAL_PWREx_GetVoltageRange                0x08000fb9   Thumb Code    10  stm32l4xx_hal_pwr_ex.o(i.HAL_PWREx_GetVoltageRange)
    HAL_PWR_EnableBkUpAccess                 0x08000fc9   Thumb Code    12  stm32l4xx_hal_pwr.o(i.HAL_PWR_EnableBkUpAccess)
    HAL_RCCEx_EnableMSIPLLMode               0x08000fd9   Thumb Code    12  stm32l4xx_hal_rcc_ex.o(i.HAL_RCCEx_EnableMSIPLLMode)
    HAL_RCCEx_PeriphCLKConfig                0x08000fe9   Thumb Code   634  stm32l4xx_hal_rcc_ex.o(i.HAL_RCCEx_PeriphCLKConfig)
    HAL_RCC_ClockConfig                      0x08001275   Thumb Code   304  stm32l4xx_hal_rcc.o(i.HAL_RCC_ClockConfig)
    HAL_RCC_GetPCLK1Freq                     0x080013b9   Thumb Code    24  stm32l4xx_hal_rcc.o(i.HAL_RCC_GetPCLK1Freq)
    HAL_RCC_GetPCLK2Freq                     0x080013dd   Thumb Code    24  stm32l4xx_hal_rcc.o(i.HAL_RCC_GetPCLK2Freq)
    HAL_RCC_GetSysClockFreq                  0x08001401   Thumb Code   150  stm32l4xx_hal_rcc.o(i.HAL_RCC_GetSysClockFreq)
    HAL_RCC_OscConfig                        0x080014a5   Thumb Code  1366  stm32l4xx_hal_rcc.o(i.HAL_RCC_OscConfig)
    HAL_SYSTICK_Config                       0x08001a05   Thumb Code    40  stm32l4xx_hal_cortex.o(i.HAL_SYSTICK_Config)
    HAL_TIMEx_ConfigBreakDeadTime            0x08001a2d   Thumb Code   126  stm32l4xx_hal_tim_ex.o(i.HAL_TIMEx_ConfigBreakDeadTime)
    HAL_TIMEx_MasterConfigSynchronization    0x08001ab1   Thumb Code    98  stm32l4xx_hal_tim_ex.o(i.HAL_TIMEx_MasterConfigSynchronization)
    HAL_TIM_Base_Init                        0x08001b1d   Thumb Code    98  stm32l4xx_hal_tim.o(i.HAL_TIM_Base_Init)
    HAL_TIM_Base_MspInit                     0x08001b81   Thumb Code    30  tim.o(i.HAL_TIM_Base_MspInit)
    HAL_TIM_ConfigClockSource                0x08001ba9   Thumb Code   220  stm32l4xx_hal_tim.o(i.HAL_TIM_ConfigClockSource)
    HAL_TIM_MspPostInit                      0x08001c89   Thumb Code    74  tim.o(i.HAL_TIM_MspPostInit)
    HAL_TIM_PWM_ConfigChannel                0x08001cdd   Thumb Code   292  stm32l4xx_hal_tim.o(i.HAL_TIM_PWM_ConfigChannel)
    HAL_TIM_PWM_Init                         0x08001e01   Thumb Code    98  stm32l4xx_hal_tim.o(i.HAL_TIM_PWM_Init)
    HAL_TIM_PWM_MspInit                      0x08001e63   Thumb Code     2  stm32l4xx_hal_tim.o(i.HAL_TIM_PWM_MspInit)
    HAL_TIM_PWM_Start                        0x08001e65   Thumb Code   190  stm32l4xx_hal_tim.o(i.HAL_TIM_PWM_Start)
    HAL_UART_Init                            0x08001f35   Thumb Code   102  stm32l4xx_hal_uart.o(i.HAL_UART_Init)
    HAL_UART_MspInit                         0x08001f9d   Thumb Code   136  usart.o(i.HAL_UART_MspInit)
    HAL_UART_Transmit                        0x0800202d   Thumb Code   182  stm32l4xx_hal_uart.o(i.HAL_UART_Transmit)
    HardFault_Handler                        0x080020e3   Thumb Code     2  stm32l4xx_it.o(i.HardFault_Handler)
    MX_GPIO_Init                             0x08002415   Thumb Code   164  gpio.o(i.MX_GPIO_Init)
    MX_I2C1_Init                             0x080024c1   Thumb Code    76  i2c.o(i.MX_I2C1_Init)
    MX_TIM1_Init                             0x08002519   Thumb Code   206  tim.o(i.MX_TIM1_Init)
    MX_USART2_UART_Init                      0x080025f1   Thumb Code    52  usart.o(i.MX_USART2_UART_Init)
    MemManage_Handler                        0x0800262d   Thumb Code     2  stm32l4xx_it.o(i.MemManage_Handler)
    NMI_Handler                              0x0800262f   Thumb Code     2  stm32l4xx_it.o(i.NMI_Handler)
    PendSV_Handler                           0x08002631   Thumb Code     2  stm32l4xx_it.o(i.PendSV_Handler)
    SVC_Handler                              0x080027dd   Thumb Code     2  stm32l4xx_it.o(i.SVC_Handler)
    SysTick_Handler                          0x080027df   Thumb Code     4  stm32l4xx_it.o(i.SysTick_Handler)
    SystemClock_Config                       0x080027e5   Thumb Code   136  main.o(i.SystemClock_Config)
    SystemInit                               0x08002871   Thumb Code    12  system_stm32l4xx.o(i.SystemInit)
    TIM_Base_SetConfig                       0x08002881   Thumb Code    94  stm32l4xx_hal_tim.o(i.TIM_Base_SetConfig)
    TIM_CCxChannelCmd                        0x080028ed   Thumb Code    26  stm32l4xx_hal_tim.o(i.TIM_CCxChannelCmd)
    TIM_ETR_SetConfig                        0x08002907   Thumb Code    20  stm32l4xx_hal_tim.o(i.TIM_ETR_SetConfig)
    TIM_OC2_SetConfig                        0x080029a5   Thumb Code   102  stm32l4xx_hal_tim.o(i.TIM_OC2_SetConfig)
    UART_AdvFeatureConfig                    0x08002bef   Thumb Code   200  stm32l4xx_hal_uart.o(i.UART_AdvFeatureConfig)
    UART_CheckIdleState                      0x08002cb7   Thumb Code    92  stm32l4xx_hal_uart.o(i.UART_CheckIdleState)
    UART_SetConfig                           0x08002d15   Thumb Code   448  stm32l4xx_hal_uart.o(i.UART_SetConfig)
    UART_WaitOnFlagUntilTimeout              0x08002ef1   Thumb Code   198  stm32l4xx_hal_uart.o(i.UART_WaitOnFlagUntilTimeout)
    UsageFault_Handler                       0x08002fb7   Thumb Code     2  stm32l4xx_it.o(i.UsageFault_Handler)
    VL53L1X_BootState                        0x08002fb9   Thumb Code    32  vl53l1x_api.o(i.VL53L1X_BootState)
    VL53L1X_CheckForDataReady                0x08002fd9   Thumb Code    58  vl53l1x_api.o(i.VL53L1X_CheckForDataReady)
    VL53L1X_ClearInterrupt                   0x08003013   Thumb Code    14  vl53l1x_api.o(i.VL53L1X_ClearInterrupt)
    VL53L1X_GetDistance                      0x08003021   Thumb Code    26  vl53l1x_api.o(i.VL53L1X_GetDistance)
    VL53L1X_GetDistanceMode                  0x0800303b   Thumb Code    46  vl53l1x_api.o(i.VL53L1X_GetDistanceMode)
    VL53L1X_GetInterruptPolarity             0x08003069   Thumb Code    44  vl53l1x_api.o(i.VL53L1X_GetInterruptPolarity)
    VL53L1X_GetTimingBudgetInMs              0x08003095   Thumb Code   140  vl53l1x_api.o(i.VL53L1X_GetTimingBudgetInMs)
    VL53L1X_SensorInit                       0x08003121   Thumb Code   108  vl53l1x_api.o(i.VL53L1X_SensorInit)
    VL53L1X_SetDistanceMode                  0x08003191   Thumb Code   164  vl53l1x_api.o(i.VL53L1X_SetDistanceMode)
    VL53L1X_SetInterMeasurementInMs          0x08003235   Thumb Code    68  vl53l1x_api.o(i.VL53L1X_SetInterMeasurementInMs)
    VL53L1X_SetTimingBudgetInMs              0x08003281   Thumb Code   306  vl53l1x_api.o(i.VL53L1X_SetTimingBudgetInMs)
    VL53L1X_StartRanging                     0x080033b3   Thumb Code    14  vl53l1x_api.o(i.VL53L1X_StartRanging)
    VL53L1X_StopRanging                      0x080033c1   Thumb Code    14  vl53l1x_api.o(i.VL53L1X_StopRanging)
    VL53L1_RdByte                            0x080033cf   Thumb Code     6  vl53l1_platform.o(i.VL53L1_RdByte)
    VL53L1_RdWord                            0x080033d5   Thumb Code    26  vl53l1_platform.o(i.VL53L1_RdWord)
    VL53L1_WrByte                            0x080033ef   Thumb Code    12  vl53l1_platform.o(i.VL53L1_WrByte)
    VL53L1_WrDWord                           0x080033fb   Thumb Code    34  vl53l1_platform.o(i.VL53L1_WrDWord)
    VL53L1_WrWord                            0x0800341d   Thumb Code    22  vl53l1_platform.o(i.VL53L1_WrWord)
    main                                     0x08003495   Thumb Code   354  main.o(i.main)
    __aeabi_d2uiz                            0x08003641   Thumb Code     0  dfixu.o(x$fpl$dfixu)
    _dfixu                                   0x08003641   Thumb Code    90  dfixu.o(x$fpl$dfixu)
    __aeabi_i2d                              0x0800369b   Thumb Code     0  dflt_clz.o(x$fpl$dflt)
    _dflt                                    0x0800369b   Thumb Code    46  dflt_clz.o(x$fpl$dflt)
    __aeabi_dmul                             0x080036c9   Thumb Code     0  dmul.o(x$fpl$dmul)
    _dmul                                    0x080036c9   Thumb Code   332  dmul.o(x$fpl$dmul)
    __fpl_dnaninf                            0x0800381d   Thumb Code   156  dnaninf.o(x$fpl$dnaninf)
    __fpl_dretinf                            0x080038b9   Thumb Code    12  dretinf.o(x$fpl$dretinf)
    _fp_init                                 0x080038c5   Thumb Code    10  fpinit.o(x$fpl$fpinit)
    __fplib_config_fpu_vfp                   0x080038cd   Thumb Code     0  fpinit.o(x$fpl$fpinit)
    __fplib_config_pureend_doubles           0x080038cd   Thumb Code     0  fpinit.o(x$fpl$fpinit)
    __I$use$fp                               0x080038ce   Number         0  usenofp.o(x$fpl$usenofp)
    AHBPrescTable                            0x080038d0   Data          16  system_stm32l4xx.o(.constdata)
    MSIRangeTable                            0x080038e0   Data          48  system_stm32l4xx.o(.constdata)
    APBPrescTable                            0x08003910   Data           8  system_stm32l4xx.o(.constdata)
    VL51L1X_DEFAULT_CONFIGURATION            0x08003918   Data          91  vl53l1x_api.o(.constdata)
    Region$$Table$$Base                      0x08003974   Number         0  anon$$obj.o(Region$$Table)
    Region$$Table$$Limit                     0x08003994   Number         0  anon$$obj.o(Region$$Table)
    uwTickFreq                               0x20000018   Data           1  stm32l4xx_hal.o(.data)
    uwTickPrio                               0x2000001c   Data           4  stm32l4xx_hal.o(.data)
    uwTick                                   0x20000020   Data           4  stm32l4xx_hal.o(.data)
    SystemCoreClock                          0x20000024   Data           4  system_stm32l4xx.o(.data)
    hi2c1                                    0x20000028   Data          84  i2c.o(.bss)
    htim1                                    0x2000007c   Data          76  tim.o(.bss)
    huart2                                   0x200000c8   Data         132  usart.o(.bss)
    __libspace_start                         0x2000014c   Data          96  libspace.o(.bss)
    __temporary_stack_top$libspace           0x200001ac   Data           0  libspace.o(.bss)



==============================================================================

Memory Map of the image

  Image Entry point : 0x0800018d

  Load Region LR_IROM1 (Base: 0x08000000, Size: 0x000039bc, Max: 0x00040000, ABSOLUTE)

    Execution Region ER_IROM1 (Exec base: 0x08000000, Load base: 0x08000000, Size: 0x00003994, Max: 0x00040000, ABSOLUTE)

    Exec Addr    Load Addr    Size         Type   Attr      Idx    E Section Name        Object

    0x08000000   0x08000000   0x0000018c   Data   RO            3    RESET               startup_stm32l432xx.o
    0x0800018c   0x0800018c   0x00000008   Code   RO         4297  * !!!main             c_w.l(__main.o)
    0x08000194   0x08000194   0x00000034   Code   RO         4500    !!!scatter          c_w.l(__scatter.o)
    0x080001c8   0x080001c8   0x0000001a   Code   RO         4502    !!handler_copy      c_w.l(__scatter_copy.o)
    0x080001e2   0x080001e2   0x00000002   PAD
    0x080001e4   0x080001e4   0x0000001c   Code   RO         4504    !!handler_zi        c_w.l(__scatter_zi.o)
    0x08000200   0x08000200   0x00000000   Code   RO         4292    .ARM.Collect$$_printf_percent$$00000000  c_w.l(_printf_percent.o)
    0x08000200   0x08000200   0x00000006   Code   RO         4291    .ARM.Collect$$_printf_percent$$0000000A  c_w.l(_printf_u.o)
    0x08000206   0x08000206   0x00000006   Code   RO         4290    .ARM.Collect$$_printf_percent$$00000014  c_w.l(_printf_s.o)
    0x0800020c   0x0800020c   0x00000004   Code   RO         4330    .ARM.Collect$$_printf_percent$$00000017  c_w.l(_printf_percent_end.o)
    0x08000210   0x08000210   0x00000002   Code   RO         4368    .ARM.Collect$$libinit$$00000000  c_w.l(libinit.o)
    0x08000212   0x08000212   0x00000004   Code   RO         4380    .ARM.Collect$$libinit$$00000001  c_w.l(libinit2.o)
    0x08000216   0x08000216   0x00000000   Code   RO         4383    .ARM.Collect$$libinit$$00000004  c_w.l(libinit2.o)
    0x08000216   0x08000216   0x00000000   Code   RO         4386    .ARM.Collect$$libinit$$0000000A  c_w.l(libinit2.o)
    0x08000216   0x08000216   0x00000000   Code   RO         4388    .ARM.Collect$$libinit$$0000000C  c_w.l(libinit2.o)
    0x08000216   0x08000216   0x00000000   Code   RO         4390    .ARM.Collect$$libinit$$0000000E  c_w.l(libinit2.o)
    0x08000216   0x08000216   0x00000000   Code   RO         4393    .ARM.Collect$$libinit$$00000011  c_w.l(libinit2.o)
    0x08000216   0x08000216   0x00000000   Code   RO         4395    .ARM.Collect$$libinit$$00000013  c_w.l(libinit2.o)
    0x08000216   0x08000216   0x00000000   Code   RO         4397    .ARM.Collect$$libinit$$00000015  c_w.l(libinit2.o)
    0x08000216   0x08000216   0x00000000   Code   RO         4399    .ARM.Collect$$libinit$$00000017  c_w.l(libinit2.o)
    0x08000216   0x08000216   0x00000000   Code   RO         4401    .ARM.Collect$$libinit$$00000019  c_w.l(libinit2.o)
    0x08000216   0x08000216   0x00000000   Code   RO         4403    .ARM.Collect$$libinit$$0000001B  c_w.l(libinit2.o)
    0x08000216   0x08000216   0x00000000   Code   RO         4405    .ARM.Collect$$libinit$$0000001D  c_w.l(libinit2.o)
    0x08000216   0x08000216   0x00000000   Code   RO         4407    .ARM.Collect$$libinit$$0000001F  c_w.l(libinit2.o)
    0x08000216   0x08000216   0x00000000   Code   RO         4409    .ARM.Collect$$libinit$$00000021  c_w.l(libinit2.o)
    0x08000216   0x08000216   0x00000000   Code   RO         4411    .ARM.Collect$$libinit$$00000023  c_w.l(libinit2.o)
    0x08000216   0x08000216   0x00000000   Code   RO         4413    .ARM.Collect$$libinit$$00000025  c_w.l(libinit2.o)
    0x08000216   0x08000216   0x00000000   Code   RO         4417    .ARM.Collect$$libinit$$0000002C  c_w.l(libinit2.o)
    0x08000216   0x08000216   0x00000000   Code   RO         4419    .ARM.Collect$$libinit$$0000002E  c_w.l(libinit2.o)
    0x08000216   0x08000216   0x00000000   Code   RO         4421    .ARM.Collect$$libinit$$00000030  c_w.l(libinit2.o)
    0x08000216   0x08000216   0x00000000   Code   RO         4423    .ARM.Collect$$libinit$$00000032  c_w.l(libinit2.o)
    0x08000216   0x08000216   0x00000002   Code   RO         4424    .ARM.Collect$$libinit$$00000033  c_w.l(libinit2.o)
    0x08000218   0x08000218   0x00000002   Code   RO         4455    .ARM.Collect$$libshutdown$$00000000  c_w.l(libshutdown.o)
    0x0800021a   0x0800021a   0x00000000   Code   RO         4481    .ARM.Collect$$libshutdown$$00000002  c_w.l(libshutdown2.o)
    0x0800021a   0x0800021a   0x00000000   Code   RO         4483    .ARM.Collect$$libshutdown$$00000004  c_w.l(libshutdown2.o)
    0x0800021a   0x0800021a   0x00000000   Code   RO         4485    .ARM.Collect$$libshutdown$$00000006  c_w.l(libshutdown2.o)
    0x0800021a   0x0800021a   0x00000000   Code   RO         4488    .ARM.Collect$$libshutdown$$00000009  c_w.l(libshutdown2.o)
    0x0800021a   0x0800021a   0x00000000   Code   RO         4491    .ARM.Collect$$libshutdown$$0000000C  c_w.l(libshutdown2.o)
    0x0800021a   0x0800021a   0x00000000   Code   RO         4493    .ARM.Collect$$libshutdown$$0000000E  c_w.l(libshutdown2.o)
    0x0800021a   0x0800021a   0x00000000   Code   RO         4496    .ARM.Collect$$libshutdown$$00000011  c_w.l(libshutdown2.o)
    0x0800021a   0x0800021a   0x00000002   Code   RO         4497    .ARM.Collect$$libshutdown$$00000012  c_w.l(libshutdown2.o)
    0x0800021c   0x0800021c   0x00000000   Code   RO         4315    .ARM.Collect$$rtentry$$00000000  c_w.l(__rtentry.o)
    0x0800021c   0x0800021c   0x00000000   Code   RO         4337    .ARM.Collect$$rtentry$$00000002  c_w.l(__rtentry2.o)
    0x0800021c   0x0800021c   0x00000006   Code   RO         4349    .ARM.Collect$$rtentry$$00000004  c_w.l(__rtentry4.o)
    0x08000222   0x08000222   0x00000000   Code   RO         4339    .ARM.Collect$$rtentry$$00000009  c_w.l(__rtentry2.o)
    0x08000222   0x08000222   0x00000004   Code   RO         4340    .ARM.Collect$$rtentry$$0000000A  c_w.l(__rtentry2.o)
    0x08000226   0x08000226   0x00000000   Code   RO         4342    .ARM.Collect$$rtentry$$0000000C  c_w.l(__rtentry2.o)
    0x08000226   0x08000226   0x00000008   Code   RO         4343    .ARM.Collect$$rtentry$$0000000D  c_w.l(__rtentry2.o)
    0x0800022e   0x0800022e   0x00000002   Code   RO         4372    .ARM.Collect$$rtexit$$00000000  c_w.l(rtexit.o)
    0x08000230   0x08000230   0x00000000   Code   RO         4428    .ARM.Collect$$rtexit$$00000002  c_w.l(rtexit2.o)
    0x08000230   0x08000230   0x00000004   Code   RO         4429    .ARM.Collect$$rtexit$$00000003  c_w.l(rtexit2.o)
    0x08000234   0x08000234   0x00000006   Code   RO         4430    .ARM.Collect$$rtexit$$00000004  c_w.l(rtexit2.o)
    0x0800023a   0x0800023a   0x00000002   PAD
    0x0800023c   0x0800023c   0x00000040   Code   RO            4    .text               startup_stm32l432xx.o
    0x0800027c   0x0800027c   0x000000ee   Code   RO         4258    .text               c_w.l(lludivv7m.o)
    0x0800036a   0x0800036a   0x00000002   PAD
    0x0800036c   0x0800036c   0x00000038   Code   RO         4260    .text               c_w.l(__2snprintf.o)
    0x080003a4   0x080003a4   0x00000068   Code   RO         4264    .text               c_w.l(__printf.o)
    0x0800040c   0x0800040c   0x00000052   Code   RO         4266    .text               c_w.l(_printf_str.o)
    0x0800045e   0x0800045e   0x00000002   PAD
    0x08000460   0x08000460   0x00000078   Code   RO         4268    .text               c_w.l(_printf_dec.o)
    0x080004d8   0x080004d8   0x0000004e   Code   RO         4293    .text               c_w.l(rt_memclr_w.o)
    0x08000526   0x08000526   0x00000006   Code   RO         4295    .text               c_w.l(heapauxi.o)
    0x0800052c   0x0800052c   0x000000b2   Code   RO         4320    .text               c_w.l(_printf_intcommon.o)
    0x080005de   0x080005de   0x00000002   PAD
    0x080005e0   0x080005e0   0x00000030   Code   RO         4322    .text               c_w.l(_printf_char_common.o)
    0x08000610   0x08000610   0x0000000a   Code   RO         4324    .text               c_w.l(_sputc.o)
    0x0800061a   0x0800061a   0x00000010   Code   RO         4326    .text               c_w.l(_snputc.o)
    0x0800062a   0x0800062a   0x0000002c   Code   RO         4328    .text               c_w.l(_printf_char.o)
    0x08000656   0x08000656   0x0000004a   Code   RO         4355    .text               c_w.l(sys_stackheap_outer.o)
    0x080006a0   0x080006a0   0x00000012   Code   RO         4357    .text               c_w.l(exit.o)
    0x080006b2   0x080006b2   0x00000002   PAD
    0x080006b4   0x080006b4   0x00000008   Code   RO         4369    .text               c_w.l(libspace.o)
    0x080006bc   0x080006bc   0x0000000c   Code   RO         4425    .text               c_w.l(sys_exit.o)
    0x080006c8   0x080006c8   0x00000002   Code   RO         4444    .text               c_w.l(use_no_semi.o)
    0x080006ca   0x080006ca   0x00000000   Code   RO         4446    .text               c_w.l(indicate_semi.o)
    0x080006ca   0x080006ca   0x00000002   Code   RO          342    i.BusFault_Handler  stm32l4xx_it.o
    0x080006cc   0x080006cc   0x00000002   Code   RO          343    i.DebugMon_Handler  stm32l4xx_it.o
    0x080006ce   0x080006ce   0x00000006   Code   RO          344    i.EXTI0_IRQHandler  stm32l4xx_it.o
    0x080006d4   0x080006d4   0x00000004   Code   RO           13    i.Error_Handler     main.o
    0x080006d8   0x080006d8   0x00000024   Code   RO          980    i.HAL_Delay         stm32l4xx_hal.o
    0x080006fc   0x080006fc   0x0000003c   Code   RO           14    i.HAL_GPIO_EXTI_Callback  main.o
    0x08000738   0x08000738   0x00000018   Code   RO         1672    i.HAL_GPIO_EXTI_IRQHandler  stm32l4xx_hal_gpio.o
    0x08000750   0x08000750   0x00000202   Code   RO         1673    i.HAL_GPIO_Init     stm32l4xx_hal_gpio.o
    0x08000952   0x08000952   0x0000000a   Code   RO         1675    i.HAL_GPIO_ReadPin  stm32l4xx_hal_gpio.o
    0x0800095c   0x0800095c   0x00000010   Code   RO         1676    i.HAL_GPIO_TogglePin  stm32l4xx_hal_gpio.o
    0x0800096c   0x0800096c   0x0000000a   Code   RO         1677    i.HAL_GPIO_WritePin  stm32l4xx_hal_gpio.o
    0x08000976   0x08000976   0x00000002   PAD
    0x08000978   0x08000978   0x0000000c   Code   RO          984    i.HAL_GetTick       stm32l4xx_hal.o
    0x08000984   0x08000984   0x00000056   Code   RO          919    i.HAL_I2CEx_ConfigAnalogFilter  stm32l4xx_hal_i2c_ex.o
    0x080009da   0x080009da   0x00000052   Code   RO          920    i.HAL_I2CEx_ConfigDigitalFilter  stm32l4xx_hal_i2c_ex.o
    0x08000a2c   0x08000a2c   0x000000b8   Code   RO          458    i.HAL_I2C_Init      stm32l4xx_hal_i2c.o
    0x08000ae4   0x08000ae4   0x0000016a   Code   RO          476    i.HAL_I2C_Mem_Read  stm32l4xx_hal_i2c.o
    0x08000c4e   0x08000c4e   0x00000002   PAD
    0x08000c50   0x08000c50   0x0000015e   Code   RO          479    i.HAL_I2C_Mem_Write  stm32l4xx_hal_i2c.o
    0x08000dae   0x08000dae   0x00000002   PAD
    0x08000db0   0x08000db0   0x00000080   Code   RO          211    i.HAL_I2C_MspInit   i2c.o
    0x08000e30   0x08000e30   0x00000010   Code   RO          990    i.HAL_IncTick       stm32l4xx_hal.o
    0x08000e40   0x08000e40   0x0000001e   Code   RO          991    i.HAL_Init          stm32l4xx_hal.o
    0x08000e5e   0x08000e5e   0x00000002   PAD
    0x08000e60   0x08000e60   0x00000044   Code   RO          992    i.HAL_InitTick      stm32l4xx_hal.o
    0x08000ea4   0x08000ea4   0x0000002c   Code   RO          423    i.HAL_MspInit       stm32l4xx_hal_msp.o
    0x08000ed0   0x08000ed0   0x0000001a   Code   RO         2190    i.HAL_NVIC_EnableIRQ  stm32l4xx_hal_cortex.o
    0x08000eea   0x08000eea   0x00000002   PAD
    0x08000eec   0x08000eec   0x00000040   Code   RO         2196    i.HAL_NVIC_SetPriority  stm32l4xx_hal_cortex.o
    0x08000f2c   0x08000f2c   0x00000024   Code   RO         2197    i.HAL_NVIC_SetPriorityGrouping  stm32l4xx_hal_cortex.o
    0x08000f50   0x08000f50   0x00000068   Code   RO         1964    i.HAL_PWREx_ControlVoltageScaling  stm32l4xx_hal_pwr_ex.o
    0x08000fb8   0x08000fb8   0x00000010   Code   RO         1991    i.HAL_PWREx_GetVoltageRange  stm32l4xx_hal_pwr_ex.o
    0x08000fc8   0x08000fc8   0x00000010   Code   RO         1856    i.HAL_PWR_EnableBkUpAccess  stm32l4xx_hal_pwr.o
    0x08000fd8   0x08000fd8   0x00000010   Code   RO         1300    i.HAL_RCCEx_EnableMSIPLLMode  stm32l4xx_hal_rcc_ex.o
    0x08000fe8   0x08000fe8   0x0000028a   Code   RO         1306    i.HAL_RCCEx_PeriphCLKConfig  stm32l4xx_hal_rcc_ex.o
    0x08001272   0x08001272   0x00000002   PAD
    0x08001274   0x08001274   0x00000144   Code   RO         1178    i.HAL_RCC_ClockConfig  stm32l4xx_hal_rcc.o
    0x080013b8   0x080013b8   0x00000024   Code   RO         1184    i.HAL_RCC_GetPCLK1Freq  stm32l4xx_hal_rcc.o
    0x080013dc   0x080013dc   0x00000024   Code   RO         1185    i.HAL_RCC_GetPCLK2Freq  stm32l4xx_hal_rcc.o
    0x08001400   0x08001400   0x000000a4   Code   RO         1187    i.HAL_RCC_GetSysClockFreq  stm32l4xx_hal_rcc.o
    0x080014a4   0x080014a4   0x00000560   Code   RO         1190    i.HAL_RCC_OscConfig  stm32l4xx_hal_rcc.o
    0x08001a04   0x08001a04   0x00000028   Code   RO         2201    i.HAL_SYSTICK_Config  stm32l4xx_hal_cortex.o
    0x08001a2c   0x08001a2c   0x00000084   Code   RO         3112    i.HAL_TIMEx_ConfigBreakDeadTime  stm32l4xx_hal_tim_ex.o
    0x08001ab0   0x08001ab0   0x0000006c   Code   RO         3130    i.HAL_TIMEx_MasterConfigSynchronization  stm32l4xx_hal_tim_ex.o
    0x08001b1c   0x08001b1c   0x00000062   Code   RO         2394    i.HAL_TIM_Base_Init  stm32l4xx_hal_tim.o
    0x08001b7e   0x08001b7e   0x00000002   PAD
    0x08001b80   0x08001b80   0x00000028   Code   RO          253    i.HAL_TIM_Base_MspInit  tim.o
    0x08001ba8   0x08001ba8   0x000000e0   Code   RO         2403    i.HAL_TIM_ConfigClockSource  stm32l4xx_hal_tim.o
    0x08001c88   0x08001c88   0x00000054   Code   RO          254    i.HAL_TIM_MspPostInit  tim.o
    0x08001cdc   0x08001cdc   0x00000124   Code   RO         2466    i.HAL_TIM_PWM_ConfigChannel  stm32l4xx_hal_tim.o
    0x08001e00   0x08001e00   0x00000062   Code   RO         2469    i.HAL_TIM_PWM_Init  stm32l4xx_hal_tim.o
    0x08001e62   0x08001e62   0x00000002   Code   RO         2471    i.HAL_TIM_PWM_MspInit  stm32l4xx_hal_tim.o
    0x08001e64   0x08001e64   0x000000d0   Code   RO         2474    i.HAL_TIM_PWM_Start  stm32l4xx_hal_tim.o
    0x08001f34   0x08001f34   0x00000066   Code   RO         3422    i.HAL_UART_Init     stm32l4xx_hal_uart.o
    0x08001f9a   0x08001f9a   0x00000002   PAD
    0x08001f9c   0x08001f9c   0x00000090   Code   RO          301    i.HAL_UART_MspInit  usart.o
    0x0800202c   0x0800202c   0x000000b6   Code   RO         3431    i.HAL_UART_Transmit  stm32l4xx_hal_uart.o
    0x080020e2   0x080020e2   0x00000002   Code   RO          345    i.HardFault_Handler  stm32l4xx_it.o
    0x080020e4   0x080020e4   0x00000022   Code   RO          505    i.I2C_Flush_TXDR    stm32l4xx_hal_i2c.o
    0x08002106   0x08002106   0x00000002   PAD
    0x08002108   0x08002108   0x00000120   Code   RO          513    i.I2C_IsErrorOccurred  stm32l4xx_hal_i2c.o
    0x08002228   0x08002228   0x00000064   Code   RO          518    i.I2C_RequestMemoryRead  stm32l4xx_hal_i2c.o
    0x0800228c   0x0800228c   0x00000064   Code   RO          519    i.I2C_RequestMemoryWrite  stm32l4xx_hal_i2c.o
    0x080022f0   0x080022f0   0x00000030   Code   RO          522    i.I2C_TransferConfig  stm32l4xx_hal_i2c.o
    0x08002320   0x08002320   0x00000058   Code   RO          524    i.I2C_WaitOnFlagUntilTimeout  stm32l4xx_hal_i2c.o
    0x08002378   0x08002378   0x0000004c   Code   RO          526    i.I2C_WaitOnSTOPFlagUntilTimeout  stm32l4xx_hal_i2c.o
    0x080023c4   0x080023c4   0x00000050   Code   RO          527    i.I2C_WaitOnTXISFlagUntilTimeout  stm32l4xx_hal_i2c.o
    0x08002414   0x08002414   0x000000ac   Code   RO          186    i.MX_GPIO_Init      gpio.o
    0x080024c0   0x080024c0   0x00000058   Code   RO          212    i.MX_I2C1_Init      i2c.o
    0x08002518   0x08002518   0x000000d8   Code   RO          255    i.MX_TIM1_Init      tim.o
    0x080025f0   0x080025f0   0x0000003c   Code   RO          302    i.MX_USART2_UART_Init  usart.o
    0x0800262c   0x0800262c   0x00000002   Code   RO          346    i.MemManage_Handler  stm32l4xx_it.o
    0x0800262e   0x0800262e   0x00000002   Code   RO          347    i.NMI_Handler       stm32l4xx_it.o
    0x08002630   0x08002630   0x00000002   Code   RO          348    i.PendSV_Handler    stm32l4xx_it.o
    0x08002632   0x08002632   0x00000002   PAD
    0x08002634   0x08002634   0x0000012c   Code   RO         1310    i.RCCEx_PLLSAI1_Config  stm32l4xx_hal_rcc_ex.o
    0x08002760   0x08002760   0x0000007c   Code   RO         1191    i.RCC_SetFlashLatencyFromMSIRange  stm32l4xx_hal_rcc.o
    0x080027dc   0x080027dc   0x00000002   Code   RO          349    i.SVC_Handler       stm32l4xx_it.o
    0x080027de   0x080027de   0x00000004   Code   RO          350    i.SysTick_Handler   stm32l4xx_it.o
    0x080027e2   0x080027e2   0x00000002   PAD
    0x080027e4   0x080027e4   0x0000008c   Code   RO           15    i.SystemClock_Config  main.o
    0x08002870   0x08002870   0x00000010   Code   RO         3870    i.SystemInit        system_stm32l4xx.o
    0x08002880   0x08002880   0x0000006c   Code   RO         2487    i.TIM_Base_SetConfig  stm32l4xx_hal_tim.o
    0x080028ec   0x080028ec   0x0000001a   Code   RO         2488    i.TIM_CCxChannelCmd  stm32l4xx_hal_tim.o
    0x08002906   0x08002906   0x00000014   Code   RO         2498    i.TIM_ETR_SetConfig  stm32l4xx_hal_tim.o
    0x0800291a   0x0800291a   0x00000010   Code   RO         2499    i.TIM_ITRx_SetConfig  stm32l4xx_hal_tim.o
    0x0800292a   0x0800292a   0x00000002   PAD
    0x0800292c   0x0800292c   0x00000078   Code   RO         2500    i.TIM_OC1_SetConfig  stm32l4xx_hal_tim.o
    0x080029a4   0x080029a4   0x00000078   Code   RO         2501    i.TIM_OC2_SetConfig  stm32l4xx_hal_tim.o
    0x08002a1c   0x08002a1c   0x00000074   Code   RO         2502    i.TIM_OC3_SetConfig  stm32l4xx_hal_tim.o
    0x08002a90   0x08002a90   0x00000060   Code   RO         2503    i.TIM_OC4_SetConfig  stm32l4xx_hal_tim.o
    0x08002af0   0x08002af0   0x0000005c   Code   RO         2504    i.TIM_OC5_SetConfig  stm32l4xx_hal_tim.o
    0x08002b4c   0x08002b4c   0x0000005c   Code   RO         2505    i.TIM_OC6_SetConfig  stm32l4xx_hal_tim.o
    0x08002ba8   0x08002ba8   0x00000022   Code   RO         2507    i.TIM_TI1_ConfigInputStage  stm32l4xx_hal_tim.o
    0x08002bca   0x08002bca   0x00000024   Code   RO         2509    i.TIM_TI2_ConfigInputStage  stm32l4xx_hal_tim.o
    0x08002bee   0x08002bee   0x000000c8   Code   RO         3436    i.UART_AdvFeatureConfig  stm32l4xx_hal_uart.o
    0x08002cb6   0x08002cb6   0x0000005c   Code   RO         3437    i.UART_CheckIdleState  stm32l4xx_hal_uart.o
    0x08002d12   0x08002d12   0x00000002   PAD
    0x08002d14   0x08002d14   0x000001dc   Code   RO         3452    i.UART_SetConfig    stm32l4xx_hal_uart.o
    0x08002ef0   0x08002ef0   0x000000c6   Code   RO         3457    i.UART_WaitOnFlagUntilTimeout  stm32l4xx_hal_uart.o
    0x08002fb6   0x08002fb6   0x00000002   Code   RO          351    i.UsageFault_Handler  stm32l4xx_it.o
    0x08002fb8   0x08002fb8   0x00000020   Code   RO         3907    i.VL53L1X_BootState  vl53l1x_api.o
    0x08002fd8   0x08002fd8   0x0000003a   Code   RO         3908    i.VL53L1X_CheckForDataReady  vl53l1x_api.o
    0x08003012   0x08003012   0x0000000e   Code   RO         3909    i.VL53L1X_ClearInterrupt  vl53l1x_api.o
    0x08003020   0x08003020   0x0000001a   Code   RO         3912    i.VL53L1X_GetDistance  vl53l1x_api.o
    0x0800303a   0x0800303a   0x0000002e   Code   RO         3913    i.VL53L1X_GetDistanceMode  vl53l1x_api.o
    0x08003068   0x08003068   0x0000002c   Code   RO         3918    i.VL53L1X_GetInterruptPolarity  vl53l1x_api.o
    0x08003094   0x08003094   0x0000008c   Code   RO         3929    i.VL53L1X_GetTimingBudgetInMs  vl53l1x_api.o
    0x08003120   0x08003120   0x00000070   Code   RO         3931    i.VL53L1X_SensorInit  vl53l1x_api.o
    0x08003190   0x08003190   0x000000a4   Code   RO         3932    i.VL53L1X_SetDistanceMode  vl53l1x_api.o
    0x08003234   0x08003234   0x0000004c   Code   RO         3935    i.VL53L1X_SetInterMeasurementInMs  vl53l1x_api.o
    0x08003280   0x08003280   0x00000132   Code   RO         3941    i.VL53L1X_SetTimingBudgetInMs  vl53l1x_api.o
    0x080033b2   0x080033b2   0x0000000e   Code   RO         3943    i.VL53L1X_StartRanging  vl53l1x_api.o
    0x080033c0   0x080033c0   0x0000000e   Code   RO         3945    i.VL53L1X_StopRanging  vl53l1x_api.o
    0x080033ce   0x080033ce   0x00000006   Code   RO         4195    i.VL53L1_RdByte     vl53l1_platform.o
    0x080033d4   0x080033d4   0x0000001a   Code   RO         4197    i.VL53L1_RdWord     vl53l1_platform.o
    0x080033ee   0x080033ee   0x0000000c   Code   RO         4198    i.VL53L1_WrByte     vl53l1_platform.o
    0x080033fa   0x080033fa   0x00000022   Code   RO         4199    i.VL53L1_WrDWord    vl53l1_platform.o
    0x0800341c   0x0800341c   0x00000016   Code   RO         4200    i.VL53L1_WrWord     vl53l1_platform.o
    0x08003432   0x08003432   0x00000020   Code   RO         2203    i.__NVIC_SetPriority  stm32l4xx_hal_cortex.o
    0x08003452   0x08003452   0x00000020   Code   RO         4201    i.i2c_read          vl53l1_platform.o
    0x08003472   0x08003472   0x00000020   Code   RO         4202    i.i2c_write         vl53l1_platform.o
    0x08003492   0x08003492   0x00000002   PAD
    0x08003494   0x08003494   0x000001ac   Code   RO           16    i.main              main.o
    0x08003640   0x08003640   0x0000005a   Code   RO         4303    x$fpl$dfixu         fz_wm.l(dfixu.o)
    0x0800369a   0x0800369a   0x0000002e   Code   RO         4308    x$fpl$dflt          fz_wm.l(dflt_clz.o)
    0x080036c8   0x080036c8   0x00000154   Code   RO         4313    x$fpl$dmul          fz_wm.l(dmul.o)
    0x0800381c   0x0800381c   0x0000009c   Code   RO         4331    x$fpl$dnaninf       fz_wm.l(dnaninf.o)
    0x080038b8   0x080038b8   0x0000000c   Code   RO         4333    x$fpl$dretinf       fz_wm.l(dretinf.o)
    0x080038c4   0x080038c4   0x0000000a   Code   RO         4440    x$fpl$fpinit        fz_wm.l(fpinit.o)
    0x080038ce   0x080038ce   0x00000000   Code   RO         4335    x$fpl$usenofp       fz_wm.l(usenofp.o)
    0x080038ce   0x080038ce   0x00000002   PAD
    0x080038d0   0x080038d0   0x00000040   Data   RO         3871    .constdata          system_stm32l4xx.o
    0x08003910   0x08003910   0x00000008   Data   RO         3872    .constdata          system_stm32l4xx.o
    0x08003918   0x08003918   0x0000005b   Data   RO         3946    .constdata          vl53l1x_api.o
    0x08003973   0x08003973   0x00000001   PAD
    0x08003974   0x08003974   0x00000020   Data   RO         4498    Region$$Table       anon$$obj.o


    Execution Region RW_IRAM2 (Exec base: 0x10000000, Load base: 0x080039bc, Size: 0x00000000, Max: 0x00004000, ABSOLUTE)

    **** No section assigned to this execution region ****


    Execution Region RW_IRAM1 (Exec base: 0x20000000, Load base: 0x08003994, Size: 0x000007b0, Max: 0x0000c000, ABSOLUTE)

    Exec Addr    Load Addr    Size         Type   Attr      Idx    E Section Name        Object

    0x20000000   0x08003994   0x00000018   Data   RW           17    .data               main.o
    0x20000018   0x080039ac   0x0000000c   Data   RW         1003    .data               stm32l4xx_hal.o
    0x20000024   0x080039b8   0x00000004   Data   RW         3873    .data               system_stm32l4xx.o
    0x20000028        -       0x00000054   Zero   RW          213    .bss                i2c.o
    0x2000007c        -       0x0000004c   Zero   RW          256    .bss                tim.o
    0x200000c8        -       0x00000084   Zero   RW          303    .bss                usart.o
    0x2000014c        -       0x00000060   Zero   RW         4370    .bss                c_w.l(libspace.o)
    0x200001ac   0x080039bc   0x00000004   PAD
    0x200001b0        -       0x00000200   Zero   RW            2    HEAP                startup_stm32l432xx.o
    0x200003b0        -       0x00000400   Zero   RW            1    STACK               startup_stm32l432xx.o


==============================================================================

Image component sizes


      Code (inc. data)   RO Data    RW Data    ZI Data      Debug   Object Name

       172          8          0          0          0        955   gpio.o
       216         22          0          0         84       1765   i2c.o
       632         88          0         24          0     674225   main.o
        64         26        396          0       1536        848   startup_stm32l432xx.o
       162         24          0         12          0      11609   stm32l4xx_hal.o
       198         14          0          0          0      33879   stm32l4xx_hal_cortex.o
       574         26          0          0          0       4223   stm32l4xx_hal_gpio.o
      1710         40          0          0          0      12294   stm32l4xx_hal_i2c.o
       168          0          0          0          0       1923   stm32l4xx_hal_i2c_ex.o
        44          6          0          0          0        858   stm32l4xx_hal_msp.o
        16          4          0          0          0        551   stm32l4xx_hal_pwr.o
       120         20          0          0          0       1374   stm32l4xx_hal_pwr_ex.o
      2060         98          0          0          0       7016   stm32l4xx_hal_rcc.o
       966         36          0          0          0       3465   stm32l4xx_hal_rcc_ex.o
      1798        136          0          0          0      14568   stm32l4xx_hal_tim.o
       240         16          0          0          0       2300   stm32l4xx_hal_tim_ex.o
      1250         48          0          0          0       6557   stm32l4xx_hal_uart.o
        26          0          0          0          0       4673   stm32l4xx_it.o
        16          4         72          4          0       1197   system_stm32l4xx.o
       340         30          0          0         76       2476   tim.o
       204         16          0          0        132       1782   usart.o
       164          0          0          0          0       5229   vl53l1_platform.o
      1046         12         91          0          0      10148   vl53l1x_api.o

    ----------------------------------------------------------------------
     12214        674        592         40       1828     803915   Object Totals
         0          0         32          0          0          0   (incl. Generated)
        28          0          1          0          0          0   (incl. Padding)

    ----------------------------------------------------------------------

      Code (inc. data)   RO Data    RW Data    ZI Data      Debug   Library Member Name

        56          6          0          0          0         88   __2snprintf.o
         8          0          0          0          0         68   __main.o
       104          0          0          0          0         84   __printf.o
         0          0          0          0          0          0   __rtentry.o
        12          0          0          0          0          0   __rtentry2.o
         6          0          0          0          0          0   __rtentry4.o
        52          8          0          0          0          0   __scatter.o
        26          0          0          0          0          0   __scatter_copy.o
        28          0          0          0          0          0   __scatter_zi.o
        44          0          0          0          0        108   _printf_char.o
        48          6          0          0          0         96   _printf_char_common.o
       120         16          0          0          0         92   _printf_dec.o
       178          0          0          0          0         88   _printf_intcommon.o
         0          0          0          0          0          0   _printf_percent.o
         4          0          0          0          0          0   _printf_percent_end.o
         6          0          0          0          0          0   _printf_s.o
        82          0          0          0          0         80   _printf_str.o
         6          0          0          0          0          0   _printf_u.o
        16          0          0          0          0         68   _snputc.o
        10          0          0          0          0         68   _sputc.o
        18          0          0          0          0         80   exit.o
         6          0          0          0          0        152   heapauxi.o
         0          0          0          0          0          0   indicate_semi.o
         2          0          0          0          0          0   libinit.o
         6          0          0          0          0          0   libinit2.o
         2          0          0          0          0          0   libshutdown.o
         2          0          0          0          0          0   libshutdown2.o
         8          4          0          0         96         68   libspace.o
       238          0          0          0          0        100   lludivv7m.o
        78          0          0          0          0         80   rt_memclr_w.o
         2          0          0          0          0          0   rtexit.o
        10          0          0          0          0          0   rtexit2.o
        12          4          0          0          0         68   sys_exit.o
        74          0          0          0          0         80   sys_stackheap_outer.o
         2          0          0          0          0         68   use_no_semi.o
        90          4          0          0          0        140   dfixu.o
        46          0          0          0          0        116   dflt_clz.o
       340         12          0          0          0        152   dmul.o
       156          4          0          0          0        140   dnaninf.o
        12          0          0          0          0        116   dretinf.o
        10          0          0          0          0        116   fpinit.o
         0          0          0          0          0          0   usenofp.o

    ----------------------------------------------------------------------
      1934         64          0          0        100       2316   Library Totals
        14          0          0          0          4          0   (incl. Padding)

    ----------------------------------------------------------------------

      Code (inc. data)   RO Data    RW Data    ZI Data      Debug   Library Name

      1266         44          0          0         96       1536   c_w.l
       654         20          0          0          0        780   fz_wm.l

    ----------------------------------------------------------------------
      1934         64          0          0        100       2316   Library Totals

    ----------------------------------------------------------------------

==============================================================================


      Code (inc. data)   RO Data    RW Data    ZI Data      Debug   

     14148        738        592         40       1928     794803   Grand Totals
     14148        738        592         40       1928     794803   ELF Image Totals
     14148        738        592         40          0          0   ROM Totals

==============================================================================

    Total RO  Size (Code + RO Data)                14740 (  14.39kB)
    Total RW  Size (RW Data + ZI Data)              1968 (   1.92kB)
    Total ROM Size (Code + RO Data + RW Data)      14780 (  14.43kB)

==============================================================================

