Component: ARM Compiler 5.06 update 7 (build 960) Tool: armlink [4d3601]

==============================================================================

Section Cross References

    startup_stm32l432xx.o(STACK) refers (Special) to heapauxi.o(.text) for __use_two_region_memory
    startup_stm32l432xx.o(HEAP) refers (Special) to heapauxi.o(.text) for __use_two_region_memory
    startup_stm32l432xx.o(RESET) refers (Special) to heapauxi.o(.text) for __use_two_region_memory
    startup_stm32l432xx.o(RESET) refers to startup_stm32l432xx.o(STACK) for __initial_sp
    startup_stm32l432xx.o(RESET) refers to startup_stm32l432xx.o(.text) for Reset_Handler
    startup_stm32l432xx.o(RESET) refers to stm32l4xx_it.o(i.NMI_Handler) for NMI_Handler
    startup_stm32l432xx.o(RESET) refers to stm32l4xx_it.o(i.HardFault_Handler) for HardFault_Handler
    startup_stm32l432xx.o(RESET) refers to stm32l4xx_it.o(i.MemManage_Handler) for MemManage_Handler
    startup_stm32l432xx.o(RESET) refers to stm32l4xx_it.o(i.BusFault_Handler) for BusFault_Handler
    startup_stm32l432xx.o(RESET) refers to stm32l4xx_it.o(i.UsageFault_Handler) for UsageFault_Handler
    startup_stm32l432xx.o(RESET) refers to port.o(.emb_text) for SVC_Handler
    startup_stm32l432xx.o(RESET) refers to stm32l4xx_it.o(i.DebugMon_Handler) for DebugMon_Handler
    startup_stm32l432xx.o(RESET) refers to cmsis_os2.o(i.SysTick_Handler) for SysTick_Handler
    startup_stm32l432xx.o(RESET) refers to stm32l4xx_it.o(i.EXTI0_IRQHandler) for EXTI0_IRQHandler
    startup_stm32l432xx.o(RESET) refers to stm32l4xx_it.o(i.TIM6_DAC_IRQHandler) for TIM6_DAC_IRQHandler
    startup_stm32l432xx.o(.text) refers (Special) to heapauxi.o(.text) for __use_two_region_memory
    startup_stm32l432xx.o(.text) refers to system_stm32l4xx.o(i.SystemInit) for SystemInit
    startup_stm32l432xx.o(.text) refers to __main.o(!!!main) for __main
    startup_stm32l432xx.o(.text) refers to startup_stm32l432xx.o(HEAP) for Heap_Mem
    startup_stm32l432xx.o(.text) refers to startup_stm32l432xx.o(STACK) for Stack_Mem
    main.o(i.HAL_GPIO_EXTI_Callback) refers to queue.o(i.xQueueGiveFromISR) for xQueueGiveFromISR
    main.o(i.HAL_GPIO_EXTI_Callback) refers to main.o(.data) for .data
    main.o(i.HAL_TIM_PeriodElapsedCallback) refers to stm32l4xx_hal.o(i.HAL_IncTick) for HAL_IncTick
    main.o(i.MX_GPIO_Init) refers to rt_memclr_w.o(.text) for __aeabi_memclr4
    main.o(i.MX_GPIO_Init) refers to stm32l4xx_hal_gpio.o(i.HAL_GPIO_WritePin) for HAL_GPIO_WritePin
    main.o(i.MX_GPIO_Init) refers to stm32l4xx_hal_gpio.o(i.HAL_GPIO_Init) for HAL_GPIO_Init
    main.o(i.MX_GPIO_Init) refers to stm32l4xx_hal_cortex.o(i.HAL_NVIC_SetPriority) for HAL_NVIC_SetPriority
    main.o(i.MX_GPIO_Init) refers to stm32l4xx_hal_cortex.o(i.HAL_NVIC_EnableIRQ) for HAL_NVIC_EnableIRQ
    main.o(i.MX_I2C1_Init) refers to stm32l4xx_hal_i2c.o(i.HAL_I2C_Init) for HAL_I2C_Init
    main.o(i.MX_I2C1_Init) refers to stm32l4xx_hal_i2c_ex.o(i.HAL_I2CEx_ConfigAnalogFilter) for HAL_I2CEx_ConfigAnalogFilter
    main.o(i.MX_I2C1_Init) refers to stm32l4xx_hal_i2c_ex.o(i.HAL_I2CEx_ConfigDigitalFilter) for HAL_I2CEx_ConfigDigitalFilter
    main.o(i.MX_I2C1_Init) refers to main.o(.bss) for .bss
    main.o(i.MX_TIM16_Init) refers to rt_memclr_w.o(.text) for __aeabi_memclr4
    main.o(i.MX_TIM16_Init) refers to stm32l4xx_hal_tim.o(i.HAL_TIM_Base_Init) for HAL_TIM_Base_Init
    main.o(i.MX_TIM16_Init) refers to stm32l4xx_hal_tim.o(i.HAL_TIM_PWM_Init) for HAL_TIM_PWM_Init
    main.o(i.MX_TIM16_Init) refers to stm32l4xx_hal_tim.o(i.HAL_TIM_PWM_ConfigChannel) for HAL_TIM_PWM_ConfigChannel
    main.o(i.MX_TIM16_Init) refers to stm32l4xx_hal_tim_ex.o(i.HAL_TIMEx_ConfigBreakDeadTime) for HAL_TIMEx_ConfigBreakDeadTime
    main.o(i.MX_TIM16_Init) refers to stm32l4xx_hal_msp.o(i.HAL_TIM_MspPostInit) for HAL_TIM_MspPostInit
    main.o(i.MX_TIM16_Init) refers to main.o(.bss) for .bss
    main.o(i.MX_TIM1_Init) refers to rt_memclr_w.o(.text) for __aeabi_memclr4
    main.o(i.MX_TIM1_Init) refers to stm32l4xx_hal_tim.o(i.HAL_TIM_Base_Init) for HAL_TIM_Base_Init
    main.o(i.MX_TIM1_Init) refers to stm32l4xx_hal_tim.o(i.HAL_TIM_ConfigClockSource) for HAL_TIM_ConfigClockSource
    main.o(i.MX_TIM1_Init) refers to stm32l4xx_hal_tim.o(i.HAL_TIM_PWM_Init) for HAL_TIM_PWM_Init
    main.o(i.MX_TIM1_Init) refers to stm32l4xx_hal_tim_ex.o(i.HAL_TIMEx_MasterConfigSynchronization) for HAL_TIMEx_MasterConfigSynchronization
    main.o(i.MX_TIM1_Init) refers to stm32l4xx_hal_tim.o(i.HAL_TIM_PWM_ConfigChannel) for HAL_TIM_PWM_ConfigChannel
    main.o(i.MX_TIM1_Init) refers to stm32l4xx_hal_tim_ex.o(i.HAL_TIMEx_ConfigBreakDeadTime) for HAL_TIMEx_ConfigBreakDeadTime
    main.o(i.MX_TIM1_Init) refers to stm32l4xx_hal_msp.o(i.HAL_TIM_MspPostInit) for HAL_TIM_MspPostInit
    main.o(i.MX_TIM1_Init) refers to main.o(.bss) for .bss
    main.o(i.MX_TIM2_Init) refers to rt_memclr_w.o(.text) for __aeabi_memclr4
[...]
    xPendingReadyList                        0x20000888   Data          20  tasks.o(.bss)
    xTasksWaitingTermination                 0x2000089c   Data          20  tasks.o(.bss)
    xSuspendedTaskList                       0x200008b0   Data          20  tasks.o(.bss)
    .bss                                     0x200008c4   Section      280  timers.o(.bss)
    xStaticTimerQueue                        0x200008c4   Data          80  timers.o(.bss)
    ucStaticTimerQueueStorage                0x20000914   Data         160  timers.o(.bss)
    xActiveTimerList1                        0x200009b4   Data          20  timers.o(.bss)
    xActiveTimerList2                        0x200009c8   Data          20  timers.o(.bss)
    .bss                                     0x200009dc   Section     1720  cmsis_os2.o(.bss)
    Idle_TCB                                 0x200009dc   Data          92  cmsis_os2.o(.bss)
    Idle_Stack                               0x20000a38   Data         512  cmsis_os2.o(.bss)
    Timer_TCB                                0x20000c38   Data          92  cmsis_os2.o(.bss)
    Timer_Stack                              0x20000c94   Data        1024  cmsis_os2.o(.bss)
    .bss                                     0x20001094   Section     8192  heap_4.o(.bss)
    ucHeap                                   0x20001094   Data        8192  heap_4.o(.bss)
    .bss                                     0x20003094   Section       96  libspace.o(.bss)
    HEAP                                     0x200030f8   Section      512  startup_stm32l432xx.o(HEAP)
    Heap_Mem                                 0x200030f8   Data         512  startup_stm32l432xx.o(HEAP)
    STACK                                    0x200032f8   Section     1024  startup_stm32l432xx.o(STACK)
    Stack_Mem                                0x200032f8   Data        1024  startup_stm32l432xx.o(STACK)
    __initial_sp                             0x200036f8   Data           0  startup_stm32l432xx.o(STACK)

    Global Symbols

    Symbol Name                              Value     Ov Type        Size  Object(Section)

    BuildAttributes$$THM_ISAv4$E$P$D$K$B$S$7EM$VFPi3$EXTD16$VFPS$VFMA$PE$A:L22UL41UL21$X:L11$S22US41US21$IEEE1$IW$USESV6$~STKCKD$USESV7$~SHL$OSPACE$ROPI$EBA8$UX$STANDARDLIB$REQ8$PRES8$EABIv2 0x00000000   Number         0  anon$$obj.o ABSOLUTE
    __ARM_use_no_argv                        0x00000000   Number         0  main.o ABSOLUTE
    _printf_flags                            0x00000000   Number         0  printf_stubs.o ABSOLUTE
    _printf_return_value                     0x00000000   Number         0  printf_stubs.o ABSOLUTE
    _printf_sizespec                         0x00000000   Number         0  printf_stubs.o ABSOLUTE
    _printf_widthprec                        0x00000000   Number         0  printf_stubs.o ABSOLUTE
    __ARM_exceptions_init                     - Undefined Weak Reference
    __alloca_initialize                       - Undefined Weak Reference
    __arm_fini_                               - Undefined Weak Reference
    __arm_preinit_                            - Undefined Weak Reference
    __cpp_initialize__aeabi_                  - Undefined Weak Reference
    __cxa_finalize                            - Undefined Weak Reference
    __rt_locale                               - Undefined Weak Reference
    __sigvec_lookup                           - Undefined Weak Reference
    _atexit_init                              - Undefined Weak Reference
    _call_atexit_fns                          - Undefined Weak Reference
    _clock_init                               - Undefined Weak Reference
    _fp_trap_init                             - Undefined Weak Reference
    _fp_trap_shutdown                         - Undefined Weak Reference
    _get_lc_collate                           - Undefined Weak Reference
    _get_lc_ctype                             - Undefined Weak Reference
    _get_lc_monetary                          - Undefined Weak Reference
    _get_lc_numeric                           - Undefined Weak Reference
    _get_lc_time                              - Undefined Weak Reference
    _getenv_init                              - Undefined Weak Reference
    _handle_redirection                       - Undefined Weak Reference
    _init_alloc                               - Undefined Weak Reference
    _init_user_alloc                          - Undefined Weak Reference
    _initio                                   - Undefined Weak Reference
    _printf_mbtowc                            - Undefined Weak Reference
    _printf_truncate_signed                   - Undefined Weak Reference
    _printf_truncate_unsigned                 - Undefined Weak Reference
    _rand_init                                - Undefined Weak Reference
    _signal_finish                            - Undefined Weak Reference
    _signal_init                              - Undefined Weak Reference
    _terminate_alloc                          - Undefined Weak Reference
    _terminate_user_alloc                     - Undefined Weak Reference
    _terminateio                              - Undefined Weak Reference
    __Vectors_Size                           0x0000018c   Number         0  startup_stm32l432xx.o ABSOLUTE
    __Vectors                                0x08000000   Data           4  startup_stm32l432xx.o(RESET)
    __Vectors_End                            0x0800018c   Data           0  startup_stm32l432xx.o(RESET)
    __main                                   0x0800018d   Thumb Code     8  __main.o(!!!main)
    __scatterload                            0x08000195   Thumb Code     0  __scatter.o(!!!scatter)
    __scatterload_rt2                        0x08000195   Thumb Code    44  __scatter.o(!!!scatter)
    __scatterload_rt2_thumb_only             0x08000195   Thumb Code     0  __scatter.o(!!!scatter)
    __scatterload_null                       0x080001a3   Thumb Code     0  __scatter.o(!!!scatter)
    __scatterload_copy                       0x080001c9   Thumb Code    26  __scatter_copy.o(!!handler_copy)
    __scatterload_zeroinit                   0x080001e5   Thumb Code    28  __scatter_zi.o(!!handler_zi)
    _printf_d                                0x08000201   Thumb Code     0  _printf_d.o(.ARM.Collect$$_printf_percent$$00000009)
    _printf_percent                          0x08000201   Thumb Code     0  _printf_percent.o(.ARM.Collect$$_printf_percent$$00000000)
    _printf_u                                0x08000207   Thumb Code     0  _printf_u.o(.ARM.Collect$$_printf_percent$$0000000A)
    _printf_x                                0x0800020d   Thumb Code     0  _printf_x.o(.ARM.Collect$$_printf_percent$$0000000C)
    _printf_s                                0x08000213   Thumb Code     0  _printf_s.o(.ARM.Collect$$_printf_percent$$00000014)
    _printf_percent_end                      0x08000219   Thumb Code     0  _printf_percent_end.o(.ARM.Collect$$_printf_percent$$00000017)
    __rt_lib_init                            0x0800021d   Thumb Code     0  libinit.o(.ARM.Collect$$libinit$$00000000)
    __rt_lib_init_fp_1                       0x0800021f   Thumb Code     0  libinit2.o(.ARM.Collect$$libinit$$00000001)
    __rt_lib_init_alloca_1                   0x08000223   Thumb Code     0  libinit2.o(.ARM.Collect$$libinit$$0000002E)
    __rt_lib_init_argv_1                     0x08000223   Thumb Code     0  libinit2.o(.ARM.Collect$$libinit$$0000002C)
    __rt_lib_init_atexit_1                   0x08000223   Thumb Code     0  libinit2.o(.ARM.Collect$$libinit$$0000001B)
    __rt_lib_init_clock_1                    0x08000223   Thumb Code     0  libinit2.o(.ARM.Collect$$libinit$$00000021)
    __rt_lib_init_cpp_1                      0x08000223   Thumb Code     0  libinit2.o(.ARM.Collect$$libinit$$00000032)
    __rt_lib_init_exceptions_1               0x08000223   Thumb Code     0  libinit2.o(.ARM.Collect$$libinit$$00000030)
    __rt_lib_init_fp_trap_1                  0x08000223   Thumb Code     0  libinit2.o(.ARM.Collect$$libinit$$0000001F)
    __rt_lib_init_getenv_1                   0x08000223   Thumb Code     0  libinit2.o(.ARM.Collect$$libinit$$00000023)
    __rt_lib_init_heap_1                     0x08000223   Thumb Code     0  libinit2.o(.ARM.Collect$$libinit$$0000000A)
    __rt_lib_init_lc_collate_1               0x08000223   Thumb Code     0  libinit2.o(.ARM.Collect$$libinit$$00000011)
    __rt_lib_init_lc_ctype_1                 0x08000223   Thumb Code     0  libinit2.o(.ARM.Collect$$libinit$$00000013)
    __rt_lib_init_lc_monetary_1              0x08000223   Thumb Code     0  libinit2.o(.ARM.Collect$$libinit$$00000015)
    __rt_lib_init_lc_numeric_1               0x08000223   Thumb Code     0  libinit2.o(.ARM.Collect$$libinit$$00000017)
    __rt_lib_init_lc_time_1                  0x08000223   Thumb Code     0  libinit2.o(.ARM.Collect$$libinit$$00000019)
    __rt_lib_init_preinit_1                  0x08000223   Thumb Code     0  libinit2.o(.ARM.Collect$$libinit$$00000004)
    __rt_lib_init_rand_1                     0x08000223   Thumb Code     0  libinit2.o(.ARM.Collect$$libinit$$0000000E)
    __rt_lib_init_return                     0x08000223   Thumb Code     0  libinit2.o(.ARM.Collect$$libinit$$00000033)
    __rt_lib_init_signal_1                   0x08000223   Thumb Code     0  libinit2.o(.ARM.Collect$$libinit$$0000001D)
    __rt_lib_init_stdio_1                    0x08000223   Thumb Code     0  libinit2.o(.ARM.Collect$$libinit$$00000025)
    __rt_lib_init_user_alloc_1               0x08000223   Thumb Code     0  libinit2.o(.ARM.Collect$$libinit$$0000000C)
    __rt_lib_shutdown                        0x08000225   Thumb Code     0  libshutdown.o(.ARM.Collect$$libshutdown$$00000000)
    __rt_lib_shutdown_cpp_1                  0x08000227   Thumb Code     0  libshutdown2.o(.ARM.Collect$$libshutdown$$00000004)
    __rt_lib_shutdown_fini_1                 0x08000227   Thumb Code     0  libshutdown2.o(.ARM.Collect$$libshutdown$$00000002)
    __rt_lib_shutdown_fp_trap_1              0x08000227   Thumb Code     0  libshutdown2.o(.ARM.Collect$$libshutdown$$00000009)
    __rt_lib_shutdown_heap_1                 0x08000227   Thumb Code     0  libshutdown2.o(.ARM.Collect$$libshutdown$$00000011)
    __rt_lib_shutdown_return                 0x08000227   Thumb Code     0  libshutdown2.o(.ARM.Collect$$libshutdown$$00000012)
    __rt_lib_shutdown_signal_1               0x08000227   Thumb Code     0  libshutdown2.o(.ARM.Collect$$libshutdown$$0000000C)
    __rt_lib_shutdown_stdio_1                0x08000227   Thumb Code     0  libshutdown2.o(.ARM.Collect$$libshutdown$$00000006)
    __rt_lib_shutdown_user_alloc_1           0x08000227   Thumb Code     0  libshutdown2.o(.ARM.Collect$$libshutdown$$0000000E)
    __rt_entry                               0x08000229   Thumb Code     0  __rtentry.o(.ARM.Collect$$rtentry$$00000000)
    __rt_entry_presh_1                       0x08000229   Thumb Code     0  __rtentry2.o(.ARM.Collect$$rtentry$$00000002)
    __rt_entry_sh                            0x08000229   Thumb Code     0  __rtentry4.o(.ARM.Collect$$rtentry$$00000004)
    __rt_entry_li                            0x0800022f   Thumb Code     0  __rtentry2.o(.ARM.Collect$$rtentry$$0000000A)
    __rt_entry_postsh_1                      0x0800022f   Thumb Code     0  __rtentry2.o(.ARM.Collect$$rtentry$$00000009)
    __rt_entry_main                          0x08000233   Thumb Code     0  __rtentry2.o(.ARM.Collect$$rtentry$$0000000D)
    __rt_entry_postli_1                      0x08000233   Thumb Code     0  __rtentry2.o(.ARM.Collect$$rtentry$$0000000C)
    __rt_exit                                0x0800023b   Thumb Code     0  rtexit.o(.ARM.Collect$$rtexit$$00000000)
    __rt_exit_ls                             0x0800023d   Thumb Code     0  rtexit2.o(.ARM.Collect$$rtexit$$00000003)
    __rt_exit_prels_1                        0x0800023d   Thumb Code     0  rtexit2.o(.ARM.Collect$$rtexit$$00000002)
    __rt_exit_exit                           0x08000241   Thumb Code     0  rtexit2.o(.ARM.Collect$$rtexit$$00000004)
    SVC_Handler                              0x08000249   Thumb Code    28  port.o(.emb_text)
    __asm___6_port_c_39a90d8d__prvStartFirstTask 0x08000269   Thumb Code    36  port.o(.emb_text)
    __asm___6_port_c_39a90d8d__prvEnableVFP  0x08000291   Thumb Code    16  port.o(.emb_text)
    PendSV_Handler                           0x080002a5   Thumb Code    88  port.o(.emb_text)
    vPortGetIPSR                             0x08000301   Thumb Code     6  port.o(.emb_text)
    Reset_Handler                            0x08000329   Thumb Code     8  startup_stm32l432xx.o(.text)
    ADC1_IRQHandler                          0x08000343   Thumb Code     0  startup_stm32l432xx.o(.text)
    CAN1_RX0_IRQHandler                      0x08000343   Thumb Code     0  startup_stm32l432xx.o(.text)
    CAN1_RX1_IRQHandler                      0x08000343   Thumb Code     0  startup_stm32l432xx.o(.text)
    CAN1_SCE_IRQHandler                      0x08000343   Thumb Code     0  startup_stm32l432xx.o(.text)
    CAN1_TX_IRQHandler                       0x08000343   Thumb Code     0  startup_stm32l432xx.o(.text)
    COMP_IRQHandler                          0x08000343   Thumb Code     0  startup_stm32l432xx.o(.text)
    CRS_IRQHandler                           0x08000343   Thumb Code     0  startup_stm32l432xx.o(.text)
    DMA1_Channel1_IRQHandler                 0x08000343   Thumb Code     0  startup_stm32l432xx.o(.text)
    DMA1_Channel2_IRQHandler                 0x08000343   Thumb Code     0  startup_stm32l432xx.o(.text)
    DMA1_Channel3_IRQHandler                 0x08000343   Thumb Code     0  startup_stm32l432xx.o(.text)
    DMA1_Channel4_IRQHandler                 0x08000343   Thumb Code     0  startup_stm32l432xx.o(.text)
    DMA1_Channel5_IRQHandler                 0x08000343   Thumb Code     0  startup_stm32l432xx.o(.text)
    DMA1_Channel6_IRQHandler                 0x08000343   Thumb Code     0  startup_stm32l432xx.o(.text)
    DMA1_Channel7_IRQHandler                 0x08000343   Thumb Code     0  startup_stm32l432xx.o(.text)
    DMA2_Channel1_IRQHandler                 0x08000343   Thumb Code     0  startup_stm32l432xx.o(.text)
    DMA2_Channel2_IRQHandler                 0x08000343   Thumb Code     0  startup_stm32l432xx.o(.text)
    DMA2_Channel3_IRQHandler                 0x08000343   Thumb Code     0  startup_stm32l432xx.o(.text)
    DMA2_Channel4_IRQHandler                 0x08000343   Thumb Code     0  startup_stm32l432xx.o(.text)
    DMA2_Channel5_IRQHandler                 0x08000343   Thumb Code     0  startup_stm32l432xx.o(.text)
    DMA2_Channel6_IRQHandler                 0x08000343   Thumb Code     0  startup_stm32l432xx.o(.text)
    DMA2_Channel7_IRQHandler                 0x08000343   Thumb Code     0  startup_stm32l432xx.o(.text)
    EXTI15_10_IRQHandler                     0x08000343   Thumb Code     0  startup_stm32l432xx.o(.text)
    EXTI1_IRQHandler                         0x08000343   Thumb Code     0  startup_stm32l432xx.o(.text)
    EXTI2_IRQHandler                         0x08000343   Thumb Code     0  startup_stm32l432xx.o(.text)
    EXTI3_IRQHandler                         0x08000343   Thumb Code     0  startup_stm32l432xx.o(.text)
    EXTI4_IRQHandler                         0x08000343   Thumb Code     0  startup_stm32l432xx.o(.text)
    EXTI9_5_IRQHandler                       0x08000343   Thumb Code     0  startup_stm32l432xx.o(.text)
    FLASH_IRQHandler                         0x08000343   Thumb Code     0  startup_stm32l432xx.o(.text)
    FPU_IRQHandler                           0x08000343   Thumb Code     0  startup_stm32l432xx.o(.text)
    I2C1_ER_IRQHandler                       0x08000343   Thumb Code     0  startup_stm32l432xx.o(.text)
    I2C1_EV_IRQHandler                       0x08000343   Thumb Code     0  startup_stm32l432xx.o(.text)
    I2C3_ER_IRQHandler                       0x08000343   Thumb Code     0  startup_stm32l432xx.o(.text)
    I2C3_EV_IRQHandler                       0x08000343   Thumb Code     0  startup_stm32l432xx.o(.text)
    LPTIM1_IRQHandler                        0x08000343   Thumb Code     0  startup_stm32l432xx.o(.text)
    LPTIM2_IRQHandler                        0x08000343   Thumb Code     0  startup_stm32l432xx.o(.text)
    LPUART1_IRQHandler                       0x08000343   Thumb Code     0  startup_stm32l432xx.o(.text)
    PVD_PVM_IRQHandler                       0x08000343   Thumb Code     0  startup_stm32l432xx.o(.text)
    QUADSPI_IRQHandler                       0x08000343   Thumb Code     0  startup_stm32l432xx.o(.text)
    RCC_IRQHandler                           0x08000343   Thumb Code     0  startup_stm32l432xx.o(.text)
    RNG_IRQHandler                           0x08000343   Thumb Code     0  startup_stm32l432xx.o(.text)
    RTC_Alarm_IRQHandler                     0x08000343   Thumb Code     0  startup_stm32l432xx.o(.text)
    RTC_WKUP_IRQHandler                      0x08000343   Thumb Code     0  startup_stm32l432xx.o(.text)
    SAI1_IRQHandler                          0x08000343   Thumb Code     0  startup_stm32l432xx.o(.text)
    SPI1_IRQHandler                          0x08000343   Thumb Code     0  startup_stm32l432xx.o(.text)
    SPI3_IRQHandler                          0x08000343   Thumb Code     0  startup_stm32l432xx.o(.text)
    SWPMI1_IRQHandler                        0x08000343   Thumb Code     0  startup_stm32l432xx.o(.text)
    TAMP_STAMP_IRQHandler                    0x08000343   Thumb Code     0  startup_stm32l432xx.o(.text)
    TIM1_BRK_TIM15_IRQHandler                0x08000343   Thumb Code     0  startup_stm32l432xx.o(.text)
    TIM1_CC_IRQHandler                       0x08000343   Thumb Code     0  startup_stm32l432xx.o(.text)
    TIM1_TRG_COM_IRQHandler                  0x08000343   Thumb Code     0  startup_stm32l432xx.o(.text)
    TIM1_UP_TIM16_IRQHandler                 0x08000343   Thumb Code     0  startup_stm32l432xx.o(.text)
    TIM2_IRQHandler                          0x08000343   Thumb Code     0  startup_stm32l432xx.o(.text)
    TIM7_IRQHandler                          0x08000343   Thumb Code     0  startup_stm32l432xx.o(.text)
    TSC_IRQHandler                           0x08000343   Thumb Code     0  startup_stm32l432xx.o(.text)
    USART1_IRQHandler                        0x08000343   Thumb Code     0  startup_stm32l432xx.o(.text)
    USART2_IRQHandler                        0x08000343   Thumb Code     0  startup_stm32l432xx.o(.text)
    USB_IRQHandler                           0x08000343   Thumb Code     0  startup_stm32l432xx.o(.text)
    WWDG_IRQHandler                          0x08000343   Thumb Code     0  startup_stm32l432xx.o(.text)
    __user_initial_stackheap                 0x08000345   Thumb Code     0  startup_stm32l432xx.o(.text)
    __aeabi_uldivmod                         0x08000369   Thumb Code     0  lludivv7m.o(.text)
    _ll_udiv                                 0x08000369   Thumb Code   238  lludivv7m.o(.text)
    __2snprintf                              0x08000459   Thumb Code    50  __2snprintf.o(.text)
    _printf_pre_padding                      0x08000491   Thumb Code    44  _printf_pad.o(.text)
    _printf_post_padding                     0x080004bd   Thumb Code    34  _printf_pad.o(.text)
    _printf_str                              0x080004df   Thumb Code    82  _printf_str.o(.text)
    _printf_int_dec                          0x08000531   Thumb Code   104  _printf_dec.o(.text)
    _printf_int_hex                          0x080005a9   Thumb Code    84  _printf_hex_int.o(.text)
    _printf_longlong_hex                     0x080005a9   Thumb Code     0  _printf_hex_int.o(.text)
    __printf                                 0x08000601   Thumb Code   388  __printf_flags_ss_wp.o(.text)
    __aeabi_memcpy                           0x0800078f   Thumb Code     0  rt_memcpy_v6.o(.text)
    __rt_memcpy                              0x0800078f   Thumb Code   138  rt_memcpy_v6.o(.text)
    _memcpy_lastbytes                        0x080007f5   Thumb Code     0  rt_memcpy_v6.o(.text)
    __aeabi_memset                           0x08000819   Thumb Code    16  aeabi_memset.o(.text)
    __aeabi_memclr4                          0x08000829   Thumb Code     0  rt_memclr_w.o(.text)
    __aeabi_memclr8                          0x08000829   Thumb Code     0  rt_memclr_w.o(.text)
    __rt_memclr_w                            0x08000829   Thumb Code    78  rt_memclr_w.o(.text)
    _memset_w                                0x0800082d   Thumb Code     0  rt_memclr_w.o(.text)
    __use_two_region_memory                  0x08000877   Thumb Code     2  heapauxi.o(.text)
    __rt_heap_escrow$2region                 0x08000879   Thumb Code     2  heapauxi.o(.text)
    __rt_heap_expand$2region                 0x0800087b   Thumb Code     2  heapauxi.o(.text)
    _printf_int_common                       0x0800087d   Thumb Code   178  _printf_intcommon.o(.text)
    _printf_char_common                      0x0800093b   Thumb Code    32  _printf_char_common.o(.text)
    _sputc                                   0x08000961   Thumb Code    10  _sputc.o(.text)
    _snputc                                  0x0800096b   Thumb Code    16  _snputc.o(.text)
    _printf_cs_common                        0x0800097b   Thumb Code    20  _printf_char.o(.text)
    _printf_char                             0x0800098f   Thumb Code    16  _printf_char.o(.text)
    _printf_string                           0x0800099f   Thumb Code     8  _printf_char.o(.text)
    __aeabi_memcpy4                          0x080009a7   Thumb Code     0  rt_memcpy_w.o(.text)
    __aeabi_memcpy8                          0x080009a7   Thumb Code     0  rt_memcpy_w.o(.text)
    __rt_memcpy_w                            0x080009a7   Thumb Code   100  rt_memcpy_w.o(.text)
    _memcpy_lastbytes_aligned                0x080009ef   Thumb Code     0  rt_memcpy_w.o(.text)
    __aeabi_memclr                           0x08000a0b   Thumb Code     0  rt_memclr.o(.text)
    __rt_memclr                              0x08000a0b   Thumb Code    68  rt_memclr.o(.text)
    _memset                                  0x08000a0f   Thumb Code     0  rt_memclr.o(.text)
    __user_setup_stackheap                   0x08000a4f   Thumb Code    74  sys_stackheap_outer.o(.text)
    exit                                     0x08000a99   Thumb Code    18  exit.o(.text)
    __user_libspace                          0x08000aad   Thumb Code     8  libspace.o(.text)
    __user_perproc_libspace                  0x08000aad   Thumb Code     0  libspace.o(.text)
    __user_perthread_libspace                0x08000aad   Thumb Code     0  libspace.o(.text)
    _sys_exit                                0x08000ab5   Thumb Code     8  sys_exit.o(.text)
    __I$use$semihosting                      0x08000ac1   Thumb Code     0  use_no_semi.o(.text)
    __use_no_semihosting_swi                 0x08000ac1   Thumb Code     2  use_no_semi.o(.text)
    BusFault_Handler                         0x08000ac3   Thumb Code     2  stm32l4xx_it.o(i.BusFault_Handler)
    __semihosting_library_function           0x08000ac3   Thumb Code     0  indicate_semi.o(.text)
    DebugMon_Handler                         0x08000ac5   Thumb Code     2  stm32l4xx_it.o(i.DebugMon_Handler)
    EXTI0_IRQHandler                         0x08000ac7   Thumb Code     6  stm32l4xx_it.o(i.EXTI0_IRQHandler)
    Error_Handler                            0x08000acd   Thumb Code     4  main.o(i.Error_Handler)
    HAL_Delay                                0x08000ad1   Thumb Code    32  stm32l4xx_hal.o(i.HAL_Delay)
    HAL_GPIO_DeInit                          0x08000af5   Thumb Code   264  stm32l4xx_hal_gpio.o(i.HAL_GPIO_DeInit)
    HAL_GPIO_EXTI_Callback                   0x08000c15   Thumb Code    44  main.o(i.HAL_GPIO_EXTI_Callback)
    HAL_GPIO_EXTI_IRQHandler                 0x08000c49   Thumb Code    18  stm32l4xx_hal_gpio.o(i.HAL_GPIO_EXTI_IRQHandler)
    HAL_GPIO_Init                            0x08000c61   Thumb Code   488  stm32l4xx_hal_gpio.o(i.HAL_GPIO_Init)
    HAL_GPIO_ReadPin                         0x08000e63   Thumb Code    10  stm32l4xx_hal_gpio.o(i.HAL_GPIO_ReadPin)
    HAL_GPIO_TogglePin                       0x08000e6d   Thumb Code    16  stm32l4xx_hal_gpio.o(i.HAL_GPIO_TogglePin)
    HAL_GPIO_WritePin                        0x08000e7d   Thumb Code    10  stm32l4xx_hal_gpio.o(i.HAL_GPIO_WritePin)
    HAL_GetTick                              0x08000e89   Thumb Code     6  stm32l4xx_hal.o(i.HAL_GetTick)
    HAL_I2CEx_ConfigAnalogFilter             0x08000e95   Thumb Code    86  stm32l4xx_hal_i2c_ex.o(i.HAL_I2CEx_ConfigAnalogFilter)
    HAL_I2CEx_ConfigDigitalFilter            0x08000eeb   Thumb Code    82  stm32l4xx_hal_i2c_ex.o(i.HAL_I2CEx_ConfigDigitalFilter)
    HAL_I2C_DeInit                           0x08000f3d   Thumb Code    50  stm32l4xx_hal_i2c.o(i.HAL_I2C_DeInit)
    HAL_I2C_Init                             0x08000f71   Thumb Code   178  stm32l4xx_hal_i2c.o(i.HAL_I2C_Init)
    HAL_I2C_Mem_Read                         0x08001029   Thumb Code   346  stm32l4xx_hal_i2c.o(i.HAL_I2C_Mem_Read)
    HAL_I2C_Mem_Write                        0x08001195   Thumb Code   340  stm32l4xx_hal_i2c.o(i.HAL_I2C_Mem_Write)
    HAL_I2C_MspDeInit                        0x080012f5   Thumb Code    48  stm32l4xx_hal_msp.o(i.HAL_I2C_MspDeInit)
    HAL_I2C_MspInit                          0x0800132d   Thumb Code   118  stm32l4xx_hal_msp.o(i.HAL_I2C_MspInit)
    HAL_IncTick                              0x080013ad   Thumb Code    12  stm32l4xx_hal.o(i.HAL_IncTick)
    HAL_Init                                 0x080013bd   Thumb Code    30  stm32l4xx_hal.o(i.HAL_Init)
    HAL_InitTick                             0x080013dd   Thumb Code   132  stm32l4xx_hal_timebase_tim.o(i.HAL_InitTick)
    HAL_MspInit                              0x08001475   Thumb Code    48  stm32l4xx_hal_msp.o(i.HAL_MspInit)
    HAL_NVIC_EnableIRQ                       0x080014a9   Thumb Code    26  stm32l4xx_hal_cortex.o(i.HAL_NVIC_EnableIRQ)
    HAL_NVIC_SetPriority                     0x080014c5   Thumb Code    60  stm32l4xx_hal_cortex.o(i.HAL_NVIC_SetPriority)
    HAL_NVIC_SetPriorityGrouping             0x08001505   Thumb Code    26  stm32l4xx_hal_cortex.o(i.HAL_NVIC_SetPriorityGrouping)
    HAL_PWREx_ControlVoltageScaling          0x08001529   Thumb Code    90  stm32l4xx_hal_pwr_ex.o(i.HAL_PWREx_ControlVoltageScaling)
    HAL_PWREx_GetVoltageRange                0x08001591   Thumb Code    10  stm32l4xx_hal_pwr_ex.o(i.HAL_PWREx_GetVoltageRange)
    HAL_PWR_EnableBkUpAccess                 0x080015a1   Thumb Code    12  stm32l4xx_hal_pwr.o(i.HAL_PWR_EnableBkUpAccess)
    HAL_RCCEx_EnableMSIPLLMode               0x080015b1   Thumb Code    12  stm32l4xx_hal_rcc_ex.o(i.HAL_RCCEx_EnableMSIPLLMode)
    HAL_RCCEx_PeriphCLKConfig                0x080015c1   Thumb Code   634  stm32l4xx_hal_rcc_ex.o(i.HAL_RCCEx_PeriphCLKConfig)
    HAL_RCC_ClockConfig                      0x0800184d   Thumb Code   304  stm32l4xx_hal_rcc.o(i.HAL_RCC_ClockConfig)
    HAL_RCC_GetClockConfig                   0x08001991   Thumb Code    54  stm32l4xx_hal_rcc.o(i.HAL_RCC_GetClockConfig)
    HAL_RCC_GetPCLK1Freq                     0x080019d1   Thumb Code    24  stm32l4xx_hal_rcc.o(i.HAL_RCC_GetPCLK1Freq)
    HAL_RCC_GetPCLK2Freq                     0x080019f5   Thumb Code    24  stm32l4xx_hal_rcc.o(i.HAL_RCC_GetPCLK2Freq)
    HAL_RCC_GetSysClockFreq                  0x08001a19   Thumb Code   150  stm32l4xx_hal_rcc.o(i.HAL_RCC_GetSysClockFreq)
    HAL_RCC_OscConfig                        0x08001abd   Thumb Code  1366  stm32l4xx_hal_rcc.o(i.HAL_RCC_OscConfig)
    HAL_TIMEx_Break2Callback                 0x0800201d   Thumb Code     2  stm32l4xx_hal_tim_ex.o(i.HAL_TIMEx_Break2Callback)
    HAL_TIMEx_BreakCallback                  0x0800201f   Thumb Code     2  stm32l4xx_hal_tim_ex.o(i.HAL_TIMEx_BreakCallback)
    HAL_TIMEx_CommutCallback                 0x08002021   Thumb Code     2  stm32l4xx_hal_tim_ex.o(i.HAL_TIMEx_CommutCallback)
    HAL_TIMEx_ConfigBreakDeadTime            0x08002025   Thumb Code   126  stm32l4xx_hal_tim_ex.o(i.HAL_TIMEx_ConfigBreakDeadTime)
    HAL_TIMEx_MasterConfigSynchronization    0x080020a9   Thumb Code    98  stm32l4xx_hal_tim_ex.o(i.HAL_TIMEx_MasterConfigSynchronization)
    HAL_TIM_Base_Init                        0x08002115   Thumb Code    98  stm32l4xx_hal_tim.o(i.HAL_TIM_Base_Init)
    HAL_TIM_Base_MspInit                     0x08002179   Thumb Code    74  stm32l4xx_hal_msp.o(i.HAL_TIM_Base_MspInit)
    HAL_TIM_Base_Start_IT                    0x080021d1   Thumb Code    76  stm32l4xx_hal_tim.o(i.HAL_TIM_Base_Start_IT)
    HAL_TIM_ConfigClockSource                0x08002229   Thumb Code   220  stm32l4xx_hal_tim.o(i.HAL_TIM_ConfigClockSource)
    HAL_TIM_IC_CaptureCallback               0x08002309   Thumb Code     2  stm32l4xx_hal_tim.o(i.HAL_TIM_IC_CaptureCallback)
    HAL_TIM_IRQHandler                       0x0800230b   Thumb Code   388  stm32l4xx_hal_tim.o(i.HAL_TIM_IRQHandler)
    HAL_TIM_MspPostInit                      0x08002491   Thumb Code   136  stm32l4xx_hal_msp.o(i.HAL_TIM_MspPostInit)
    HAL_TIM_OC_DelayElapsedCallback          0x08002525   Thumb Code     2  stm32l4xx_hal_tim.o(i.HAL_TIM_OC_DelayElapsedCallback)
    HAL_TIM_PWM_ConfigChannel                0x08002527   Thumb Code   292  stm32l4xx_hal_tim.o(i.HAL_TIM_PWM_ConfigChannel)
    HAL_TIM_PWM_Init                         0x0800264b   Thumb Code    98  stm32l4xx_hal_tim.o(i.HAL_TIM_PWM_Init)
    HAL_TIM_PWM_MspInit                      0x080026ad   Thumb Code     2  stm32l4xx_hal_tim.o(i.HAL_TIM_PWM_MspInit)
    HAL_TIM_PWM_PulseFinishedCallback        0x080026af   Thumb Code     2  stm32l4xx_hal_tim.o(i.HAL_TIM_PWM_PulseFinishedCallback)
    HAL_TIM_PWM_Start                        0x080026b1   Thumb Code   190  stm32l4xx_hal_tim.o(i.HAL_TIM_PWM_Start)
    HAL_TIM_PeriodElapsedCallback            0x08002781   Thumb Code    14  main.o(i.HAL_TIM_PeriodElapsedCallback)
    HAL_TIM_TriggerCallback                  0x08002795   Thumb Code     2  stm32l4xx_hal_tim.o(i.HAL_TIM_TriggerCallback)
    HAL_UART_Init                            0x08002797   Thumb Code   102  stm32l4xx_hal_uart.o(i.HAL_UART_Init)
    HAL_UART_MspInit                         0x080027fd   Thumb Code   218  stm32l4xx_hal_msp.o(i.HAL_UART_MspInit)
    HAL_UART_Transmit                        0x080028e9   Thumb Code   182  stm32l4xx_hal_uart.o(i.HAL_UART_Transmit)
    HardFault_Handler                        0x0800299f   Thumb Code     2  stm32l4xx_it.o(i.HardFault_Handler)
    MemManage_Handler                        0x08003051   Thumb Code     2  stm32l4xx_it.o(i.MemManage_Handler)
    NMI_Handler                              0x08003053   Thumb Code     2  stm32l4xx_it.o(i.NMI_Handler)
    StartButtonTask                          0x080031fd   Thumb Code    64  main.o(i.StartButtonTask)
    StartCommsTask                           0x08003245   Thumb Code    84  main.o(i.StartCommsTask)
    StartDebugTask                           0x080032ad   Thumb Code   104  main.o(i.StartDebugTask)
    StartDefaultTask                         0x08003359   Thumb Code     8  main.o(i.StartDefaultTask)
    StartFeedbackTask                        0x08003361   Thumb Code   284  main.o(i.StartFeedbackTask)
    StartSensorTask                          0x08003485   Thumb Code    60  main.o(i.StartSensorTask)
    SysTick_Handler                          0x080034c5   Thumb Code    26  cmsis_os2.o(i.SysTick_Handler)
    SystemClock_Config                       0x080034e1   Thumb Code   136  main.o(i.SystemClock_Config)
    SystemInit                               0x0800356d   Thumb Code    12  system_stm32l4xx.o(i.SystemInit)
    TIM6_DAC_IRQHandler                      0x0800357d   Thumb Code     6  stm32l4xx_it.o(i.TIM6_DAC_IRQHandler)
    TIM_Base_SetConfig                       0x08003589   Thumb Code    94  stm32l4xx_hal_tim.o(i.TIM_Base_SetConfig)
    TIM_CCxChannelCmd                        0x080035f5   Thumb Code    26  stm32l4xx_hal_tim.o(i.TIM_CCxChannelCmd)
    TIM_ETR_SetConfig                        0x0800360f   Thumb Code    20  stm32l4xx_hal_tim.o(i.TIM_ETR_SetConfig)
    TIM_OC2_SetConfig                        0x080036ad   Thumb Code   102  stm32l4xx_hal_tim.o(i.TIM_OC2_SetConfig)
    UART_AdvFeatureConfig                    0x080038f7   Thumb Code   200  stm32l4xx_hal_uart.o(i.UART_AdvFeatureConfig)
    UART_CheckIdleState                      0x080039bf   Thumb Code    92  stm32l4xx_hal_uart.o(i.UART_CheckIdleState)
    UART_SetConfig                           0x08003a1d   Thumb Code   448  stm32l4xx_hal_uart.o(i.UART_SetConfig)
    UART_WaitOnFlagUntilTimeout              0x08003bf9   Thumb Code   198  stm32l4xx_hal_uart.o(i.UART_WaitOnFlagUntilTimeout)
    UsageFault_Handler                       0x08003cbf   Thumb Code     2  stm32l4xx_it.o(i.UsageFault_Handler)
    VL53L1X_BootState                        0x08003cc1   Thumb Code    32  vl53l1x_api.o(i.VL53L1X_BootState)
    VL53L1X_CheckForDataReady                0x08003ce1   Thumb Code    58  vl53l1x_api.o(i.VL53L1X_CheckForDataReady)
    VL53L1X_ClearInterrupt                   0x08003d1b   Thumb Code    14  vl53l1x_api.o(i.VL53L1X_ClearInterrupt)
    VL53L1X_GetDistance                      0x08003d29   Thumb Code    26  vl53l1x_api.o(i.VL53L1X_GetDistance)
    VL53L1X_GetDistanceMode                  0x08003d43   Thumb Code    46  vl53l1x_api.o(i.VL53L1X_GetDistanceMode)
    VL53L1X_GetInterruptPolarity             0x08003d71   Thumb Code    44  vl53l1x_api.o(i.VL53L1X_GetInterruptPolarity)
    VL53L1X_GetTimingBudgetInMs              0x08003d9d   Thumb Code   140  vl53l1x_api.o(i.VL53L1X_GetTimingBudgetInMs)
    VL53L1X_SensorInit                       0x08003e29   Thumb Code   138  vl53l1x_api.o(i.VL53L1X_SensorInit)
    VL53L1X_SetDistanceMode                  0x08003eb9   Thumb Code   164  vl53l1x_api.o(i.VL53L1X_SetDistanceMode)
    VL53L1X_SetI2CAddress                    0x08003f5d   Thumb Code    14  vl53l1x_api.o(i.VL53L1X_SetI2CAddress)
    VL53L1X_SetInterMeasurementInMs          0x08003f6d   Thumb Code    68  vl53l1x_api.o(i.VL53L1X_SetInterMeasurementInMs)
    VL53L1X_SetTimingBudgetInMs              0x08003fb9   Thumb Code   306  vl53l1x_api.o(i.VL53L1X_SetTimingBudgetInMs)
    VL53L1X_StartRanging                     0x080040eb   Thumb Code    14  vl53l1x_api.o(i.VL53L1X_StartRanging)
    VL53L1X_StopRanging                      0x080040f9   Thumb Code    14  vl53l1x_api.o(i.VL53L1X_StopRanging)
    VL53L1_RdByte                            0x08004107   Thumb Code     6  vl53l1_platform.o(i.VL53L1_RdByte)
    VL53L1_RdWord                            0x0800410d   Thumb Code    26  vl53l1_platform.o(i.VL53L1_RdWord)
    VL53L1_WrByte                            0x08004127   Thumb Code    12  vl53l1_platform.o(i.VL53L1_WrByte)
    VL53L1_WrDWord                           0x08004133   Thumb Code    34  vl53l1_platform.o(i.VL53L1_WrDWord)
    VL53L1_WrWord                            0x08004155   Thumb Code    22  vl53l1_platform.o(i.VL53L1_WrWord)
    _is_digit                                0x0800418b   Thumb Code    14  __printf_wp.o(i._is_digit)
    main                                     0x080042d1   Thumb Code   212  main.o(i.main)
    osDelay                                  0x080043c9   Thumb Code    26  cmsis_os2.o(i.osDelay)
    osKernelInitialize                       0x080043e5   Thumb Code    32  cmsis_os2.o(i.osKernelInitialize)
    osKernelStart                            0x08004409   Thumb Code    48  cmsis_os2.o(i.osKernelStart)
    osMessageQueueNew                        0x08004441   Thumb Code    88  cmsis_os2.o(i.osMessageQueueNew)
    osSemaphoreNew                           0x08004499   Thumb Code   152  cmsis_os2.o(i.osSemaphoreNew)
    osThreadNew                              0x08004531   Thumb Code   138  cmsis_os2.o(i.osThreadNew)
    pvPortMalloc                             0x08004d59   Thumb Code   216  heap_4.o(i.pvPortMalloc)
    pvTaskIncrementMutexHeldCount            0x08004e35   Thumb Code    18  tasks.o(i.pvTaskIncrementMutexHeldCount)
    pxPortInitialiseStack                    0x08004e4d   Thumb Code    40  port.o(i.pxPortInitialiseStack)
    uxListRemove                             0x080052ad   Thumb Code    38  list.o(i.uxListRemove)
    vApplicationGetIdleTaskMemory            0x080052d5   Thumb Code    16  cmsis_os2.o(i.vApplicationGetIdleTaskMemory)
    vApplicationGetTimerTaskMemory           0x080052e9   Thumb Code    18  cmsis_os2.o(i.vApplicationGetTimerTaskMemory)
    vListInitialise                          0x08005301   Thumb Code    22  list.o(i.vListInitialise)
    vListInitialiseItem                      0x08005317   Thumb Code     6  list.o(i.vListInitialiseItem)
    vListInsert                              0x0800531d   Thumb Code    48  list.o(i.vListInsert)
    vListInsertEnd                           0x0800534d   Thumb Code    24  list.o(i.vListInsertEnd)
    vPortEnterCritical                       0x08005365   Thumb Code    54  port.o(i.vPortEnterCritical)
    vPortExitCritical                        0x080053a5   Thumb Code    34  port.o(i.vPortExitCritical)
    vPortFree                                0x080053cd   Thumb Code    94  heap_4.o(i.vPortFree)
    vPortSetupTimerInterrupt                 0x08005431   Thumb Code    32  port.o(i.vPortSetupTimerInterrupt)
    vPortValidateInterruptPriority           0x08005455   Thumb Code    74  port.o(i.vPortValidateInterruptPriority)
    vQueueAddToRegistry                      0x080054a9   Thumb Code    34  queue.o(i.vQueueAddToRegistry)
    vQueueDelete                             0x080054d1   Thumb Code    46  queue.o(i.vQueueDelete)
    vQueueUnregisterQueue                    0x08005501   Thumb Code    36  queue.o(i.vQueueUnregisterQueue)
    vQueueWaitForMessageRestricted           0x08005529   Thumb Code    68  queue.o(i.vQueueWaitForMessageRestricted)
    vTaskDelay                               0x0800556d   Thumb Code    66  tasks.o(i.vTaskDelay)
    vTaskInternalSetTimeOutState             0x080055b9   Thumb Code    12  tasks.o(i.vTaskInternalSetTimeOutState)
    vTaskMissedYield                         0x080055c9   Thumb Code     8  tasks.o(i.vTaskMissedYield)
    vTaskPlaceOnEventList                    0x080055d5   Thumb Code    44  tasks.o(i.vTaskPlaceOnEventList)
    vTaskPlaceOnEventListRestricted          0x08005605   Thumb Code    52  tasks.o(i.vTaskPlaceOnEventListRestricted)
    vTaskPriorityDisinheritAfterTimeout      0x0800563d   Thumb Code   134  tasks.o(i.vTaskPriorityDisinheritAfterTimeout)
    vTaskStartScheduler                      0x080056cd   Thumb Code   118  tasks.o(i.vTaskStartScheduler)
    vTaskSuspendAll                          0x08005755   Thumb Code    10  tasks.o(i.vTaskSuspendAll)
    vTaskSwitchContext                       0x08005765   Thumb Code    90  tasks.o(i.vTaskSwitchContext)
    xPortStartScheduler                      0x080057c9   Thumb Code   222  port.o(i.xPortStartScheduler)
    xPortSysTickHandler                      0x080058bd   Thumb Code    38  port.o(i.xPortSysTickHandler)
    xQueueCreateCountingSemaphore            0x080058e9   Thumb Code    58  queue.o(i.xQueueCreateCountingSemaphore)
    xQueueCreateCountingSemaphoreStatic      0x08005923   Thumb Code    64  queue.o(i.xQueueCreateCountingSemaphoreStatic)
    xQueueGenericCreate                      0x08005963   Thumb Code    66  queue.o(i.xQueueGenericCreate)
    xQueueGenericCreateStatic                0x080059a5   Thumb Code   102  queue.o(i.xQueueGenericCreateStatic)
    xQueueGenericReset                       0x08005a0d   Thumb Code   132  queue.o(i.xQueueGenericReset)
    xQueueGenericSend                        0x08005a95   Thumb Code   346  queue.o(i.xQueueGenericSend)
    xQueueGenericSendFromISR                 0x08005bf5   Thumb Code   190  queue.o(i.xQueueGenericSendFromISR)
    xQueueGiveFromISR                        0x08005cb3   Thumb Code   156  queue.o(i.xQueueGiveFromISR)
    xQueueReceive                            0x08005d51   Thumb Code   308  queue.o(i.xQueueReceive)
    xQueueSemaphoreTake                      0x08005e89   Thumb Code   372  queue.o(i.xQueueSemaphoreTake)
    xTaskCheckForTimeOut                     0x08006001   Thumb Code   112  tasks.o(i.xTaskCheckForTimeOut)
    xTaskCreate                              0x08006075   Thumb Code    90  tasks.o(i.xTaskCreate)
    xTaskCreateStatic                        0x080060d5   Thumb Code    86  tasks.o(i.xTaskCreateStatic)
    xTaskGetSchedulerState                   0x0800612d   Thumb Code    22  tasks.o(i.xTaskGetSchedulerState)
    xTaskGetTickCount                        0x08006149   Thumb Code     6  tasks.o(i.xTaskGetTickCount)
    xTaskIncrementTick                       0x08006155   Thumb Code   192  tasks.o(i.xTaskIncrementTick)
    xTaskPriorityDisinherit                  0x0800621d   Thumb Code   118  tasks.o(i.xTaskPriorityDisinherit)
    xTaskPriorityInherit                     0x0800629d   Thumb Code   112  tasks.o(i.xTaskPriorityInherit)
    xTaskRemoveFromEventList                 0x08006315   Thumb Code    98  tasks.o(i.xTaskRemoveFromEventList)
    xTaskResumeAll                           0x08006385   Thumb Code   182  tasks.o(i.xTaskResumeAll)
    xTimerCreateTimerTask                    0x08006449   Thumb Code    78  timers.o(i.xTimerCreateTimerTask)
    xTimerGenericCommand                     0x080064a9   Thumb Code    98  timers.o(i.xTimerGenericCommand)
    __aeabi_d2uiz                            0x08006511   Thumb Code     0  dfixu.o(x$fpl$dfixu)
    _dfixu                                   0x08006511   Thumb Code    90  dfixu.o(x$fpl$dfixu)
    __aeabi_i2d                              0x0800656b   Thumb Code     0  dflt_clz.o(x$fpl$dflt)
    _dflt                                    0x0800656b   Thumb Code    46  dflt_clz.o(x$fpl$dflt)
    __aeabi_dmul                             0x08006599   Thumb Code     0  dmul.o(x$fpl$dmul)
    _dmul                                    0x08006599   Thumb Code   332  dmul.o(x$fpl$dmul)
    __fpl_dnaninf                            0x080066ed   Thumb Code   156  dnaninf.o(x$fpl$dnaninf)
    __fpl_dretinf                            0x08006789   Thumb Code    12  dretinf.o(x$fpl$dretinf)
    _fp_init                                 0x08006795   Thumb Code    10  fpinit.o(x$fpl$fpinit)
    __fplib_config_fpu_vfp                   0x0800679d   Thumb Code     0  fpinit.o(x$fpl$fpinit)
    __fplib_config_pureend_doubles           0x0800679d   Thumb Code     0  fpinit.o(x$fpl$fpinit)
    __I$use$fp                               0x0800679e   Number         0  usenofp.o(x$fpl$usenofp)
    defaultTask_attributes                   0x080067a4   Data          36  main.o(.constdata)
    Sensor_attributes                        0x080067c8   Data          36  main.o(.constdata)
    Feedback_attributes                      0x080067ec   Data          36  main.o(.constdata)
    Button_attributes                        0x08006810   Data          36  main.o(.constdata)
    Debug_attributes                         0x08006834   Data          36  main.o(.constdata)
    Comms_attributes                         0x08006858   Data          36  main.o(.constdata)
    BinSemMode_attributes                    0x0800687c   Data          16  main.o(.constdata)
    AHBPrescTable                            0x0800688c   Data          16  system_stm32l4xx.o(.constdata)
    MSIRangeTable                            0x0800689c   Data          48  system_stm32l4xx.o(.constdata)
    APBPrescTable                            0x080068cc   Data           8  system_stm32l4xx.o(.constdata)
    VL51L1X_DEFAULT_CONFIGURATION            0x080068d4   Data          91  vl53l1x_api.o(.constdata)
    Region$$Table$$Base                      0x080069d4   Number         0  anon$$obj.o(Region$$Table)
    Region$$Table$$Limit                     0x080069f4   Number         0  anon$$obj.o(Region$$Table)
    defaultTaskHandle                        0x20000008   Data           4  main.o(.data)
    SensorHandle                             0x2000000c   Data           4  main.o(.data)
    FeedbackHandle                           0x20000010   Data           4  main.o(.data)
    ButtonHandle                             0x20000014   Data           4  main.o(.data)
    DebugHandle                              0x20000018   Data           4  main.o(.data)
    CommsHandle                              0x2000001c   Data           4  main.o(.data)
    BinSemModeHandle                         0x20000020   Data           4  main.o(.data)
    distanceQueueHandle                      0x20000024   Data           4  main.o(.data)
    telemetryQueueHandle                     0x20000028   Data           4  main.o(.data)
    alertQueueHandle                         0x2000002c   Data           4  main.o(.data)
    uwTickFreq                               0x20000098   Data           1  stm32l4xx_hal.o(.data)
    uwTickPrio                               0x2000009c   Data           4  stm32l4xx_hal.o(.data)
    uwTick                                   0x200000a0   Data           4  stm32l4xx_hal.o(.data)
    SystemCoreClock                          0x200000a4   Data           4  system_stm32l4xx.o(.data)
    pxCurrentTCB                             0x200000a8   Data           4  tasks.o(.data)
    hi2c1                                    0x20000134   Data          84  main.o(.bss)
    htim1                                    0x20000188   Data          76  main.o(.bss)
    htim2                                    0x200001d4   Data          76  main.o(.bss)
    htim16                                   0x20000220   Data          76  main.o(.bss)
    huart1                                   0x2000026c   Data         132  main.o(.bss)
    huart2                                   0x200002f0   Data         132  main.o(.bss)
    htim6                                    0x20000374   Data          76  stm32l4xx_hal_timebase_tim.o(.bss)
    xQueueRegistry                           0x200003c0   Data          64  queue.o(.bss)
    __libspace_start                         0x20003094   Data          96  libspace.o(.bss)
    __temporary_stack_top$libspace           0x200030f4   Data           0  libspace.o(.bss)



==============================================================================

Memory Map of the image

  Image Entry point : 0x0800018d

  Load Region LR_IROM1 (Base: 0x08000000, Size: 0x00006b1c, Max: 0x00040000, ABSOLUTE)

    Execution Region ER_IROM1 (Exec base: 0x08000000, Load base: 0x08000000, Size: 0x000069f4, Max: 0x00040000, ABSOLUTE)

    Exec Addr    Load Addr    Size         Type   Attr      Idx    E Section Name        Object

    0x08000000   0x08000000   0x0000018c   Data   RO            3    RESET               startup_stm32l432xx.o
    0x0800018c   0x0800018c   0x00000008   Code   RO         6166  * !!!main             c_w.l(__main.o)
    0x08000194   0x08000194   0x00000034   Code   RO         6373    !!!scatter          c_w.l(__scatter.o)
    0x080001c8   0x080001c8   0x0000001a   Code   RO         6375    !!handler_copy      c_w.l(__scatter_copy.o)
    0x080001e2   0x080001e2   0x00000002   PAD
    0x080001e4   0x080001e4   0x0000001c   Code   RO         6377    !!handler_zi        c_w.l(__scatter_zi.o)
    0x08000200   0x08000200   0x00000000   Code   RO         6155    .ARM.Collect$$_printf_percent$$00000000  c_w.l(_printf_percent.o)
    0x08000200   0x08000200   0x00000006   Code   RO         6153    .ARM.Collect$$_printf_percent$$00000009  c_w.l(_printf_d.o)
    0x08000206   0x08000206   0x00000006   Code   RO         6154    .ARM.Collect$$_printf_percent$$0000000A  c_w.l(_printf_u.o)
    0x0800020c   0x0800020c   0x00000006   Code   RO         6152    .ARM.Collect$$_printf_percent$$0000000C  c_w.l(_printf_x.o)
    0x08000212   0x08000212   0x00000006   Code   RO         6151    .ARM.Collect$$_printf_percent$$00000014  c_w.l(_printf_s.o)
    0x08000218   0x08000218   0x00000004   Code   RO         6199    .ARM.Collect$$_printf_percent$$00000017  c_w.l(_printf_percent_end.o)
    0x0800021c   0x0800021c   0x00000002   Code   RO         6241    .ARM.Collect$$libinit$$00000000  c_w.l(libinit.o)
    0x0800021e   0x0800021e   0x00000004   Code   RO         6253    .ARM.Collect$$libinit$$00000001  c_w.l(libinit2.o)
    0x08000222   0x08000222   0x00000000   Code   RO         6256    .ARM.Collect$$libinit$$00000004  c_w.l(libinit2.o)
    0x08000222   0x08000222   0x00000000   Code   RO         6259    .ARM.Collect$$libinit$$0000000A  c_w.l(libinit2.o)
    0x08000222   0x08000222   0x00000000   Code   RO         6261    .ARM.Collect$$libinit$$0000000C  c_w.l(libinit2.o)
    0x08000222   0x08000222   0x00000000   Code   RO         6263    .ARM.Collect$$libinit$$0000000E  c_w.l(libinit2.o)
    0x08000222   0x08000222   0x00000000   Code   RO         6266    .ARM.Collect$$libinit$$00000011  c_w.l(libinit2.o)
    0x08000222   0x08000222   0x00000000   Code   RO         6268    .ARM.Collect$$libinit$$00000013  c_w.l(libinit2.o)
    0x08000222   0x08000222   0x00000000   Code   RO         6270    .ARM.Collect$$libinit$$00000015  c_w.l(libinit2.o)
    0x08000222   0x08000222   0x00000000   Code   RO         6272    .ARM.Collect$$libinit$$00000017  c_w.l(libinit2.o)
    0x08000222   0x08000222   0x00000000   Code   RO         6274    .ARM.Collect$$libinit$$00000019  c_w.l(libinit2.o)
    0x08000222   0x08000222   0x00000000   Code   RO         6276    .ARM.Collect$$libinit$$0000001B  c_w.l(libinit2.o)
    0x08000222   0x08000222   0x00000000   Code   RO         6278    .ARM.Collect$$libinit$$0000001D  c_w.l(libinit2.o)
    0x08000222   0x08000222   0x00000000   Code   RO         6280    .ARM.Collect$$libinit$$0000001F  c_w.l(libinit2.o)
    0x08000222   0x08000222   0x00000000   Code   RO         6282    .ARM.Collect$$libinit$$00000021  c_w.l(libinit2.o)
    0x08000222   0x08000222   0x00000000   Code   RO         6284    .ARM.Collect$$libinit$$00000023  c_w.l(libinit2.o)
    0x08000222   0x08000222   0x00000000   Code   RO         6286    .ARM.Collect$$libinit$$00000025  c_w.l(libinit2.o)
    0x08000222   0x08000222   0x00000000   Code   RO         6290    .ARM.Collect$$libinit$$0000002C  c_w.l(libinit2.o)
    0x08000222   0x08000222   0x00000000   Code   RO         6292    .ARM.Collect$$libinit$$0000002E  c_w.l(libinit2.o)
    0x08000222   0x08000222   0x00000000   Code   RO         6294    .ARM.Collect$$libinit$$00000030  c_w.l(libinit2.o)
    0x08000222   0x08000222   0x00000000   Code   RO         6296    .ARM.Collect$$libinit$$00000032  c_w.l(libinit2.o)
    0x08000222   0x08000222   0x00000002   Code   RO         6297    .ARM.Collect$$libinit$$00000033  c_w.l(libinit2.o)
    0x08000224   0x08000224   0x00000002   Code   RO         6328    .ARM.Collect$$libshutdown$$00000000  c_w.l(libshutdown.o)
    0x08000226   0x08000226   0x00000000   Code   RO         6354    .ARM.Collect$$libshutdown$$00000002  c_w.l(libshutdown2.o)
    0x08000226   0x08000226   0x00000000   Code   RO         6356    .ARM.Collect$$libshutdown$$00000004  c_w.l(libshutdown2.o)
    0x08000226   0x08000226   0x00000000   Code   RO         6358    .ARM.Collect$$libshutdown$$00000006  c_w.l(libshutdown2.o)
    0x08000226   0x08000226   0x00000000   Code   RO         6361    .ARM.Collect$$libshutdown$$00000009  c_w.l(libshutdown2.o)
    0x08000226   0x08000226   0x00000000   Code   RO         6364    .ARM.Collect$$libshutdown$$0000000C  c_w.l(libshutdown2.o)
    0x08000226   0x08000226   0x00000000   Code   RO         6366    .ARM.Collect$$libshutdown$$0000000E  c_w.l(libshutdown2.o)
    0x08000226   0x08000226   0x00000000   Code   RO         6369    .ARM.Collect$$libshutdown$$00000011  c_w.l(libshutdown2.o)
    0x08000226   0x08000226   0x00000002   Code   RO         6370    .ARM.Collect$$libshutdown$$00000012  c_w.l(libshutdown2.o)
    0x08000228   0x08000228   0x00000000   Code   RO         6184    .ARM.Collect$$rtentry$$00000000  c_w.l(__rtentry.o)
    0x08000228   0x08000228   0x00000000   Code   RO         6210    .ARM.Collect$$rtentry$$00000002  c_w.l(__rtentry2.o)
    0x08000228   0x08000228   0x00000006   Code   RO         6222    .ARM.Collect$$rtentry$$00000004  c_w.l(__rtentry4.o)
    0x0800022e   0x0800022e   0x00000000   Code   RO         6212    .ARM.Collect$$rtentry$$00000009  c_w.l(__rtentry2.o)
    0x0800022e   0x0800022e   0x00000004   Code   RO         6213    .ARM.Collect$$rtentry$$0000000A  c_w.l(__rtentry2.o)
    0x08000232   0x08000232   0x00000000   Code   RO         6215    .ARM.Collect$$rtentry$$0000000C  c_w.l(__rtentry2.o)
    0x08000232   0x08000232   0x00000008   Code   RO         6216    .ARM.Collect$$rtentry$$0000000D  c_w.l(__rtentry2.o)
    0x0800023a   0x0800023a   0x00000002   Code   RO         6245    .ARM.Collect$$rtexit$$00000000  c_w.l(rtexit.o)
    0x0800023c   0x0800023c   0x00000000   Code   RO         6301    .ARM.Collect$$rtexit$$00000002  c_w.l(rtexit2.o)
    0x0800023c   0x0800023c   0x00000004   Code   RO         6302    .ARM.Collect$$rtexit$$00000003  c_w.l(rtexit2.o)
    0x08000240   0x08000240   0x00000006   Code   RO         6303    .ARM.Collect$$rtexit$$00000004  c_w.l(rtexit2.o)
    0x08000246   0x08000246   0x00000002   PAD
    0x08000248   0x08000248   0x000000de   Code   RO         6017    .emb_text           port.o
    0x08000326   0x08000326   0x00000002   PAD
    0x08000328   0x08000328   0x00000040   Code   RO            4    .text               startup_stm32l432xx.o
    0x08000368   0x08000368   0x000000ee   Code   RO         6096    .text               c_w.l(lludivv7m.o)
    0x08000456   0x08000456   0x00000002   PAD
    0x08000458   0x08000458   0x00000038   Code   RO         6098    .text               c_w.l(__2snprintf.o)
    0x08000490   0x08000490   0x0000004e   Code   RO         6104    .text               c_w.l(_printf_pad.o)
    0x080004de   0x080004de   0x00000052   Code   RO         6106    .text               c_w.l(_printf_str.o)
    0x08000530   0x08000530   0x00000078   Code   RO         6108    .text               c_w.l(_printf_dec.o)
    0x080005a8   0x080005a8   0x00000058   Code   RO         6113    .text               c_w.l(_printf_hex_int.o)
    0x08000600   0x08000600   0x0000018e   Code   RO         6148    .text               c_w.l(__printf_flags_ss_wp.o)
    0x0800078e   0x0800078e   0x0000008a   Code   RO         6156    .text               c_w.l(rt_memcpy_v6.o)
    0x08000818   0x08000818   0x00000010   Code   RO         6160    .text               c_w.l(aeabi_memset.o)
    0x08000828   0x08000828   0x0000004e   Code   RO         6162    .text               c_w.l(rt_memclr_w.o)
    0x08000876   0x08000876   0x00000006   Code   RO         6164    .text               c_w.l(heapauxi.o)
    0x0800087c   0x0800087c   0x000000b2   Code   RO         6189    .text               c_w.l(_printf_intcommon.o)
    0x0800092e   0x0800092e   0x00000002   PAD
    0x08000930   0x08000930   0x00000030   Code   RO         6191    .text               c_w.l(_printf_char_common.o)
    0x08000960   0x08000960   0x0000000a   Code   RO         6193    .text               c_w.l(_sputc.o)
    0x0800096a   0x0800096a   0x00000010   Code   RO         6195    .text               c_w.l(_snputc.o)
    0x0800097a   0x0800097a   0x0000002c   Code   RO         6197    .text               c_w.l(_printf_char.o)
    0x080009a6   0x080009a6   0x00000064   Code   RO         6200    .text               c_w.l(rt_memcpy_w.o)
    0x08000a0a   0x08000a0a   0x00000044   Code   RO         6202    .text               c_w.l(rt_memclr.o)
    0x08000a4e   0x08000a4e   0x0000004a   Code   RO         6228    .text               c_w.l(sys_stackheap_outer.o)
    0x08000a98   0x08000a98   0x00000012   Code   RO         6230    .text               c_w.l(exit.o)
    0x08000aaa   0x08000aaa   0x00000002   PAD
    0x08000aac   0x08000aac   0x00000008   Code   RO         6242    .text               c_w.l(libspace.o)
    0x08000ab4   0x08000ab4   0x0000000c   Code   RO         6298    .text               c_w.l(sys_exit.o)
    0x08000ac0   0x08000ac0   0x00000002   Code   RO         6317    .text               c_w.l(use_no_semi.o)
    0x08000ac2   0x08000ac2   0x00000000   Code   RO         6319    .text               c_w.l(indicate_semi.o)
    0x08000ac2   0x08000ac2   0x00000002   Code   RO          352    i.BusFault_Handler  stm32l4xx_it.o
    0x08000ac4   0x08000ac4   0x00000002   Code   RO          353    i.DebugMon_Handler  stm32l4xx_it.o
    0x08000ac6   0x08000ac6   0x00000006   Code   RO          354    i.EXTI0_IRQHandler  stm32l4xx_it.o
    0x08000acc   0x08000acc   0x00000004   Code   RO           13    i.Error_Handler     main.o
    0x08000ad0   0x08000ad0   0x00000024   Code   RO          534    i.HAL_Delay         stm32l4xx_hal.o
    0x08000af4   0x08000af4   0x0000011e   Code   RO         1224    i.HAL_GPIO_DeInit   stm32l4xx_hal_gpio.o
    0x08000c12   0x08000c12   0x00000002   PAD
    0x08000c14   0x08000c14   0x00000034   Code   RO           14    i.HAL_GPIO_EXTI_Callback  main.o
    0x08000c48   0x08000c48   0x00000018   Code   RO         1226    i.HAL_GPIO_EXTI_IRQHandler  stm32l4xx_hal_gpio.o
    0x08000c60   0x08000c60   0x00000202   Code   RO         1227    i.HAL_GPIO_Init     stm32l4xx_hal_gpio.o
    0x08000e62   0x08000e62   0x0000000a   Code   RO         1229    i.HAL_GPIO_ReadPin  stm32l4xx_hal_gpio.o
    0x08000e6c   0x08000e6c   0x00000010   Code   RO         1230    i.HAL_GPIO_TogglePin  stm32l4xx_hal_gpio.o
    0x08000e7c   0x08000e7c   0x0000000a   Code   RO         1231    i.HAL_GPIO_WritePin  stm32l4xx_hal_gpio.o
    0x08000e86   0x08000e86   0x00000002   PAD
    0x08000e88   0x08000e88   0x0000000c   Code   RO          538    i.HAL_GetTick       stm32l4xx_hal.o
    0x08000e94   0x08000e94   0x00000056   Code   RO         2418    i.HAL_I2CEx_ConfigAnalogFilter  stm32l4xx_hal_i2c_ex.o
    0x08000eea   0x08000eea   0x00000052   Code   RO         2419    i.HAL_I2CEx_ConfigDigitalFilter  stm32l4xx_hal_i2c_ex.o
    0x08000f3c   0x08000f3c   0x00000032   Code   RO         1948    i.HAL_I2C_DeInit    stm32l4xx_hal_i2c.o
    0x08000f6e   0x08000f6e   0x00000002   PAD
    0x08000f70   0x08000f70   0x000000b8   Code   RO         1957    i.HAL_I2C_Init      stm32l4xx_hal_i2c.o
    0x08001028   0x08001028   0x0000016a   Code   RO         1975    i.HAL_I2C_Mem_Read  stm32l4xx_hal_i2c.o
    0x08001192   0x08001192   0x00000002   PAD
    0x08001194   0x08001194   0x0000015e   Code   RO         1978    i.HAL_I2C_Mem_Write  stm32l4xx_hal_i2c.o
    0x080012f2   0x080012f2   0x00000002   PAD
    0x080012f4   0x080012f4   0x00000038   Code   RO          422    i.HAL_I2C_MspDeInit  stm32l4xx_hal_msp.o
    0x0800132c   0x0800132c   0x00000080   Code   RO          423    i.HAL_I2C_MspInit   stm32l4xx_hal_msp.o
    0x080013ac   0x080013ac   0x00000010   Code   RO          544    i.HAL_IncTick       stm32l4xx_hal.o
    0x080013bc   0x080013bc   0x0000001e   Code   RO          545    i.HAL_Init          stm32l4xx_hal.o
    0x080013da   0x080013da   0x00000002   PAD
    0x080013dc   0x080013dc   0x00000098   Code   RO          488    i.HAL_InitTick      stm32l4xx_hal_timebase_tim.o
    0x08001474   0x08001474   0x00000034   Code   RO          424    i.HAL_MspInit       stm32l4xx_hal_msp.o
    0x080014a8   0x080014a8   0x0000001a   Code   RO         1744    i.HAL_NVIC_EnableIRQ  stm32l4xx_hal_cortex.o
    0x080014c2   0x080014c2   0x00000002   PAD
    0x080014c4   0x080014c4   0x00000040   Code   RO         1750    i.HAL_NVIC_SetPriority  stm32l4xx_hal_cortex.o
    0x08001504   0x08001504   0x00000024   Code   RO         1751    i.HAL_NVIC_SetPriorityGrouping  stm32l4xx_hal_cortex.o
    0x08001528   0x08001528   0x00000068   Code   RO         1518    i.HAL_PWREx_ControlVoltageScaling  stm32l4xx_hal_pwr_ex.o
    0x08001590   0x08001590   0x00000010   Code   RO         1545    i.HAL_PWREx_GetVoltageRange  stm32l4xx_hal_pwr_ex.o
    0x080015a0   0x080015a0   0x00000010   Code   RO         1410    i.HAL_PWR_EnableBkUpAccess  stm32l4xx_hal_pwr.o
    0x080015b0   0x080015b0   0x00000010   Code   RO          854    i.HAL_RCCEx_EnableMSIPLLMode  stm32l4xx_hal_rcc_ex.o
    0x080015c0   0x080015c0   0x0000028a   Code   RO          860    i.HAL_RCCEx_PeriphCLKConfig  stm32l4xx_hal_rcc_ex.o
    0x0800184a   0x0800184a   0x00000002   PAD
    0x0800184c   0x0800184c   0x00000144   Code   RO          732    i.HAL_RCC_ClockConfig  stm32l4xx_hal_rcc.o
    0x08001990   0x08001990   0x00000040   Code   RO          735    i.HAL_RCC_GetClockConfig  stm32l4xx_hal_rcc.o
    0x080019d0   0x080019d0   0x00000024   Code   RO          738    i.HAL_RCC_GetPCLK1Freq  stm32l4xx_hal_rcc.o
    0x080019f4   0x080019f4   0x00000024   Code   RO          739    i.HAL_RCC_GetPCLK2Freq  stm32l4xx_hal_rcc.o
    0x08001a18   0x08001a18   0x000000a4   Code   RO          741    i.HAL_RCC_GetSysClockFreq  stm32l4xx_hal_rcc.o
    0x08001abc   0x08001abc   0x00000560   Code   RO          744    i.HAL_RCC_OscConfig  stm32l4xx_hal_rcc.o
    0x0800201c   0x0800201c   0x00000002   Code   RO         3188    i.HAL_TIMEx_Break2Callback  stm32l4xx_hal_tim_ex.o
    0x0800201e   0x0800201e   0x00000002   Code   RO         3189    i.HAL_TIMEx_BreakCallback  stm32l4xx_hal_tim_ex.o
    0x08002020   0x08002020   0x00000002   Code   RO         3190    i.HAL_TIMEx_CommutCallback  stm32l4xx_hal_tim_ex.o
    0x08002022   0x08002022   0x00000002   PAD
    0x08002024   0x08002024   0x00000084   Code   RO         3192    i.HAL_TIMEx_ConfigBreakDeadTime  stm32l4xx_hal_tim_ex.o
    0x080020a8   0x080020a8   0x0000006c   Code   RO         3210    i.HAL_TIMEx_MasterConfigSynchronization  stm32l4xx_hal_tim_ex.o
    0x08002114   0x08002114   0x00000062   Code   RO         2474    i.HAL_TIM_Base_Init  stm32l4xx_hal_tim.o
    0x08002176   0x08002176   0x00000002   PAD
    0x08002178   0x08002178   0x00000058   Code   RO          426    i.HAL_TIM_Base_MspInit  stm32l4xx_hal_msp.o
    0x080021d0   0x080021d0   0x00000058   Code   RO         2479    i.HAL_TIM_Base_Start_IT  stm32l4xx_hal_tim.o
    0x08002228   0x08002228   0x000000e0   Code   RO         2483    i.HAL_TIM_ConfigClockSource  stm32l4xx_hal_tim.o
    0x08002308   0x08002308   0x00000002   Code   RO         2508    i.HAL_TIM_IC_CaptureCallback  stm32l4xx_hal_tim.o
    0x0800230a   0x0800230a   0x00000184   Code   RO         2522    i.HAL_TIM_IRQHandler  stm32l4xx_hal_tim.o
    0x0800248e   0x0800248e   0x00000002   PAD
    0x08002490   0x08002490   0x00000094   Code   RO          427    i.HAL_TIM_MspPostInit  stm32l4xx_hal_msp.o
    0x08002524   0x08002524   0x00000002   Code   RO         2525    i.HAL_TIM_OC_DelayElapsedCallback  stm32l4xx_hal_tim.o
    0x08002526   0x08002526   0x00000124   Code   RO         2546    i.HAL_TIM_PWM_ConfigChannel  stm32l4xx_hal_tim.o
    0x0800264a   0x0800264a   0x00000062   Code   RO         2549    i.HAL_TIM_PWM_Init  stm32l4xx_hal_tim.o
    0x080026ac   0x080026ac   0x00000002   Code   RO         2551    i.HAL_TIM_PWM_MspInit  stm32l4xx_hal_tim.o
    0x080026ae   0x080026ae   0x00000002   Code   RO         2552    i.HAL_TIM_PWM_PulseFinishedCallback  stm32l4xx_hal_tim.o
    0x080026b0   0x080026b0   0x000000d0   Code   RO         2554    i.HAL_TIM_PWM_Start  stm32l4xx_hal_tim.o
    0x08002780   0x08002780   0x00000014   Code   RO           15    i.HAL_TIM_PeriodElapsedCallback  main.o
    0x08002794   0x08002794   0x00000002   Code   RO         2565    i.HAL_TIM_TriggerCallback  stm32l4xx_hal_tim.o
    0x08002796   0x08002796   0x00000066   Code   RO         3502    i.HAL_UART_Init     stm32l4xx_hal_uart.o
    0x080027fc   0x080027fc   0x000000ec   Code   RO          429    i.HAL_UART_MspInit  stm32l4xx_hal_msp.o
    0x080028e8   0x080028e8   0x000000b6   Code   RO         3511    i.HAL_UART_Transmit  stm32l4xx_hal_uart.o
    0x0800299e   0x0800299e   0x00000002   Code   RO          355    i.HardFault_Handler  stm32l4xx_it.o
    0x080029a0   0x080029a0   0x00000022   Code   RO         2004    i.I2C_Flush_TXDR    stm32l4xx_hal_i2c.o
    0x080029c2   0x080029c2   0x00000002   PAD
    0x080029c4   0x080029c4   0x00000120   Code   RO         2012    i.I2C_IsErrorOccurred  stm32l4xx_hal_i2c.o
    0x08002ae4   0x08002ae4   0x00000064   Code   RO         2017    i.I2C_RequestMemoryRead  stm32l4xx_hal_i2c.o
    0x08002b48   0x08002b48   0x00000064   Code   RO         2018    i.I2C_RequestMemoryWrite  stm32l4xx_hal_i2c.o
    0x08002bac   0x08002bac   0x00000030   Code   RO         2021    i.I2C_TransferConfig  stm32l4xx_hal_i2c.o
    0x08002bdc   0x08002bdc   0x00000058   Code   RO         2023    i.I2C_WaitOnFlagUntilTimeout  stm32l4xx_hal_i2c.o
    0x08002c34   0x08002c34   0x0000004c   Code   RO         2025    i.I2C_WaitOnSTOPFlagUntilTimeout  stm32l4xx_hal_i2c.o
    0x08002c80   0x08002c80   0x00000050   Code   RO         2026    i.I2C_WaitOnTXISFlagUntilTimeout  stm32l4xx_hal_i2c.o
    0x08002cd0   0x08002cd0   0x000000b0   Code   RO           16    i.MX_GPIO_Init      main.o
    0x08002d80   0x08002d80   0x00000054   Code   RO           17    i.MX_I2C1_Init      main.o
    0x08002dd4   0x08002dd4   0x00000098   Code   RO           18    i.MX_TIM16_Init     main.o
    0x08002e6c   0x08002e6c   0x000000d8   Code   RO           19    i.MX_TIM1_Init      main.o
    0x08002f44   0x08002f44   0x0000009c   Code   RO           20    i.MX_TIM2_Init      main.o
    0x08002fe0   0x08002fe0   0x00000038   Code   RO           21    i.MX_USART1_UART_Init  main.o
    0x08003018   0x08003018   0x00000038   Code   RO           22    i.MX_USART2_UART_Init  main.o
    0x08003050   0x08003050   0x00000002   Code   RO          356    i.MemManage_Handler  stm32l4xx_it.o
    0x08003052   0x08003052   0x00000002   Code   RO          357    i.NMI_Handler       stm32l4xx_it.o
    0x08003054   0x08003054   0x0000012c   Code   RO          864    i.RCCEx_PLLSAI1_Config  stm32l4xx_hal_rcc_ex.o
    0x08003180   0x08003180   0x0000007c   Code   RO          745    i.RCC_SetFlashLatencyFromMSIRange  stm32l4xx_hal_rcc.o
    0x080031fc   0x080031fc   0x00000048   Code   RO           23    i.StartButtonTask   main.o
    0x08003244   0x08003244   0x00000068   Code   RO           24    i.StartCommsTask    main.o
    0x080032ac   0x080032ac   0x000000ac   Code   RO           25    i.StartDebugTask    main.o
    0x08003358   0x08003358   0x00000008   Code   RO           26    i.StartDefaultTask  main.o
    0x08003360   0x08003360   0x00000124   Code   RO           27    i.StartFeedbackTask  main.o
    0x08003484   0x08003484   0x00000040   Code   RO           28    i.StartSensorTask   main.o
    0x080034c4   0x080034c4   0x0000001a   Code   RO         5452    i.SysTick_Handler   cmsis_os2.o
    0x080034de   0x080034de   0x00000002   PAD
    0x080034e0   0x080034e0   0x0000008c   Code   RO           29    i.SystemClock_Config  main.o
    0x0800356c   0x0800356c   0x00000010   Code   RO         3950    i.SystemInit        system_stm32l4xx.o
    0x0800357c   0x0800357c   0x0000000c   Code   RO          358    i.TIM6_DAC_IRQHandler  stm32l4xx_it.o
    0x08003588   0x08003588   0x0000006c   Code   RO         2567    i.TIM_Base_SetConfig  stm32l4xx_hal_tim.o
    0x080035f4   0x080035f4   0x0000001a   Code   RO         2568    i.TIM_CCxChannelCmd  stm32l4xx_hal_tim.o
    0x0800360e   0x0800360e   0x00000014   Code   RO         2578    i.TIM_ETR_SetConfig  stm32l4xx_hal_tim.o
    0x08003622   0x08003622   0x00000010   Code   RO         2579    i.TIM_ITRx_SetConfig  stm32l4xx_hal_tim.o
    0x08003632   0x08003632   0x00000002   PAD
    0x08003634   0x08003634   0x00000078   Code   RO         2580    i.TIM_OC1_SetConfig  stm32l4xx_hal_tim.o
    0x080036ac   0x080036ac   0x00000078   Code   RO         2581    i.TIM_OC2_SetConfig  stm32l4xx_hal_tim.o
    0x08003724   0x08003724   0x00000074   Code   RO         2582    i.TIM_OC3_SetConfig  stm32l4xx_hal_tim.o
    0x08003798   0x08003798   0x00000060   Code   RO         2583    i.TIM_OC4_SetConfig  stm32l4xx_hal_tim.o
    0x080037f8   0x080037f8   0x0000005c   Code   RO         2584    i.TIM_OC5_SetConfig  stm32l4xx_hal_tim.o
    0x08003854   0x08003854   0x0000005c   Code   RO         2585    i.TIM_OC6_SetConfig  stm32l4xx_hal_tim.o
    0x080038b0   0x080038b0   0x00000022   Code   RO         2587    i.TIM_TI1_ConfigInputStage  stm32l4xx_hal_tim.o
    0x080038d2   0x080038d2   0x00000024   Code   RO         2589    i.TIM_TI2_ConfigInputStage  stm32l4xx_hal_tim.o
    0x080038f6   0x080038f6   0x000000c8   Code   RO         3516    i.UART_AdvFeatureConfig  stm32l4xx_hal_uart.o
    0x080039be   0x080039be   0x0000005c   Code   RO         3517    i.UART_CheckIdleState  stm32l4xx_hal_uart.o
    0x08003a1a   0x08003a1a   0x00000002   PAD
    0x08003a1c   0x08003a1c   0x000001dc   Code   RO         3532    i.UART_SetConfig    stm32l4xx_hal_uart.o
    0x08003bf8   0x08003bf8   0x000000c6   Code   RO         3537    i.UART_WaitOnFlagUntilTimeout  stm32l4xx_hal_uart.o
    0x08003cbe   0x08003cbe   0x00000002   Code   RO          359    i.UsageFault_Handler  stm32l4xx_it.o
    0x08003cc0   0x08003cc0   0x00000020   Code   RO         3987    i.VL53L1X_BootState  vl53l1x_api.o
    0x08003ce0   0x08003ce0   0x0000003a   Code   RO         3988    i.VL53L1X_CheckForDataReady  vl53l1x_api.o
    0x08003d1a   0x08003d1a   0x0000000e   Code   RO         3989    i.VL53L1X_ClearInterrupt  vl53l1x_api.o
    0x08003d28   0x08003d28   0x0000001a   Code   RO         3992    i.VL53L1X_GetDistance  vl53l1x_api.o
    0x08003d42   0x08003d42   0x0000002e   Code   RO         3993    i.VL53L1X_GetDistanceMode  vl53l1x_api.o
    0x08003d70   0x08003d70   0x0000002c   Code   RO         3998    i.VL53L1X_GetInterruptPolarity  vl53l1x_api.o
    0x08003d9c   0x08003d9c   0x0000008c   Code   RO         4009    i.VL53L1X_GetTimingBudgetInMs  vl53l1x_api.o
    0x08003e28   0x08003e28   0x00000090   Code   RO         4011    i.VL53L1X_SensorInit  vl53l1x_api.o
    0x08003eb8   0x08003eb8   0x000000a4   Code   RO         4012    i.VL53L1X_SetDistanceMode  vl53l1x_api.o
    0x08003f5c   0x08003f5c   0x0000000e   Code   RO         4014    i.VL53L1X_SetI2CAddress  vl53l1x_api.o
    0x08003f6a   0x08003f6a   0x00000002   PAD
    0x08003f6c   0x08003f6c   0x0000004c   Code   RO         4015    i.VL53L1X_SetInterMeasurementInMs  vl53l1x_api.o
    0x08003fb8   0x08003fb8   0x00000132   Code   RO         4021    i.VL53L1X_SetTimingBudgetInMs  vl53l1x_api.o
    0x080040ea   0x080040ea   0x0000000e   Code   RO         4023    i.VL53L1X_StartRanging  vl53l1x_api.o
    0x080040f8   0x080040f8   0x0000000e   Code   RO         4025    i.VL53L1X_StopRanging  vl53l1x_api.o
    0x08004106   0x08004106   0x00000006   Code   RO         4278    i.VL53L1_RdByte     vl53l1_platform.o
    0x0800410c   0x0800410c   0x0000001a   Code   RO         4280    i.VL53L1_RdWord     vl53l1_platform.o
    0x08004126   0x08004126   0x0000000c   Code   RO         4281    i.VL53L1_WrByte     vl53l1_platform.o
    0x08004132   0x08004132   0x00000022   Code   RO         4282    i.VL53L1_WrDWord    vl53l1_platform.o
    0x08004154   0x08004154   0x00000016   Code   RO         4283    i.VL53L1_WrWord     vl53l1_platform.o
    0x0800416a   0x0800416a   0x00000020   Code   RO         1757    i.__NVIC_SetPriority  stm32l4xx_hal_cortex.o
    0x0800418a   0x0800418a   0x0000000e   Code   RO         6141    i._is_digit         c_w.l(__printf_wp.o)
    0x08004198   0x08004198   0x000000d4   Code   RO           30    i.apply_bucket      main.o
    0x0800426c   0x0800426c   0x00000024   Code   RO           31    i.i2c_bus_recover   main.o
    0x08004290   0x08004290   0x00000020   Code   RO         4284    i.i2c_read          vl53l1_platform.o
    0x080042b0   0x080042b0   0x00000020   Code   RO         4285    i.i2c_write         vl53l1_platform.o
    0x080042d0   0x080042d0   0x000000f8   Code   RO           32    i.main              main.o
    0x080043c8   0x080043c8   0x0000001a   Code   RO         5454    i.osDelay           cmsis_os2.o
    0x080043e2   0x080043e2   0x00000002   PAD
    0x080043e4   0x080043e4   0x00000024   Code   RO         5468    i.osKernelInitialize  cmsis_os2.o
    0x08004408   0x08004408   0x00000038   Code   RO         5471    i.osKernelStart     cmsis_os2.o
    0x08004440   0x08004440   0x00000058   Code   RO         5488    i.osMessageQueueNew  cmsis_os2.o
    0x08004498   0x08004498   0x00000098   Code   RO         5499    i.osSemaphoreNew    cmsis_os2.o
    0x08004530   0x08004530   0x0000008a   Code   RO         5513    i.osThreadNew       cmsis_os2.o
    0x080045ba   0x080045ba   0x00000002   PAD
    0x080045bc   0x080045bc   0x0000005c   Code   RO         4916    i.prvAddCurrentTaskToDelayedList  tasks.o
    0x08004618   0x08004618   0x000000d0   Code   RO         4917    i.prvAddNewTaskToReadyList  tasks.o
    0x080046e8   0x080046e8   0x00000058   Code   RO         5281    i.prvCheckForValidListAndQueue  timers.o
    0x08004740   0x08004740   0x00000026   Code   RO         4513    i.prvCopyDataFromQueue  queue.o
    0x08004766   0x08004766   0x0000006c   Code   RO         4514    i.prvCopyDataToQueue  queue.o
    0x080047d2   0x080047d2   0x00000034   Code   RO         4918    i.prvDeleteTCB      tasks.o
    0x08004806   0x08004806   0x00000002   PAD
    0x08004808   0x08004808   0x0000004c   Code   RO         5962    i.prvHeapInit       heap_4.o
    0x08004854   0x08004854   0x00000060   Code   RO         4919    i.prvIdleTask       tasks.o
    0x080048b4   0x080048b4   0x00000022   Code   RO         4516    i.prvInitialiseNewQueue  queue.o
    0x080048d6   0x080048d6   0x00000002   PAD
    0x080048d8   0x080048d8   0x000000b6   Code   RO         4920    i.prvInitialiseNewTask  tasks.o
    0x0800498e   0x0800498e   0x00000002   PAD
    0x08004990   0x08004990   0x0000004c   Code   RO         5963    i.prvInsertBlockIntoFreeList  heap_4.o
    0x080049dc   0x080049dc   0x00000038   Code   RO         5283    i.prvInsertTimerInActiveList  timers.o
    0x08004a14   0x08004a14   0x0000001c   Code   RO         4517    i.prvIsQueueEmpty   queue.o
    0x08004a30   0x08004a30   0x000000fc   Code   RO         5284    i.prvProcessReceivedCommands  timers.o
    0x08004b2c   0x08004b2c   0x000000c0   Code   RO         5285    i.prvProcessTimerOrBlockTask  timers.o
    0x08004bec   0x08004bec   0x00000020   Code   RO         4922    i.prvResetNextTaskUnblockTime  tasks.o
    0x08004c0c   0x08004c0c   0x00000028   Code   RO         5286    i.prvSampleTimeNow  timers.o
    0x08004c34   0x08004c34   0x0000006c   Code   RO         5287    i.prvSwitchTimerLists  timers.o
    0x08004ca0   0x08004ca0   0x00000028   Code   RO         6018    i.prvTaskExitError  port.o
    0x08004cc8   0x08004cc8   0x00000024   Code   RO         5288    i.prvTimerTask      timers.o
    0x08004cec   0x08004cec   0x0000006a   Code   RO         4518    i.prvUnlockQueue    queue.o
    0x08004d56   0x08004d56   0x00000002   PAD
    0x08004d58   0x08004d58   0x000000dc   Code   RO         5964    i.pvPortMalloc      heap_4.o
    0x08004e34   0x08004e34   0x00000018   Code   RO         4925    i.pvTaskIncrementMutexHeldCount  tasks.o
    0x08004e4c   0x08004e4c   0x0000002c   Code   RO         6019    i.pxPortInitialiseStack  port.o
    0x08004e78   0x08004e78   0x0000006c   Code   RO           33    i.read_one          main.o
    0x08004ee4   0x08004ee4   0x000002d0   Code   RO           34    i.sensor_bringup    main.o
    0x080051b4   0x080051b4   0x00000088   Code   RO           35    i.sensor_bringup_all  main.o
    0x0800523c   0x0800523c   0x0000005c   Code   RO           36    i.silence_all       main.o
    0x08005298   0x08005298   0x00000014   Code   RO           37    i.uart_say          main.o
    0x080052ac   0x080052ac   0x00000026   Code   RO         4473    i.uxListRemove      list.o
    0x080052d2   0x080052d2   0x00000002   PAD
    0x080052d4   0x080052d4   0x00000014   Code   RO         5525    i.vApplicationGetIdleTaskMemory  cmsis_os2.o
    0x080052e8   0x080052e8   0x00000018   Code   RO         5526    i.vApplicationGetTimerTaskMemory  cmsis_os2.o
    0x08005300   0x08005300   0x00000016   Code   RO         4474    i.vListInitialise   list.o
    0x08005316   0x08005316   0x00000006   Code   RO         4475    i.vListInitialiseItem  list.o
    0x0800531c   0x0800531c   0x00000030   Code   RO         4476    i.vListInsert       list.o
    0x0800534c   0x0800534c   0x00000018   Code   RO         4477    i.vListInsertEnd    list.o
    0x08005364   0x08005364   0x00000040   Code   RO         6021    i.vPortEnterCritical  port.o
    0x080053a4   0x080053a4   0x00000028   Code   RO         6022    i.vPortExitCritical  port.o
    0x080053cc   0x080053cc   0x00000064   Code   RO         5965    i.vPortFree         heap_4.o
    0x08005430   0x08005430   0x00000024   Code   RO         6023    i.vPortSetupTimerInterrupt  port.o
    0x08005454   0x08005454   0x00000054   Code   RO         6024    i.vPortValidateInterruptPriority  port.o
    0x080054a8   0x080054a8   0x00000028   Code   RO         4524    i.vQueueAddToRegistry  queue.o
    0x080054d0   0x080054d0   0x0000002e   Code   RO         4525    i.vQueueDelete      queue.o
    0x080054fe   0x080054fe   0x00000002   PAD
    0x08005500   0x08005500   0x00000028   Code   RO         4527    i.vQueueUnregisterQueue  queue.o
    0x08005528   0x08005528   0x00000044   Code   RO         4528    i.vQueueWaitForMessageRestricted  queue.o
    0x0800556c   0x0800556c   0x0000004c   Code   RO         4935    i.vTaskDelay        tasks.o
    0x080055b8   0x080055b8   0x00000010   Code   RO         4940    i.vTaskInternalSetTimeOutState  tasks.o
    0x080055c8   0x080055c8   0x0000000c   Code   RO         4941    i.vTaskMissedYield  tasks.o
    0x080055d4   0x080055d4   0x00000030   Code   RO         4943    i.vTaskPlaceOnEventList  tasks.o
    0x08005604   0x08005604   0x00000038   Code   RO         4944    i.vTaskPlaceOnEventListRestricted  tasks.o
    0x0800563c   0x0800563c   0x00000090   Code   RO         4946    i.vTaskPriorityDisinheritAfterTimeout  tasks.o
    0x080056cc   0x080056cc   0x00000088   Code   RO         4952    i.vTaskStartScheduler  tasks.o
    0x08005754   0x08005754   0x00000010   Code   RO         4954    i.vTaskSuspendAll   tasks.o
    0x08005764   0x08005764   0x00000064   Code   RO         4955    i.vTaskSwitchContext  tasks.o
    0x080057c8   0x080057c8   0x000000f4   Code   RO         6025    i.xPortStartScheduler  port.o
    0x080058bc   0x080058bc   0x0000002c   Code   RO         6026    i.xPortSysTickHandler  port.o
    0x080058e8   0x080058e8   0x0000003a   Code   RO         4529    i.xQueueCreateCountingSemaphore  queue.o
    0x08005922   0x08005922   0x00000040   Code   RO         4530    i.xQueueCreateCountingSemaphoreStatic  queue.o
    0x08005962   0x08005962   0x00000042   Code   RO         4533    i.xQueueGenericCreate  queue.o
    0x080059a4   0x080059a4   0x00000066   Code   RO         4534    i.xQueueGenericCreateStatic  queue.o
    0x08005a0a   0x08005a0a   0x00000002   PAD
    0x08005a0c   0x08005a0c   0x00000088   Code   RO         4535    i.xQueueGenericReset  queue.o
    0x08005a94   0x08005a94   0x00000160   Code   RO         4536    i.xQueueGenericSend  queue.o
    0x08005bf4   0x08005bf4   0x000000be   Code   RO         4537    i.xQueueGenericSendFromISR  queue.o
    0x08005cb2   0x08005cb2   0x0000009c   Code   RO         4540    i.xQueueGiveFromISR  queue.o
    0x08005d4e   0x08005d4e   0x00000002   PAD
    0x08005d50   0x08005d50   0x00000138   Code   RO         4546    i.xQueueReceive     queue.o
    0x08005e88   0x08005e88   0x00000178   Code   RO         4548    i.xQueueSemaphoreTake  queue.o
    0x08006000   0x08006000   0x00000074   Code   RO         4957    i.xTaskCheckForTimeOut  tasks.o
    0x08006074   0x08006074   0x00000060   Code   RO         4958    i.xTaskCreate       tasks.o
    0x080060d4   0x080060d4   0x00000056   Code   RO         4959    i.xTaskCreateStatic  tasks.o
    0x0800612a   0x0800612a   0x00000002   PAD
    0x0800612c   0x0800612c   0x0000001c   Code   RO         4963    i.xTaskGetSchedulerState  tasks.o
    0x08006148   0x08006148   0x0000000c   Code   RO         4964    i.xTaskGetTickCount  tasks.o
    0x08006154   0x08006154   0x000000c8   Code   RO         4966    i.xTaskIncrementTick  tasks.o
    0x0800621c   0x0800621c   0x00000080   Code   RO         4969    i.xTaskPriorityDisinherit  tasks.o
    0x0800629c   0x0800629c   0x00000078   Code   RO         4970    i.xTaskPriorityInherit  tasks.o
    0x08006314   0x08006314   0x00000070   Code   RO         4971    i.xTaskRemoveFromEventList  tasks.o
    0x08006384   0x08006384   0x000000c4   Code   RO         4972    i.xTaskResumeAll    tasks.o
    0x08006448   0x08006448   0x00000060   Code   RO         5297    i.xTimerCreateTimerTask  timers.o
    0x080064a8   0x080064a8   0x00000068   Code   RO         5298    i.xTimerGenericCommand  timers.o
    0x08006510   0x08006510   0x0000005a   Code   RO         6172    x$fpl$dfixu         fz_wm.l(dfixu.o)
    0x0800656a   0x0800656a   0x0000002e   Code   RO         6177    x$fpl$dflt          fz_wm.l(dflt_clz.o)
    0x08006598   0x08006598   0x00000154   Code   RO         6182    x$fpl$dmul          fz_wm.l(dmul.o)
    0x080066ec   0x080066ec   0x0000009c   Code   RO         6204    x$fpl$dnaninf       fz_wm.l(dnaninf.o)
    0x08006788   0x08006788   0x0000000c   Code   RO         6206    x$fpl$dretinf       fz_wm.l(dretinf.o)
    0x08006794   0x08006794   0x0000000a   Code   RO         6313    x$fpl$fpinit        fz_wm.l(fpinit.o)
    0x0800679e   0x0800679e   0x00000000   Code   RO         6208    x$fpl$usenofp       fz_wm.l(usenofp.o)
    0x0800679e   0x0800679e   0x00000002   PAD
    0x080067a0   0x080067a0   0x000000ec   Data   RO           39    .constdata          main.o
    0x0800688c   0x0800688c   0x00000040   Data   RO         3951    .constdata          system_stm32l4xx.o
    0x080068cc   0x080068cc   0x00000008   Data   RO         3952    .constdata          system_stm32l4xx.o
    0x080068d4   0x080068d4   0x0000005b   Data   RO         4026    .constdata          vl53l1x_api.o
    0x0800692f   0x0800692f   0x00000028   Data   RO         6114    .constdata          c_w.l(_printf_hex_int.o)
    0x08006957   0x08006957   0x00000011   Data   RO         6149    .constdata          c_w.l(__printf_flags_ss_wp.o)
    0x08006968   0x08006968   0x0000006a   Data   RO           40    .conststring        main.o
    0x080069d2   0x080069d2   0x00000002   PAD
    0x080069d4   0x080069d4   0x00000020   Data   RO         6371    Region$$Table       anon$$obj.o


    Execution Region RW_IRAM2 (Exec base: 0x10000000, Load base: 0x08006b1c, Size: 0x00000000, Max: 0x00004000, ABSOLUTE)

    **** No section assigned to this execution region ****


    Execution Region RW_IRAM1 (Exec base: 0x20000000, Load base: 0x080069f4, Size: 0x000036f8, Max: 0x0000c000, ABSOLUTE)

    Exec Addr    Load Addr    Size         Type   Attr      Idx    E Section Name        Object

    0x20000000   0x080069f4   0x00000098   Data   RW           41    .data               main.o
    0x20000098   0x08006a8c   0x0000000c   Data   RW          557    .data               stm32l4xx_hal.o
    0x200000a4   0x08006a98   0x00000004   Data   RW         3953    .data               system_stm32l4xx.o
    0x200000a8   0x08006a9c   0x0000003c   Data   RW         4975    .data               tasks.o
    0x200000e4   0x08006ad8   0x00000014   Data   RW         5306    .data               timers.o
    0x200000f8   0x08006aec   0x00000004   Data   RW         5528    .data               cmsis_os2.o
    0x200000fc   0x08006af0   0x00000020   Data   RW         5971    .data               heap_4.o
    0x2000011c   0x08006b10   0x0000000c   Data   RW         6027    .data               port.o
    0x20000128        -       0x0000024c   Zero   RW           38    .bss                main.o
    0x20000374        -       0x0000004c   Zero   RW          491    .bss                stm32l4xx_hal_timebase_tim.o
    0x200003c0        -       0x00000040   Zero   RW         4550    .bss                queue.o
    0x20000400        -       0x000004c4   Zero   RW         4974    .bss                tasks.o
    0x200008c4        -       0x00000118   Zero   RW         5305    .bss                timers.o
    0x200009dc        -       0x000006b8   Zero   RW         5527    .bss                cmsis_os2.o
    0x20001094        -       0x00002000   Zero   RW         5970    .bss                heap_4.o
    0x20003094        -       0x00000060   Zero   RW         6243    .bss                c_w.l(libspace.o)
    0x200030f4   0x08006b1c   0x00000004   PAD
    0x200030f8        -       0x00000200   Zero   RW            2    HEAP                startup_stm32l432xx.o
    0x200032f8        -       0x00000400   Zero   RW            1    STACK               startup_stm32l432xx.o


==============================================================================

Image component sizes


      Code (inc. data)   RO Data    RW Data    ZI Data      Debug   Object Name

       566         22          0          4       1720      64652   cmsis_os2.o
         0          0          0          0          0      19512   event_groups.o
       472         24          0         32       8192       4903   heap_4.o
       138          0          0          0          0       3586   list.o
      3396        502        342        152        588     704312   main.o
       818         82          0         12          0      11557   port.o
      2320         28          0          0         64      25089   queue.o
        64         26        396          0       1536        848   startup_stm32l432xx.o
        94         14          0         12          0      10918   stm32l4xx_hal.o
       158         14          0          0          0      33086   stm32l4xx_hal_cortex.o
       860         42          0          0          0       5077   stm32l4xx_hal_gpio.o
      1760         40          0          0          0      12979   stm32l4xx_hal_i2c.o
       168          0          0          0          0       1923   stm32l4xx_hal_i2c_ex.o
       708         66          0          0          0       4680   stm32l4xx_hal_msp.o
        16          4          0          0          0        551   stm32l4xx_hal_pwr.o
       120         20          0          0          0       1374   stm32l4xx_hal_pwr_ex.o
      2124        108          0          0          0       7677   stm32l4xx_hal_rcc.o
       966         36          0          0          0       3465   stm32l4xx_hal_rcc_ex.o
      2282        148          0          0          0      18514   stm32l4xx_hal_tim.o
       246         16          0          0          0       3976   stm32l4xx_hal_tim_ex.o
       152         20          0          0         76       1491   stm32l4xx_hal_timebase_tim.o
      1250         48          0          0          0       6557   stm32l4xx_hal_uart.o
        30          6          0          0          0       3758   stm32l4xx_it.o
         0          0          0          0          0        420   stream_buffer.o
        16          4         72          4          0       1197   system_stm32l4xx.o
      2384        192          0         60       1220      29597   tasks.o
       972         80          0         20        280      29723   timers.o
       164          0          0          0          0       5757   vl53l1_platform.o
      1092         14         91          0          0      13264   vl53l1x_api.o

    ----------------------------------------------------------------------
     23392       1556        935        296      13676    1030443   Object Totals
         0          0         32          0          0          0   (incl. Generated)
        56          0          2          0          0          0   (incl. Padding)

    ----------------------------------------------------------------------

      Code (inc. data)   RO Data    RW Data    ZI Data      Debug   Library Member Name

        56          6          0          0          0         88   __2snprintf.o
         8          0          0          0          0         68   __main.o
       398          4         17          0          0         92   __printf_flags_ss_wp.o
        14          0          0          0          0         68   __printf_wp.o
         0          0          0          0          0          0   __rtentry.o
        12          0          0          0          0          0   __rtentry2.o
         6          0          0          0          0          0   __rtentry4.o
        52          8          0          0          0          0   __scatter.o
        26          0          0          0          0          0   __scatter_copy.o
        28          0          0          0          0          0   __scatter_zi.o
        44          0          0          0          0        108   _printf_char.o
        48          6          0          0          0         96   _printf_char_common.o
         6          0          0          0          0          0   _printf_d.o
       120         16          0          0          0         92   _printf_dec.o
        88          4         40          0          0         88   _printf_hex_int.o
       178          0          0          0          0         88   _printf_intcommon.o
        78          0          0          0          0        108   _printf_pad.o
         0          0          0          0          0          0   _printf_percent.o
         4          0          0          0          0          0   _printf_percent_end.o
         6          0          0          0          0          0   _printf_s.o
        82          0          0          0          0         80   _printf_str.o
         6          0          0          0          0          0   _printf_u.o
         6          0          0          0          0          0   _printf_x.o
        16          0          0          0          0         68   _snputc.o
        10          0          0          0          0         68   _sputc.o
        16          0          0          0          0         68   aeabi_memset.o
        18          0          0          0          0         80   exit.o
         6          0          0          0          0        152   heapauxi.o
         0          0          0          0          0          0   indicate_semi.o
         2          0          0          0          0          0   libinit.o
         6          0          0          0          0          0   libinit2.o
         2          0          0          0          0          0   libshutdown.o
         2          0          0          0          0          0   libshutdown2.o
         8          4          0          0         96         68   libspace.o
       238          0          0          0          0        100   lludivv7m.o
        68          0          0          0          0         68   rt_memclr.o
        78          0          0          0          0         80   rt_memclr_w.o
       138          0          0          0          0         68   rt_memcpy_v6.o
       100          0          0          0          0         80   rt_memcpy_w.o
         2          0          0          0          0          0   rtexit.o
        10          0          0          0          0          0   rtexit2.o
        12          4          0          0          0         68   sys_exit.o
        74          0          0          0          0         80   sys_stackheap_outer.o
         2          0          0          0          0         68   use_no_semi.o
        90          4          0          0          0        140   dfixu.o
        46          0          0          0          0        116   dflt_clz.o
       340         12          0          0          0        152   dmul.o
       156          4          0          0          0        140   dnaninf.o
        12          0          0          0          0        116   dretinf.o
        10          0          0          0          0        116   fpinit.o
         0          0          0          0          0          0   usenofp.o

    ----------------------------------------------------------------------
      2740         72         57          0        100       2872   Library Totals
        12          0          0          0          4          0   (incl. Padding)

    ----------------------------------------------------------------------

      Code (inc. data)   RO Data    RW Data    ZI Data      Debug   Library Name

      2074         52         57          0         96       2092   c_w.l
       654         20          0          0          0        780   fz_wm.l

    ----------------------------------------------------------------------
      2740         72         57          0        100       2872   Library Totals

    ----------------------------------------------------------------------

==============================================================================


      Code (inc. data)   RO Data    RW Data    ZI Data      Debug   

     26132       1628        992        296      13776    1010523   Grand Totals
     26132       1628        992        296      13776    1010523   ELF Image Totals
     26132       1628        992        296          0          0   ROM Totals

==============================================================================

    Total RO  Size (Code + RO Data)                27124 (  26.49kB)
    Total RW  Size (RW Data + ZI Data)             14072 (  13.74kB)
    Total ROM Size (Code + RO Data + RW Data)      27420 (  26.78kB)

==============================================================================

