<html>
<body>
<pre>
<h1>µVision Build Log</h1>
<h2>Tool Versions:</h2>
IDE-Version: µVision V5.36.0.0
Copyright (C) 2021 ARM Ltd and ARM Germany GmbH. All rights reserved.
License Information: fdsf sdf, sdf, LIC=----
 
Tool Versions:
Toolchain:       MDK-Lite  Version: 5.36.0.0
Toolchain Path:  C:\Users\Public\Documents\ARM\ARMCC\Bin
C Compiler:      Armcc.exe V5.06 update 7 (build 960)
Assembler:       Armasm.exe V5.06 update 7 (build 960)
Linker/Locator:  ArmLink.exe V5.06 update 7 (build 960)
Library Manager: ArmAr.exe V5.06 update 7 (build 960)
Hex Converter:   FromElf.exe V5.06 update 7 (build 960)
CPU DLL:         SARMCM3.DLL V5.36.0.0
Dialog DLL:      DCM.DLL V1.17.3.0
Target DLL:      STLink\ST-LINKIII-KEIL_SWO.dll V3.0.9.0
Dialog DLL:      TCM.DLL V1.53.0.0
 
<h2>Project:</h2>
C:\Users\yousseframi\Documents\soniccane\MDK-ARM\soniccane.uvprojx
Project File Date:  05/06/2026

<h2>Output:</h2>
*** Using Compiler 'V5.06 update 7 (build 960)', folder: 'C:\Users\Public\Documents\ARM\ARMCC\Bin'
Rebuild target 'soniccane'
assembling startup_stm32l432xx.s...
compiling gpio.c...
compiling stm32l4xx_it.c...
compiling stm32l4xx_hal_flash.c...
compiling usart.c...
compiling main.c...
compiling stm32l4xx_hal_flash_ramfunc.c...
compiling stm32l4xx_hal_msp.c...
compiling stm32l4xx_hal_i2c_ex.c...
compiling i2c.c...
compiling stm32l4xx_hal_flash_ex.c...
compiling tim.c...
compiling stm32l4xx_hal.c...
compiling stm32l4xx_hal_i2c.c...
compiling stm32l4xx_hal_rcc.c...
compiling stm32l4xx_hal_rcc_ex.c...
compiling stm32l4xx_hal_gpio.c...
compiling stm32l4xx_hal_pwr_ex.c...
compiling stm32l4xx_hal_uart_ex.c...
compiling VL53L1X_api.c...
compiling stm32l4xx_hal_cortex.c...
compiling stm32l4xx_hal_dma_ex.c...
compiling stm32l4xx_hal_dma.c...
compiling vl53l1_platform.c...
compiling system_stm32l4xx.c...
compiling stm32l4xx_hal_pwr.c...
compiling VL53L1X_calibration.c...
compiling stm32l4xx_hal_exti.c...
compiling stm32l4xx_hal_tim_ex.c...
compiling stm32l4xx_hal_uart.c...
compiling stm32l4xx_hal_tim.c...
linking...
Program Size: Code=16102 RO-data=722 RW-data=140 ZI-data=1940  
FromELF: creating hex file...
"soniccane\soniccane.axf" - 0 Error(s), 0 Warning(s).

<h2>Software Packages used:</h2>

Package Vendor: ARM
                http://www.keil.com/pack/ARM.CMSIS.5.8.0.pack
                ARM.CMSIS.5.8.0
                CMSIS (Common Microcontroller Software Interface Standard)
   * Component: CORE Version: 5.5.0

Package Vendor: Keil
                https://www.keil.com/pack/Keil.STM32L4xx_DFP.3.1.0.pack
                Keil.STM32L4xx_DFP.3.1.0
                STMicroelectronics STM32L4 Series Device Support

<h2>Collection of Component include folders:</h2>
  .\RTE\_soniccane
  C:\Users\Public\Downloads\ARM\CMSIS\5.8.0\CMSIS\Core\Include

<h2>Collection of Component Files used:</h2>

   * Component: ARM::CMSIS:CORE:5.5.0
      Include file:  CMSIS\Core\Include\tz_context.h
Build Time Elapsed:  00:00:22
</pre>
</body>
</html>
